stm32l4xx_ll_sdmmc.c:214:19:SDMMC_Init	8	static
stm32l4xx_ll_sdmmc.c:263:10:SDMMC_ReadFIFO	0	static
stm32l4xx_ll_sdmmc.c:275:19:SDMMC_WriteFIFO	0	static
stm32l4xx_ll_sdmmc.c:307:19:SDMMC_PowerState_ON	0	static
stm32l4xx_ll_sdmmc.c:320:19:SDMMC_PowerState_OFF	0	static
stm32l4xx_ll_sdmmc.c:337:10:SDMMC_GetPowerState	0	static
stm32l4xx_ll_sdmmc.c:350:19:SDMMC_SendCommand	0	static
stm32l4xx_ll_sdmmc.c:376:9:SDMMC_GetCommandResponse	0	static
stm32l4xx_ll_sdmmc.c:393:10:SDMMC_GetResponse	8	static
stm32l4xx_ll_sdmmc.c:414:19:SDMMC_DataConfig	0	static
stm32l4xx_ll_sdmmc.c:445:10:SDMMC_GetDataCounter	0	static
stm32l4xx_ll_sdmmc.c:455:10:SDMMC_GetFIFOCount	0	static
stm32l4xx_ll_sdmmc.c:470:19:SDMMC_SetSDMMCReadWaitMode	0	static
