stm32l4xx_ll_rtc.h:1304:22:LL_RTC_TIME_Config	32	static
stm32l4xx_ll_rtc.h:1638:22:LL_RTC_DATE_Config	36	static
stm32l4xx_ll_rtc.h:1775:22:LL_RTC_ALMA_SetDay	12	static
stm32l4xx_ll_rtc.h:1972:22:LL_RTC_ALMA_ConfigTime	32	static
stm32l4xx_ll_rtc.h:2350:22:LL_RTC_ALMB_ConfigTime	32	static
stm32l4xx_ll_rtc.h:2153:22:LL_RTC_ALMB_SetDay.isra.0	12	static
stm32l4xx_ll_rtc.c:270:6:LL_RTC_StructInit	0	static
stm32l4xx_ll_rtc.c:372:6:LL_RTC_TIME_StructInit	0	static
stm32l4xx_ll_rtc.c:460:6:LL_RTC_DATE_StructInit	0	static
stm32l4xx_ll_rtc.c:483:13:LL_RTC_ALMA_Init	24	static
stm32l4xx_ll_rtc.c:601:13:LL_RTC_ALMB_Init	24	static
stm32l4xx_ll_rtc.c:733:6:LL_RTC_ALMB_StructInit	0	static
stm32l4xx_ll_rtc.c:711:6:LL_RTC_ALMA_StructInit	0	static
stm32l4xx_ll_rtc.c:758:13:LL_RTC_EnterInitMode	16	static
stm32l4xx_ll_rtc.c:231:13:LL_RTC_Init	16	static
stm32l4xx_ll_rtc.c:802:13:LL_RTC_ExitInitMode	0	static
stm32l4xx_ll_rtc.c:829:13:LL_RTC_WaitForSynchro	16	static
stm32l4xx_ll_rtc.c:167:13:LL_RTC_DeInit	8	static
stm32l4xx_ll_rtc.c:290:13:LL_RTC_TIME_Init	24	static
stm32l4xx_ll_rtc.c:393:13:LL_RTC_DATE_Init	32	static
