stm32l4xx_hal_uart.c:534:13:HAL_UART_MspInit	0	static
stm32l4xx_hal_uart.c:549:13:HAL_UART_MspDeInit	0	static
stm32l4xx_hal_uart.c:497:19:HAL_UART_DeInit	16	static
stm32l4xx_hal_uart.c:783:19:HAL_UART_Transmit_IT	0	static
stm32l4xx_hal_uart.c:831:19:HAL_UART_Receive_IT	0	static
stm32l4xx_hal_uart.c:888:19:HAL_UART_Transmit_DMA	8	static
stm32l4xx_hal_uart.c:957:19:HAL_UART_Receive_DMA	16	static
stm32l4xx_hal_uart.c:1018:19:HAL_UART_DMAPause	0	static
stm32l4xx_hal_uart.c:1052:19:HAL_UART_DMAResume	0	static
stm32l4xx_hal_uart.c:1093:19:HAL_UART_DMAStop	8	static
stm32l4xx_hal_uart.c:1210:13:HAL_UART_TxCpltCallback	0	static
stm32l4xx_hal_uart.c:1799:13:UART_DMATransmitCplt	8	static
stm32l4xx_hal_uart.c:1225:13:HAL_UART_TxHalfCpltCallback	0	static
stm32l4xx_hal_uart.c:1828:13:UART_DMATxHalfCplt	8	static
stm32l4xx_hal_uart.c:1240:13:HAL_UART_RxCpltCallback	0	static
stm32l4xx_hal_uart.c:1840:13:UART_DMAReceiveCplt	8	static
stm32l4xx_hal_uart.c:1255:13:HAL_UART_RxHalfCpltCallback	0	static
stm32l4xx_hal_uart.c:1938:13:UART_DMARxHalfCplt	8	static
stm32l4xx_hal_uart.c:1270:13:HAL_UART_ErrorCallback	0	static
stm32l4xx_hal_uart.c:1950:13:UART_DMAError	8	static
stm32l4xx_hal_uart.c:1127:6:HAL_UART_IRQHandler	8	static
stm32l4xx_hal_uart.c:1356:6:HAL_MultiProcessor_EnterMuteMode	0	static
stm32l4xx_hal_uart.c:1366:19:HAL_HalfDuplex_EnableTransmitter	0	static
stm32l4xx_hal_uart.c:1390:19:HAL_HalfDuplex_EnableReceiver	0	static
stm32l4xx_hal_uart.c:1414:19:HAL_LIN_SendBreak	0	static
stm32l4xx_hal_uart.c:1462:23:HAL_UART_GetState	0	static
stm32l4xx_hal_uart.c:1473:10:HAL_UART_GetError	0	static
stm32l4xx_hal_uart.c:1494:19:UART_SetConfig	24	static
stm32l4xx_hal_uart.c:1685:6:UART_AdvFeatureConfig	8	static
stm32l4xx_hal_uart.c:1875:19:UART_WaitOnFlagUntilTimeout	24	static
stm32l4xx_hal_uart.c:625:19:HAL_UART_Transmit	16	static
stm32l4xx_hal_uart.c:703:19:HAL_UART_Receive	24	static
stm32l4xx_hal_uart.c:1759:19:UART_CheckIdleState	8	static
stm32l4xx_hal_uart.c:220:19:HAL_UART_Init	8	static
stm32l4xx_hal_uart.c:283:19:HAL_HalfDuplex_Init	8	static
stm32l4xx_hal_uart.c:346:19:HAL_LIN_Init	16	static
stm32l4xx_hal_uart.c:433:19:HAL_MultiProcessor_Init	16	static
stm32l4xx_hal_uart.c:1314:19:HAL_MultiProcessor_EnableMuteMode	4	static
stm32l4xx_hal_uart.c:1335:19:HAL_MultiProcessor_DisableMuteMode	4	static
