Archive member included to satisfy reference by file (symbol)

d:/program files d/truestudio for stm32 9.1.0/armtools/bin/../lib/gcc/arm-atollic-eabi/6.3.1/../../../../arm-atollic-eabi/lib/armv7e-m/fpu\libc_nano.a(lib_a-init.o)
                              Drivers\CMSIS\Device\ST\STM32L4xx\Source\Templates\gcc\startup_stm32l476xx.o (__libc_init_array)
d:/program files d/truestudio for stm32 9.1.0/armtools/bin/../lib/gcc/arm-atollic-eabi/6.3.1/../../../../arm-atollic-eabi/lib/armv7e-m/fpu\libc_nano.a(lib_a-malloc.o)
                              ApplicationSRC\usbd_storage.o (malloc)
d:/program files d/truestudio for stm32 9.1.0/armtools/bin/../lib/gcc/arm-atollic-eabi/6.3.1/../../../../arm-atollic-eabi/lib/armv7e-m/fpu\libc_nano.a(lib_a-memcpy-stub.o)
                              ApplicationSRC\usbd_storage.o (memcpy)
d:/program files d/truestudio for stm32 9.1.0/armtools/bin/../lib/gcc/arm-atollic-eabi/6.3.1/../../../../arm-atollic-eabi/lib/armv7e-m/fpu\libc_nano.a(lib_a-memset.o)
                              ApplicationSRC\bsp_driver_sd.o (memset)
d:/program files d/truestudio for stm32 9.1.0/armtools/bin/../lib/gcc/arm-atollic-eabi/6.3.1/../../../../arm-atollic-eabi/lib/armv7e-m/fpu\libc_nano.a(lib_a-mktime.o)
                              ApplicationSRC\sensor.o (mktime)
d:/program files d/truestudio for stm32 9.1.0/armtools/bin/../lib/gcc/arm-atollic-eabi/6.3.1/../../../../arm-atollic-eabi/lib/armv7e-m/fpu\libc_nano.a(lib_a-nano-freer.o)
                              d:/program files d/truestudio for stm32 9.1.0/armtools/bin/../lib/gcc/arm-atollic-eabi/6.3.1/../../../../arm-atollic-eabi/lib/armv7e-m/fpu\libc_nano.a(lib_a-malloc.o) (_free_r)
d:/program files d/truestudio for stm32 9.1.0/armtools/bin/../lib/gcc/arm-atollic-eabi/6.3.1/../../../../arm-atollic-eabi/lib/armv7e-m/fpu\libc_nano.a(lib_a-nano-mallocr.o)
                              d:/program files d/truestudio for stm32 9.1.0/armtools/bin/../lib/gcc/arm-atollic-eabi/6.3.1/../../../../arm-atollic-eabi/lib/armv7e-m/fpu\libc_nano.a(lib_a-malloc.o) (_malloc_r)
d:/program files d/truestudio for stm32 9.1.0/armtools/bin/../lib/gcc/arm-atollic-eabi/6.3.1/../../../../arm-atollic-eabi/lib/armv7e-m/fpu\libc_nano.a(lib_a-sbrkr.o)
                              d:/program files d/truestudio for stm32 9.1.0/armtools/bin/../lib/gcc/arm-atollic-eabi/6.3.1/../../../../arm-atollic-eabi/lib/armv7e-m/fpu\libc_nano.a(lib_a-nano-mallocr.o) (_sbrk_r)
d:/program files d/truestudio for stm32 9.1.0/armtools/bin/../lib/gcc/arm-atollic-eabi/6.3.1/../../../../arm-atollic-eabi/lib/armv7e-m/fpu\libc_nano.a(lib_a-sprintf.o)
                              ApplicationSRC\main.o (sprintf)
d:/program files d/truestudio for stm32 9.1.0/armtools/bin/../lib/gcc/arm-atollic-eabi/6.3.1/../../../../arm-atollic-eabi/lib/armv7e-m/fpu\libc_nano.a(lib_a-sscanf.o)
                              ApplicationSRC\sensor.o (sscanf)
d:/program files d/truestudio for stm32 9.1.0/armtools/bin/../lib/gcc/arm-atollic-eabi/6.3.1/../../../../arm-atollic-eabi/lib/armv7e-m/fpu\libc_nano.a(lib_a-stdio.o)
                              d:/program files d/truestudio for stm32 9.1.0/armtools/bin/../lib/gcc/arm-atollic-eabi/6.3.1/../../../../arm-atollic-eabi/lib/armv7e-m/fpu\libc_nano.a(lib_a-sscanf.o) (__seofread)
d:/program files d/truestudio for stm32 9.1.0/armtools/bin/../lib/gcc/arm-atollic-eabi/6.3.1/../../../../arm-atollic-eabi/lib/armv7e-m/fpu\libc_nano.a(lib_a-strcpy.o)
                              ApplicationSRC\main.o (strcpy)
d:/program files d/truestudio for stm32 9.1.0/armtools/bin/../lib/gcc/arm-atollic-eabi/6.3.1/../../../../arm-atollic-eabi/lib/armv7e-m/fpu\libc_nano.a(lib_a-strlen.o)
                              ApplicationSRC\sensor.o (strlen)
d:/program files d/truestudio for stm32 9.1.0/armtools/bin/../lib/gcc/arm-atollic-eabi/6.3.1/../../../../arm-atollic-eabi/lib/armv7e-m/fpu\libc_nano.a(lib_a-strstr.o)
                              ApplicationSRC\sensor.o (strstr)
d:/program files d/truestudio for stm32 9.1.0/armtools/bin/../lib/gcc/arm-atollic-eabi/6.3.1/../../../../arm-atollic-eabi/lib/armv7e-m/fpu\libc_nano.a(lib_a-tzcalc_limits.o)
                              d:/program files d/truestudio for stm32 9.1.0/armtools/bin/../lib/gcc/arm-atollic-eabi/6.3.1/../../../../arm-atollic-eabi/lib/armv7e-m/fpu\libc_nano.a(lib_a-mktime.o) (__tzcalc_limits)
d:/program files d/truestudio for stm32 9.1.0/armtools/bin/../lib/gcc/arm-atollic-eabi/6.3.1/../../../../arm-atollic-eabi/lib/armv7e-m/fpu\libc_nano.a(lib_a-tzlock.o)
                              d:/program files d/truestudio for stm32 9.1.0/armtools/bin/../lib/gcc/arm-atollic-eabi/6.3.1/../../../../arm-atollic-eabi/lib/armv7e-m/fpu\libc_nano.a(lib_a-mktime.o) (__tz_lock)
d:/program files d/truestudio for stm32 9.1.0/armtools/bin/../lib/gcc/arm-atollic-eabi/6.3.1/../../../../arm-atollic-eabi/lib/armv7e-m/fpu\libc_nano.a(lib_a-tzset.o)
[...]
Memory Configuration

Name             Origin             Length             Attributes
FLASH            0x08000000         0x00080000         xr
RAM              0x20000000         0x00018000         xrw
RAM2             0x10000000         0x00008000         rw
MEMORY_B1        0x60000000         0x00000000         xr
*default*        0x00000000         0xffffffff

Linker script and memory map

LOAD d:/program files d/truestudio for stm32 9.1.0/armtools/bin/../lib/gcc/arm-atollic-eabi/6.3.1/armv7e-m/fpu/crti.o
LOAD d:/program files d/truestudio for stm32 9.1.0/armtools/bin/../lib/gcc/arm-atollic-eabi/6.3.1/armv7e-m/fpu/crtbegin.o
LOAD ApplicationSRC\StateFormulas.o
LOAD ApplicationSRC\bsp_driver_sd.o
LOAD ApplicationSRC\controller.o
LOAD ApplicationSRC\fatfs.o
LOAD ApplicationSRC\gpio_functions.o
LOAD ApplicationSRC\main.o
LOAD ApplicationSRC\peripherals.o
LOAD ApplicationSRC\sensor.o
LOAD ApplicationSRC\stm32l4xx_hal_msp.o
LOAD ApplicationSRC\stm32l4xx_it.o
LOAD ApplicationSRC\system_stm32l4xx.o
LOAD ApplicationSRC\time_functions.o
LOAD ApplicationSRC\usbd_conf.o
LOAD ApplicationSRC\usbd_desc.o
LOAD ApplicationSRC\usbd_storage.o
LOAD Drivers\CMSIS\Device\ST\STM32L4xx\Source\Templates\gcc\startup_stm32l476xx.o
LOAD Drivers\STM32L4xx_HAL_Driver\Src\stm32l4xx_hal.o
LOAD Drivers\STM32L4xx_HAL_Driver\Src\stm32l4xx_hal_cortex.o
LOAD Drivers\STM32L4xx_HAL_Driver\Src\stm32l4xx_hal_dma.o
LOAD Drivers\STM32L4xx_HAL_Driver\Src\stm32l4xx_hal_flash.o
LOAD Drivers\STM32L4xx_HAL_Driver\Src\stm32l4xx_hal_flash_ex.o
LOAD Drivers\STM32L4xx_HAL_Driver\Src\stm32l4xx_hal_flash_ramfunc.o
LOAD Drivers\STM32L4xx_HAL_Driver\Src\stm32l4xx_hal_gpio.o
LOAD Drivers\STM32L4xx_HAL_Driver\Src\stm32l4xx_hal_i2c.o
LOAD Drivers\STM32L4xx_HAL_Driver\Src\stm32l4xx_hal_i2c_ex.o
LOAD Drivers\STM32L4xx_HAL_Driver\Src\stm32l4xx_hal_pcd.o
LOAD Drivers\STM32L4xx_HAL_Driver\Src\stm32l4xx_hal_pcd_ex.o
LOAD Drivers\STM32L4xx_HAL_Driver\Src\stm32l4xx_hal_pwr.o
LOAD Drivers\STM32L4xx_HAL_Driver\Src\stm32l4xx_hal_pwr_ex.o
LOAD Drivers\STM32L4xx_HAL_Driver\Src\stm32l4xx_hal_rcc.o
LOAD Drivers\STM32L4xx_HAL_Driver\Src\stm32l4xx_hal_rcc_ex.o
LOAD Drivers\STM32L4xx_HAL_Driver\Src\stm32l4xx_hal_sd.o
LOAD Drivers\STM32L4xx_HAL_Driver\Src\stm32l4xx_hal_tim.o
LOAD Drivers\STM32L4xx_HAL_Driver\Src\stm32l4xx_hal_tim_ex.o
LOAD Drivers\STM32L4xx_HAL_Driver\Src\stm32l4xx_hal_uart.o
LOAD Drivers\STM32L4xx_HAL_Driver\Src\stm32l4xx_ll_adc.o
LOAD Drivers\STM32L4xx_HAL_Driver\Src\stm32l4xx_ll_comp.o
LOAD Drivers\STM32L4xx_HAL_Driver\Src\stm32l4xx_ll_dac.o
LOAD Drivers\STM32L4xx_HAL_Driver\Src\stm32l4xx_ll_dma.o
LOAD Drivers\STM32L4xx_HAL_Driver\Src\stm32l4xx_ll_exti.o
LOAD Drivers\STM32L4xx_HAL_Driver\Src\stm32l4xx_ll_gpio.o
LOAD Drivers\STM32L4xx_HAL_Driver\Src\stm32l4xx_ll_i2c.o
LOAD Drivers\STM32L4xx_HAL_Driver\Src\stm32l4xx_ll_lptim.o
LOAD Drivers\STM32L4xx_HAL_Driver\Src\stm32l4xx_ll_lpuart.o
LOAD Drivers\STM32L4xx_HAL_Driver\Src\stm32l4xx_ll_rcc.o
LOAD Drivers\STM32L4xx_HAL_Driver\Src\stm32l4xx_ll_rtc.o
LOAD Drivers\STM32L4xx_HAL_Driver\Src\stm32l4xx_ll_sdmmc.o
LOAD Drivers\STM32L4xx_HAL_Driver\Src\stm32l4xx_ll_spi.o
LOAD Drivers\STM32L4xx_HAL_Driver\Src\stm32l4xx_ll_usart.o
LOAD Drivers\STM32L4xx_HAL_Driver\Src\stm32l4xx_ll_usb.o
LOAD Drivers\STM32L4xx_HAL_Driver\Src\stm32l4xx_ll_utils.o
LOAD Middlewares\ST\STM32_USB_Device_Library\Class\MSC\Src\usbd_msc.o
LOAD Middlewares\ST\STM32_USB_Device_Library\Class\MSC\Src\usbd_msc_bot.o
LOAD Middlewares\ST\STM32_USB_Device_Library\Class\MSC\Src\usbd_msc_data.o
LOAD Middlewares\ST\STM32_USB_Device_Library\Class\MSC\Src\usbd_msc_scsi.o
LOAD Middlewares\ST\STM32_USB_Device_Library\Core\Src\usbd_core.o
LOAD Middlewares\ST\STM32_USB_Device_Library\Core\Src\usbd_ctlreq.o
LOAD Middlewares\ST\STM32_USB_Device_Library\Core\Src\usbd_ioreq.o
LOAD Middlewares\Third_Party\FatFs\src\diskio.o
LOAD Middlewares\Third_Party\FatFs\src\drivers\sd_diskio.o
LOAD Middlewares\Third_Party\FatFs\src\ff.o
LOAD Middlewares\Third_Party\FatFs\src\ff_gen_drv.o
LOAD Middlewares\Third_Party\FatFs\src\option\syscall.o
                0x00000080                malloc_getpagesize_P = 0x80
START GROUP
LOAD d:/program files d/truestudio for stm32 9.1.0/armtools/bin/../lib/gcc/arm-atollic-eabi/6.3.1/../../../../arm-atollic-eabi/lib/armv7e-m/fpu\libc_nano.a
LOAD d:/program files d/truestudio for stm32 9.1.0/armtools/bin/../lib/gcc/arm-atollic-eabi/6.3.1/../../../../arm-atollic-eabi/lib/armv7e-m/fpu\libm.a
END GROUP
START GROUP
LOAD d:/program files d/truestudio for stm32 9.1.0/armtools/bin/../lib/gcc/arm-atollic-eabi/6.3.1/armv7e-m/fpu\libgcc.a
LOAD d:/program files d/truestudio for stm32 9.1.0/armtools/bin/../lib/gcc/arm-atollic-eabi/6.3.1/../../../../arm-atollic-eabi/lib/armv7e-m/fpu\libc_nano.a
END GROUP
START GROUP
LOAD d:/program files d/truestudio for stm32 9.1.0/armtools/bin/../lib/gcc/arm-atollic-eabi/6.3.1/armv7e-m/fpu\libgcc.a
LOAD d:/program files d/truestudio for stm32 9.1.0/armtools/bin/../lib/gcc/arm-atollic-eabi/6.3.1/../../../../arm-atollic-eabi/lib/armv7e-m/fpu\libc_nano.a
LOAD d:/program files d/truestudio for stm32 9.1.0/armtools/bin/../lib/gcc/arm-atollic-eabi/6.3.1/../../../../arm-atollic-eabi/lib/armv7e-m/fpu\libnosys.a
END GROUP
START GROUP
LOAD d:/program files d/truestudio for stm32 9.1.0/armtools/bin/../lib/gcc/arm-atollic-eabi/6.3.1/armv7e-m/fpu\libgcc.a
LOAD d:/program files d/truestudio for stm32 9.1.0/armtools/bin/../lib/gcc/arm-atollic-eabi/6.3.1/../../../../arm-atollic-eabi/lib/armv7e-m/fpu\libc_nano.a
LOAD d:/program files d/truestudio for stm32 9.1.0/armtools/bin/../lib/gcc/arm-atollic-eabi/6.3.1/../../../../arm-atollic-eabi/lib/armv7e-m/fpu\libnosys.a
END GROUP
LOAD d:/program files d/truestudio for stm32 9.1.0/armtools/bin/../lib/gcc/arm-atollic-eabi/6.3.1/armv7e-m/fpu/crtend.o
LOAD d:/program files d/truestudio for stm32 9.1.0/armtools/bin/../lib/gcc/arm-atollic-eabi/6.3.1/armv7e-m/fpu/crtn.o
                0x20018000                _estack = 0x20018000
                0x00001000                _Min_Heap_Size = 0x1000
                0x00002000                _Min_Stack_Size = 0x2000

.isr_vector     0x08000000      0x188
                0x08000000                . = ALIGN (0x4)
 *(.isr_vector)
 .isr_vector    0x08000000      0x188 Drivers\CMSIS\Device\ST\STM32L4xx\Source\Templates\gcc\startup_stm32l476xx.o
                0x08000000                g_pfnVectors
                0x08000188                . = ALIGN (0x4)

.text           0x08000190     0xb7bc
                0x08000190                . = ALIGN (0x4)
 *(.text)
 .text          0x08000190       0x40 d:/program files d/truestudio for stm32 9.1.0/armtools/bin/../lib/gcc/arm-atollic-eabi/6.3.1/armv7e-m/fpu/crtbegin.o
 .text          0x080001d0       0x10 d:/program files d/truestudio for stm32 9.1.0/armtools/bin/../lib/gcc/arm-atollic-eabi/6.3.1/../../../../arm-atollic-eabi/lib/armv7e-m/fpu\libc_nano.a(lib_a-strlen.o)
                0x080001d0                strlen
 .text          0x080001e0       0xa0 d:/program files d/truestudio for stm32 9.1.0/armtools/bin/../lib/gcc/arm-atollic-eabi/6.3.1/../../../../arm-atollic-eabi/lib/armv7e-m/fpu\libc_nano.a(lib_a-memchr.o)
                0x080001e0                memchr
 .text          0x08000280      0x370 d:/program files d/truestudio for stm32 9.1.0/armtools/bin/../lib/gcc/arm-atollic-eabi/6.3.1/armv7e-m/fpu\libgcc.a(_arm_addsubdf3.o)
                0x08000280                __aeabi_drsub
                0x08000288                __aeabi_dsub
                0x08000288                __subdf3
                0x0800028c                __aeabi_dadd
                0x0800028c                __adddf3
                0x08000504                __floatunsidf
                0x08000504                __aeabi_ui2d
                0x08000524                __floatsidf
                0x08000524                __aeabi_i2d
                0x08000548                __aeabi_f2d
                0x08000548                __extendsfdf2
                0x08000584                __floatundidf
                0x08000584                __aeabi_ul2d
                0x08000594                __floatdidf
                0x08000594                __aeabi_l2d
 .text          0x080005f0      0x424 d:/program files d/truestudio for stm32 9.1.0/armtools/bin/../lib/gcc/arm-atollic-eabi/6.3.1/armv7e-m/fpu\libgcc.a(_arm_muldivdf3.o)
                0x080005f0                __aeabi_dmul
                0x080005f0                __muldf3
                0x08000844                __divdf3
                0x08000844                __aeabi_ddiv
 .text          0x08000a14      0x110 d:/program files d/truestudio for stm32 9.1.0/armtools/bin/../lib/gcc/arm-atollic-eabi/6.3.1/armv7e-m/fpu\libgcc.a(_arm_cmpdf2.o)
                0x08000a14                __gtdf2
                0x08000a14                __gedf2
                0x08000a1c                __ltdf2
                0x08000a1c                __ledf2
                0x08000a24                __nedf2
                0x08000a24                __eqdf2
                0x08000a24                __cmpdf2
                0x08000aa0                __aeabi_cdrcmple
                0x08000ab0                __aeabi_cdcmpeq
                0x08000ab0                __aeabi_cdcmple
                0x08000ac0                __aeabi_dcmpeq
                0x08000ad4                __aeabi_dcmplt
                0x08000ae8                __aeabi_dcmple
                0x08000afc                __aeabi_dcmpge
                0x08000b10                __aeabi_dcmpgt
 .text          0x08000b24       0x50 d:/program files d/truestudio for stm32 9.1.0/armtools/bin/../lib/gcc/arm-atollic-eabi/6.3.1/armv7e-m/fpu\libgcc.a(_arm_fixdfsi.o)
                0x08000b24                __aeabi_d2iz
                0x08000b24                __fixdfsi
 .text          0x08000b74       0x40 d:/program files d/truestudio for stm32 9.1.0/armtools/bin/../lib/gcc/arm-atollic-eabi/6.3.1/armv7e-m/fpu\libgcc.a(_arm_fixunsdfsi.o)
                0x08000b74                __aeabi_d2uiz
                0x08000b74                __fixunsdfsi
 .text          0x08000bb4       0xa0 d:/program files d/truestudio for stm32 9.1.0/armtools/bin/../lib/gcc/arm-atollic-eabi/6.3.1/armv7e-m/fpu\libgcc.a(_arm_truncdfsf2.o)
                0x08000bb4                __truncdfsf2
                0x08000bb4                __aeabi_d2f
 .text          0x08000c54       0x30 d:/program files d/truestudio for stm32 9.1.0/armtools/bin/../lib/gcc/arm-atollic-eabi/6.3.1/armv7e-m/fpu\libgcc.a(_aeabi_uldivmod.o)
                0x08000c54                __aeabi_uldivmod
 .text          0x08000c84      0x2dc d:/program files d/truestudio for stm32 9.1.0/armtools/bin/../lib/gcc/arm-atollic-eabi/6.3.1/armv7e-m/fpu\libgcc.a(_udivmoddi4.o)
                0x08000c84                __udivmoddi4
 .text          0x08000f60        0x4 d:/program files d/truestudio for stm32 9.1.0/armtools/bin/../lib/gcc/arm-atollic-eabi/6.3.1/armv7e-m/fpu\libgcc.a(_dvmd_tls.o)
                0x08000f60                __aeabi_idiv0
                0x08000f60                __aeabi_ldiv0
 *(.text*)
 .text.Impedance
                0x08000f64       0x5a ApplicationSRC\StateFormulas.o
                0x08000f64                Impedance
 *fill*         0x08000fbe        0x2 
 .text.RateLimiter
                0x08000fc0       0xa4 ApplicationSRC\StateFormulas.o
                0x08000fc0                RateLimiter
 .text.BSP_SD_IsDetected
                0x08001064       0x28 ApplicationSRC\bsp_driver_sd.o
                0x08001064                BSP_SD_IsDetected
 .text.BSP_SD_IRQHandler
                0x0800108c        0xc ApplicationSRC\bsp_driver_sd.o
                0x0800108c                BSP_SD_IRQHandler
 .text.BSP_SD_DMA_Tx_IRQHandler
                0x08001098        0xc ApplicationSRC\bsp_driver_sd.o
                0x08001098                BSP_SD_DMA_Tx_IRQHandler
 .text.BSP_SD_DMA_Rx_IRQHandler
                0x080010a4        0xc ApplicationSRC\bsp_driver_sd.o
                0x080010a4                BSP_SD_DMA_Rx_IRQHandler
 .text.BSP_SD_GetStatus
                0x080010b0        0xc ApplicationSRC\bsp_driver_sd.o
                0x080010b0                BSP_SD_GetStatus
 .text.BSP_SD_GetCardInfo
                0x080010bc        0xc ApplicationSRC\bsp_driver_sd.o
                0x080010bc                BSP_SD_GetCardInfo
 .text.SD_DMAConfigRx
                0x080010c8       0x64 ApplicationSRC\bsp_driver_sd.o
                0x080010c8                SD_DMAConfigRx
 .text.BSP_SD_ReadBlocks_DMA
                0x0800112c       0x4c ApplicationSRC\bsp_driver_sd.o
                0x0800112c                BSP_SD_ReadBlocks_DMA
 .text.SD_DMAConfigTx
                0x08001178       0x64 ApplicationSRC\bsp_driver_sd.o
                0x08001178                SD_DMAConfigTx
 .text.BSP_SD_Init
                0x080011dc      0x100 ApplicationSRC\bsp_driver_sd.o
                0x080011dc                BSP_SD_Init
 .text.BSP_SD_WriteBlocks_DMA
                0x080012dc       0x4c ApplicationSRC\bsp_driver_sd.o
                0x080012dc                BSP_SD_WriteBlocks_DMA
 .text.controller_impedance
                0x08001328      0x360 ApplicationSRC\controller.o
                0x08001328                controller_impedance
 .text.get_fattime
                0x08001688        0x4 ApplicationSRC\fatfs.o
                0x08001688                get_fattime
 .text.LL_AHB2_GRP1_EnableClock
                0x0800168c       0x1c ApplicationSRC\gpio_functions.o
 .text.MX_GPIO_Init
                0x080016a8      0x150 ApplicationSRC\gpio_functions.o
                0x080016a8                MX_GPIO_Init
 .text.RED_LED_OFF
                0x080017f8        0xa ApplicationSRC\gpio_functions.o
                0x080017f8                RED_LED_OFF
 .text.MOTOR2_DIR_HIGH
                0x08001802        0xa ApplicationSRC\gpio_functions.o
                0x08001802                MOTOR2_DIR_HIGH
 .text.MOTOR2_DIR_LOW
                0x0800180c        0xa ApplicationSRC\gpio_functions.o
                0x0800180c                MOTOR2_DIR_LOW
 .text.GREEN_LED_OFF
                0x08001816        0xa ApplicationSRC\gpio_functions.o
                0x08001816                GREEN_LED_OFF
 .text.BLUE_LED_OFF
                0x08001820        0xc ApplicationSRC\gpio_functions.o
                0x08001820                BLUE_LED_OFF
 .text.ALL_LED_OFF
                0x0800182c       0x18 ApplicationSRC\gpio_functions.o
                0x0800182c                ALL_LED_OFF
 .text.ALL_LED_ON
                0x08001844       0x18 ApplicationSRC\gpio_functions.o
                0x08001844                ALL_LED_ON
 .text.GREEN_LED_ONLY
                0x0800185c       0x18 ApplicationSRC\gpio_functions.o
                0x0800185c                GREEN_LED_ONLY
 .text.RED_LED_ONLY
                0x08001874       0x18 ApplicationSRC\gpio_functions.o
                0x08001874                RED_LED_ONLY
 .text.BLUE_LED_ONLY
                0x0800188c       0x18 ApplicationSRC\gpio_functions.o
                0x0800188c                BLUE_LED_ONLY
 .text.VIOLET_LED_ONLY
                0x080018a4       0x18 ApplicationSRC\gpio_functions.o
                0x080018a4                VIOLET_LED_ONLY
 .text.SD_POWER_ON
                0x080018bc        0x2 ApplicationSRC\gpio_functions.o
                0x080018bc                SD_POWER_ON
 .text.SD_POWER_OFF
                0x080018be        0x2 ApplicationSRC\gpio_functions.o
                0x080018be                SD_POWER_OFF
 .text.EXTI9_5_IRQHandler
                0x080018c0       0x20 ApplicationSRC\main.o
                0x080018c0                EXTI9_5_IRQHandler
 .text.MOTOR2_Configure_TIMPWMOutput
                0x080018e0      0x164 ApplicationSRC\main.o
                0x080018e0                MOTOR2_Configure_TIMPWMOutput
 .text.PF_MOTOR2
                0x08001a44       0x38 ApplicationSRC\main.o
                0x08001a44                PF_MOTOR2
 .text.DF_MOTOR2
                0x08001a7c       0x38 ApplicationSRC\main.o
                0x08001a7c                DF_MOTOR2
 .text.Stop_MOTOR2
                0x08001ab4       0x18 ApplicationSRC\main.o
                0x08001ab4                Stop_MOTOR2
 *fill*         0x08001acc        0x4 
 .text.LPTIM2_IRQHandler
                0x08001ad0      0x30c ApplicationSRC\main.o
                0x08001ad0                LPTIM2_IRQHandler
 .text.MOTOR2_Configure_DutyCycle
                0x08001ddc       0x14 ApplicationSRC\main.o
                0x08001ddc                MOTOR2_Configure_DutyCycle
 .text.startup.main
                0x08001df0       0xf8 ApplicationSRC\main.o
                0x08001df0                main
 .text.NVIC_SystemReset
                0x08001ee8       0x24 ApplicationSRC\sensor.o
 .text.LL_ADC_REG_StartConversion
                0x08001f0c       0x12 ApplicationSRC\sensor.o
 *fill*         0x08001f1e        0x2 
 .text.LL_AHB2_GRP1_EnableClock
                0x08001f20       0x1c ApplicationSRC\sensor.o
 .text.LL_APB2_GRP1_EnableClock
                0x08001f3c       0x1c ApplicationSRC\sensor.o
 .text.LL_GPIO_SetPinMode
                0x08001f58       0x2c ApplicationSRC\sensor.o
 .text.LL_ADC_REG_SetSequencerRanks
                0x08001f84       0x3c ApplicationSRC\sensor.o
 .text.LL_ADC_SetChannelSamplingTime
                0x08001fc0       0x4e ApplicationSRC\sensor.o
 .text.LL_GPIO_SetAFPin_0_7
                0x0800200e       0x2c ApplicationSRC\sensor.o
 .text.LL_GPIO_SetPinPull
                0x0800203a       0x2c ApplicationSRC\sensor.o
 .text.LL_GPIO_SetPinSpeed.constprop.6
                0x08002066       0x2c ApplicationSRC\sensor.o
 *fill*         0x08002092        0x2 
 .text.LL_RTC_DATE_GetDay.constprop.8
                0x08002094       0x30 ApplicationSRC\sensor.o
 .text.LL_RTC_DATE_GetMonth.constprop.9
                0x080020c4       0x34 ApplicationSRC\sensor.o
 .text.LL_RTC_DATE_GetYear.constprop.10
                0x080020f8       0x34 ApplicationSRC\sensor.o
 .text.LL_RTC_TIME_GetSecond.constprop.11
                0x0800212c       0x30 ApplicationSRC\sensor.o
 .text.LL_RTC_TIME_GetMinute.constprop.12
                0x0800215c       0x34 ApplicationSRC\sensor.o
 .text.LL_RTC_TIME_GetHour.constprop.13
                0x08002190       0x34 ApplicationSRC\sensor.o
 .text.Configure_Interrupt
                0x080021c4       0x34 ApplicationSRC\sensor.o
                0x080021c4                Configure_Interrupt
 .text.Shut_Down_USB
                0x080021f8       0x3c ApplicationSRC\sensor.o
                0x080021f8                Shut_Down_USB
 .text.USB_Clock_Ready
                0x08002234       0x34 ApplicationSRC\sensor.o
                0x08002234                USB_Clock_Ready
 .text.DFU_Bypass
                0x08002268       0x58 ApplicationSRC\sensor.o
                0x08002268                DFU_Bypass
 .text.Prepare_Goto_Dormant_Mode
                0x080022c0       0x14 ApplicationSRC\sensor.o
                0x080022c0                Prepare_Goto_Dormant_Mode
 .text.GetNextIndex
                0x080022d4       0x60 ApplicationSRC\sensor.o
                0x080022d4                GetNextIndex
 .text.Try_FATFS_Mount
                0x08002334       0x5c ApplicationSRC\sensor.o
                0x08002334                Try_FATFS_Mount
 .text.file_reopen_sync
                0x08002390       0x30 ApplicationSRC\sensor.o
                0x08002390                file_reopen_sync
 .text.file_reopen
                0x080023c0       0x30 ApplicationSRC\sensor.o
                0x080023c0                file_reopen
 .text.file_mnt_reopen
                0x080023f0       0x50 ApplicationSRC\sensor.o
                0x080023f0                file_mnt_reopen
 .text.FATFS_Logstart_Ready
                0x08002440       0x5c ApplicationSRC\sensor.o
                0x08002440                FATFS_Logstart_Ready
 .text.SD_Sensor_write
                0x0800249c       0x70 ApplicationSRC\sensor.o
                0x0800249c                SD_Sensor_write
 .text.USB_MSC_Init_Start
                0x0800250c       0x44 ApplicationSRC\sensor.o
                0x0800250c                USB_MSC_Init_Start
 .text.USB_VCP_Init_Start
                0x08002550       0x44 ApplicationSRC\sensor.o
                0x08002550                USB_VCP_Init_Start
 .text.Read_RTC_Timestamp
                0x08002594       0xdc ApplicationSRC\sensor.o
                0x08002594                Read_RTC_Timestamp
 .text.update_FATFS_time
                0x08002670       0x64 ApplicationSRC\sensor.o
                0x08002670                update_FATFS_time
 .text.File_Close_Update_Unlink
                0x080026d4       0x2c ApplicationSRC\sensor.o
                0x080026d4                File_Close_Update_Unlink
 .text.Enter_RTC_InitMode
                0x08002700       0x14 ApplicationSRC\sensor.o
                0x08002700                Enter_RTC_InitMode
 .text.Exit_RTC_InitMode
                0x08002714       0x20 ApplicationSRC\sensor.o
                0x08002714                Exit_RTC_InitMode
 .text.MX_RTC_Init
                0x08002734       0xb4 ApplicationSRC\sensor.o
                0x08002734                MX_RTC_Init
 .text.Set_RTC_Calendar
                0x080027e8       0x70 ApplicationSRC\sensor.o
                0x080027e8                Set_RTC_Calendar
 .text.RTC_BAK_GetRegister
                0x08002858        0x8 ApplicationSRC\sensor.o
                0x08002858                RTC_BAK_GetRegister
 .text.USB_PA9_EXTI_conf
                0x08002860       0x40 ApplicationSRC\sensor.o
                0x08002860                USB_PA9_EXTI_conf
 .text.Wait_for_ADC_timeout_While_Datalog
                0x080028a0       0x28 ApplicationSRC\sensor.o
                0x080028a0                Wait_for_ADC_timeout_While_Datalog
 .text.Wait_for_ADC_TimeOut_
                0x080028c8       0x28 ApplicationSRC\sensor.o
                0x080028c8                Wait_for_ADC_TimeOut_
 .text.P_Activate_ADC1
                0x080028f0       0xd0 ApplicationSRC\sensor.o
                0x080028f0                P_Activate_ADC1
 .text.P_ADC1_conf_strain
                0x080029c0      0x10c ApplicationSRC\sensor.o
                0x080029c0                P_ADC1_conf_strain
 .text.P_ADC_Sensor_GPIO_Init
                0x08002acc       0x8c ApplicationSRC\sensor.o
                0x08002acc                P_ADC_Sensor_GPIO_Init
 .text.read_Toe_ADC
                0x08002b58       0x74 ApplicationSRC\sensor.o
                0x08002b58                read_Toe_ADC
 .text.read_Heel_ADC
                0x08002bcc       0x74 ApplicationSRC\sensor.o
                0x08002bcc                read_Heel_ADC
 .text.read_Load1_ADC
                0x08002c40       0x74 ApplicationSRC\sensor.o
                0x08002c40                read_Load1_ADC
 .text.read_Load2_ADC
                0x08002cb4       0x74 ApplicationSRC\sensor.o
                0x08002cb4                read_Load2_ADC
 .text.read_add1_ADC
                0x08002d28       0x74 ApplicationSRC\sensor.o
                0x08002d28                read_add1_ADC
 .text.read_add2_ADC
                0x08002d9c       0x74 ApplicationSRC\sensor.o
                0x08002d9c                read_add2_ADC
 .text.all_ADC_read_test
                0x08002e10       0x1e ApplicationSRC\sensor.o
                0x08002e10                all_ADC_read_test
 *fill*         0x08002e2e        0x2 
 .text.Configure_USART_1
                0x08002e30       0x74 ApplicationSRC\sensor.o
                0x08002e30                Configure_USART_1
 .text.USART1_wr_print
                0x08002ea4       0x2c ApplicationSRC\sensor.o
                0x08002ea4                USART1_wr_print
 .text.Clear_ErrorTimestamp_Buffer
                0x08002ed0       0x14 ApplicationSRC\sensor.o
                0x08002ed0                Clear_ErrorTimestamp_Buffer
 .text.Reset_All
                0x08002ee4       0x54 ApplicationSRC\sensor.o
                0x08002ee4                Reset_All
 .text.Save_ErrorTimestamp_Buffer
                0x08002f38       0x98 ApplicationSRC\sensor.o
                0x08002f38                Save_ErrorTimestamp_Buffer
 .text.AIM_Error_Handler
                0x08002fd0       0xf4 ApplicationSRC\sensor.o
                0x08002fd0                AIM_Error_Handler
 .text.FATFS_Init
                0x080030c4       0x40 ApplicationSRC\sensor.o
                0x080030c4                FATFS_Init
 .text.Check_SD_Command_File
                0x08003104      0x100 ApplicationSRC\sensor.o
                0x08003104                Check_SD_Command_File
 .text.Execute_VCP_Command
                0x08003204       0x5c ApplicationSRC\sensor.o
                0x08003204                Execute_VCP_Command
 .text.Open_File_For_Sensor_Write
                0x08003260       0x74 ApplicationSRC\sensor.o
                0x08003260                Open_File_For_Sensor_Write
 .text.Datalog_Sensor_Initialization
                0x080032d4       0x20 ApplicationSRC\sensor.o
                0x080032d4                Datalog_Sensor_Initialization
 .text.Prepare_Data_Log_State
                0x080032f4       0x68 ApplicationSRC\sensor.o
                0x080032f4                Prepare_Data_Log_State
 .text.USB_Init_Start
                0x0800335c       0xd0 ApplicationSRC\sensor.o
                0x0800335c                USB_Init_Start
 .text.AIM_DataStart_at_Reset
                0x0800342c       0x60 ApplicationSRC\sensor.o
                0x0800342c                AIM_DataStart_at_Reset
 .text.Enc2_GetPosition
                0x0800348c       0x74 ApplicationSRC\sensor.o
                0x0800348c                Enc2_GetPosition
 .text.HAL_MspInit
                0x08003500       0x8c ApplicationSRC\stm32l4xx_hal_msp.o
                0x08003500                HAL_MspInit
 .text.HAL_SD_MspInit
                0x0800358c       0x68 ApplicationSRC\stm32l4xx_hal_msp.o
                0x0800358c                HAL_SD_MspInit
 .text.NMI_Handler
                0x080035f4        0x2 ApplicationSRC\stm32l4xx_it.o
                0x080035f4                NMI_Handler
 .text.HardFault_Handler
                0x080035f6        0x2 ApplicationSRC\stm32l4xx_it.o
                0x080035f6                HardFault_Handler
 .text.MemManage_Handler
                0x080035f8        0x2 ApplicationSRC\stm32l4xx_it.o
                0x080035f8                MemManage_Handler
 .text.BusFault_Handler
                0x080035fa        0x2 ApplicationSRC\stm32l4xx_it.o
                0x080035fa                BusFault_Handler
 .text.UsageFault_Handler
                0x080035fc        0x2 ApplicationSRC\stm32l4xx_it.o
                0x080035fc                UsageFault_Handler
 .text.SVC_Handler
                0x080035fe        0x2 ApplicationSRC\stm32l4xx_it.o
                0x080035fe                SVC_Handler
 .text.DebugMon_Handler
                0x08003600        0x2 ApplicationSRC\stm32l4xx_it.o
                0x08003600                DebugMon_Handler
 .text.PendSV_Handler
                0x08003602        0x2 ApplicationSRC\stm32l4xx_it.o
                0x08003602                PendSV_Handler
 .text.SysTick_Handler
                0x08003604        0xe ApplicationSRC\stm32l4xx_it.o
                0x08003604                SysTick_Handler
 *fill*         0x08003612        0x2 
 .text.OTG_FS_IRQHandler
                0x08003614        0xc ApplicationSRC\stm32l4xx_it.o
                0x08003614                OTG_FS_IRQHandler
 .text.DMA2_Channel4_IRQHandler
                0x08003620       0x18 ApplicationSRC\stm32l4xx_it.o
                0x08003620                DMA2_Channel4_IRQHandler
 .text.SDMMC1_IRQHandler
                0x08003638        0x4 ApplicationSRC\stm32l4xx_it.o
                0x08003638                SDMMC1_IRQHandler
 .text.SystemInit
                0x0800363c       0x48 ApplicationSRC\system_stm32l4xx.o
                0x0800363c                SystemInit
 .text.LL_APB1_GRP1_EnableClock
                0x08003684       0x1c ApplicationSRC\time_functions.o
 .text.LL_RCC_SetUSBClockSource.constprop.3
                0x080036a0       0x14 ApplicationSRC\time_functions.o
 .text.delay_us
                0x080036b4       0x14 ApplicationSRC\time_functions.o
                0x080036b4                delay_us
 .text.Start_LPTIMCounter2
                0x080036c8       0x28 ApplicationSRC\time_functions.o
                0x080036c8                Start_LPTIMCounter2
 .text.LSE_ON   0x080036f0       0x1c ApplicationSRC\time_functions.o
                0x080036f0                LSE_ON
 .text.SystemClock_Config_MSI_80MHz
                0x0800370c       0xe0 ApplicationSRC\time_functions.o
                0x0800370c                SystemClock_Config_MSI_80MHz
 .text.Configure_LPTIM2_Int
                0x080037ec       0x4c ApplicationSRC\time_functions.o
                0x080037ec                Configure_LPTIM2_Int
 .text.HAL_PCD_MspInit
                0x08003838       0x7c ApplicationSRC\usbd_conf.o
                0x08003838                HAL_PCD_MspInit
 .text.HAL_PCD_MspDeInit
                0x080038b4       0x18 ApplicationSRC\usbd_conf.o
                0x080038b4                HAL_PCD_MspDeInit
 .text.HAL_PCD_SetupStageCallback
                0x080038cc        0xc ApplicationSRC\usbd_conf.o
                0x080038cc                HAL_PCD_SetupStageCallback
 .text.HAL_PCD_DataOutStageCallback
                0x080038d8       0x12 ApplicationSRC\usbd_conf.o
                0x080038d8                HAL_PCD_DataOutStageCallback
 .text.HAL_PCD_DataInStageCallback
                0x080038ea       0x10 ApplicationSRC\usbd_conf.o
                0x080038ea                HAL_PCD_DataInStageCallback
 .text.HAL_PCD_SOFCallback
                0x080038fa        0x8 ApplicationSRC\usbd_conf.o
                0x080038fa                HAL_PCD_SOFCallback
 .text.HAL_PCD_ResetCallback
                0x08003902       0x1a ApplicationSRC\usbd_conf.o
                0x08003902                HAL_PCD_ResetCallback
 .text.HAL_PCD_SuspendCallback
                0x0800391c        0x8 ApplicationSRC\usbd_conf.o
                0x0800391c                HAL_PCD_SuspendCallback
 .text.HAL_PCD_ResumeCallback
                0x08003924        0x8 ApplicationSRC\usbd_conf.o
                0x08003924                HAL_PCD_ResumeCallback
 .text.HAL_PCD_ISOOUTIncompleteCallback
                0x0800392c        0x8 ApplicationSRC\usbd_conf.o
                0x0800392c                HAL_PCD_ISOOUTIncompleteCallback
 .text.HAL_PCD_ISOINIncompleteCallback
                0x08003934        0x8 ApplicationSRC\usbd_conf.o
                0x08003934                HAL_PCD_ISOINIncompleteCallback
 .text.HAL_PCD_ConnectCallback
                0x0800393c        0x8 ApplicationSRC\usbd_conf.o
                0x0800393c                HAL_PCD_ConnectCallback
 .text.HAL_PCD_DisconnectCallback
                0x08003944        0x8 ApplicationSRC\usbd_conf.o
                0x08003944                HAL_PCD_DisconnectCallback
 .text.USBD_LL_Init
                0x0800394c       0x5c ApplicationSRC\usbd_conf.o
                0x0800394c                USBD_LL_Init
 .text.USBD_LL_DeInit
                0x080039a8        0xe ApplicationSRC\usbd_conf.o
                0x080039a8                USBD_LL_DeInit
 .text.USBD_LL_Start
                0x080039b6        0xe ApplicationSRC\usbd_conf.o
                0x080039b6                USBD_LL_Start
 .text.USBD_LL_Stop
                0x080039c4        0xe ApplicationSRC\usbd_conf.o
                0x080039c4                USBD_LL_Stop
 .text.USBD_LL_OpenEP
                0x080039d2       0x14 ApplicationSRC\usbd_conf.o
                0x080039d2                USBD_LL_OpenEP
 .text.USBD_LL_CloseEP
                0x080039e6        0xe ApplicationSRC\usbd_conf.o
                0x080039e6                USBD_LL_CloseEP
 .text.USBD_LL_FlushEP
                0x080039f4        0xe ApplicationSRC\usbd_conf.o
                0x080039f4                USBD_LL_FlushEP
 .text.USBD_LL_StallEP
                0x08003a02        0xe ApplicationSRC\usbd_conf.o
                0x08003a02                USBD_LL_StallEP
 .text.USBD_LL_ClearStallEP
                0x08003a10        0xe ApplicationSRC\usbd_conf.o
                0x08003a10                USBD_LL_ClearStallEP
 .text.USBD_LL_IsStallEP
                0x08003a1e       0x26 ApplicationSRC\usbd_conf.o
                0x08003a1e                USBD_LL_IsStallEP
 .text.USBD_LL_SetUSBAddress
                0x08003a44        0xe ApplicationSRC\usbd_conf.o
                0x08003a44                USBD_LL_SetUSBAddress
 .text.USBD_LL_Transmit
                0x08003a52        0xe ApplicationSRC\usbd_conf.o
                0x08003a52                USBD_LL_Transmit
 .text.USBD_LL_PrepareReceive
                0x08003a60        0xe ApplicationSRC\usbd_conf.o
                0x08003a60                USBD_LL_PrepareReceive
 .text.USBD_LL_GetRxDataSize
                0x08003a6e        0xc ApplicationSRC\usbd_conf.o
                0x08003a6e                USBD_LL_GetRxDataSize
 *fill*         0x08003a7a        0x2 
 .text.USBD_VCP_DeviceDescriptor
                0x08003a7c        0xc ApplicationSRC\usbd_desc.o
                0x08003a7c                USBD_VCP_DeviceDescriptor
 .text.USBD_MSC_DeviceDescriptor
                0x08003a88        0xc ApplicationSRC\usbd_desc.o
                0x08003a88                USBD_MSC_DeviceDescriptor
 .text.USBD_MSC_LangIDStrDescriptor
                0x08003a94        0xc ApplicationSRC\usbd_desc.o
                0x08003a94                USBD_MSC_LangIDStrDescriptor
 .text.IntToUnicode
                0x08003aa0       0x28 ApplicationSRC\usbd_desc.o
 .text.USBD_VCP_SerialStrDescriptor
                0x08003ac8       0x40 ApplicationSRC\usbd_desc.o
                0x08003ac8                USBD_VCP_SerialStrDescriptor
 .text.USBD_MSC_SerialStrDescriptor
                0x08003b08       0x40 ApplicationSRC\usbd_desc.o
                0x08003b08                USBD_MSC_SerialStrDescriptor
 .text.USBD_VCP_ProductStrDescriptor
                0x08003b48       0x1c ApplicationSRC\usbd_desc.o
                0x08003b48                USBD_VCP_ProductStrDescriptor
 .text.USBD_MSC_ProductStrDescriptor
                0x08003b64       0x1c ApplicationSRC\usbd_desc.o
                0x08003b64                USBD_MSC_ProductStrDescriptor
 .text.USBD_MSC_ManufacturerStrDescriptor
                0x08003b80       0x1c ApplicationSRC\usbd_desc.o
                0x08003b80                USBD_MSC_ManufacturerStrDescriptor
 .text.USBD_VCP_ConfigStrDescriptor
                0x08003b9c       0x1c ApplicationSRC\usbd_desc.o
                0x08003b9c                USBD_VCP_ConfigStrDescriptor
 .text.USBD_MSC_ConfigStrDescriptor
                0x08003bb8       0x1c ApplicationSRC\usbd_desc.o
                0x08003bb8                USBD_MSC_ConfigStrDescriptor
 .text.USBD_VCP_InterfaceStrDescriptor
                0x08003bd4       0x1c ApplicationSRC\usbd_desc.o
                0x08003bd4                USBD_VCP_InterfaceStrDescriptor
 .text.USBD_MSC_InterfaceStrDescriptor
                0x08003bf0       0x1c ApplicationSRC\usbd_desc.o
                0x08003bf0                USBD_MSC_InterfaceStrDescriptor
 .text.USBD_VCP_LangIDStrDescriptor
                0x08003c0c        0xc ApplicationSRC\usbd_desc.o
                0x08003c0c                USBD_VCP_LangIDStrDescriptor
 .text.USBD_VCP_ManufacturerStrDescriptor
                0x08003c18       0x1c ApplicationSRC\usbd_desc.o
                0x08003c18                USBD_VCP_ManufacturerStrDescriptor
 .text.STORAGE_IsWriteProtected
                0x08003c34        0x4 ApplicationSRC\usbd_storage.o
                0x08003c34                STORAGE_IsWriteProtected
 .text.STORAGE_GetMaxLun
                0x08003c38        0x4 ApplicationSRC\usbd_storage.o
                0x08003c38                STORAGE_GetMaxLun
 .text.USBD_CDC_DataIn
                0x08003c3c       0x12 ApplicationSRC\usbd_storage.o
 .text.USBD_CDC_EP0_RxReady
                0x08003c4e       0x28 ApplicationSRC\usbd_storage.o
 *fill*         0x08003c76        0x2 
 .text.USBD_CDC_GetFSCfgDesc
                0x08003c78        0xc ApplicationSRC\usbd_storage.o
 .text.USBD_CDC_GetHSCfgDesc
                0x08003c84        0xc ApplicationSRC\usbd_storage.o
 .text.USBD_CDC_GetOtherSpeedCfgDesc
                0x08003c90        0xc ApplicationSRC\usbd_storage.o
 .text.USBD_CDC_GetDeviceQualifierDescriptor
                0x08003c9c        0xc ApplicationSRC\usbd_storage.o
                0x08003c9c                USBD_CDC_GetDeviceQualifierDescriptor
 .text.STORAGE_Init
                0x08003ca8        0xa ApplicationSRC\usbd_storage.o
                0x08003ca8                STORAGE_Init
 .text.STORAGE_GetCapacity
                0x08003cb2       0x34 ApplicationSRC\usbd_storage.o
                0x08003cb2                STORAGE_GetCapacity
 .text.STORAGE_Read
                0x08003ce6       0x2c ApplicationSRC\usbd_storage.o
                0x08003ce6                STORAGE_Read
 .text.STORAGE_Write
                0x08003d12       0x2c ApplicationSRC\usbd_storage.o
                0x08003d12                STORAGE_Write
 .text.USBD_CDC_DataOut
                0x08003d3e       0x2e ApplicationSRC\usbd_storage.o
 .text.USBD_CDC_Setup
                0x08003d6c       0x68 ApplicationSRC\usbd_storage.o
 .text.USBD_CDC_DeInit
                0x08003dd4       0x3a ApplicationSRC\usbd_storage.o
 .text.USBD_CDC_Init
                0x08003e0e       0x8c ApplicationSRC\usbd_storage.o
 *fill*         0x08003e9a        0x2 
 .text.CDC_Itf_DeInit
                0x08003e9c       0x10 ApplicationSRC\usbd_storage.o
 .text.CDC_Itf_Init
                0x08003eac       0x58 ApplicationSRC\usbd_storage.o
 .text.STORAGE_IsReady
                0x08003f04       0x38 ApplicationSRC\usbd_storage.o
                0x08003f04                STORAGE_IsReady
 .text.CDC_Itf_Control
                0x08003f3c       0xd0 ApplicationSRC\usbd_storage.o
 .text.LL_RTC_DATE_GetDay.constprop.2
                0x0800400c       0x30 ApplicationSRC\usbd_storage.o
 .text.LL_RTC_DATE_GetMonth.constprop.3
                0x0800403c       0x34 ApplicationSRC\usbd_storage.o
 .text.LL_RTC_DATE_GetYear.constprop.4
                0x08004070       0x34 ApplicationSRC\usbd_storage.o
 .text.LL_RTC_TIME_GetSecond.constprop.5
                0x080040a4       0x30 ApplicationSRC\usbd_storage.o
 .text.LL_RTC_TIME_GetMinute.constprop.6
                0x080040d4       0x34 ApplicationSRC\usbd_storage.o
 .text.LL_RTC_TIME_GetHour.constprop.7
                0x08004108       0x34 ApplicationSRC\usbd_storage.o
 .text.USBD_CDC_RegisterInterface
                0x0800413c        0xe ApplicationSRC\usbd_storage.o
                0x0800413c                USBD_CDC_RegisterInterface
 .text.USBD_CDC_TransmitPacket
                0x0800414a       0x2e ApplicationSRC\usbd_storage.o
                0x0800414a                USBD_CDC_TransmitPacket
 .text.USBD_CDC_ReceivePacket
                0x08004178       0x26 ApplicationSRC\usbd_storage.o
                0x08004178                USBD_CDC_ReceivePacket
 *fill*         0x0800419e        0x2 
 .text.CDC_Itf_Receive
                0x080041a0      0x434 ApplicationSRC\usbd_storage.o
 .text.Reboot_Handler
                0x080045d4       0x24 Drivers\CMSIS\Device\ST\STM32L4xx\Source\Templates\gcc\startup_stm32l476xx.o
 .text.Reset_Handler
                0x080045f8       0x68 Drivers\CMSIS\Device\ST\STM32L4xx\Source\Templates\gcc\startup_stm32l476xx.o
                0x080045f8                Reset_Handler
 .text.Default_Handler
                0x08004660        0x2 Drivers\CMSIS\Device\ST\STM32L4xx\Source\Templates\gcc\startup_stm32l476xx.o
                0x08004660                RTC_Alarm_IRQHandler
                0x08004660                EXTI2_IRQHandler
                0x08004660                TIM8_TRG_COM_IRQHandler
                0x08004660                TIM8_CC_IRQHandler
                0x08004660                TIM1_CC_IRQHandler
                0x08004660                TSC_IRQHandler
                0x08004660                TAMP_STAMP_IRQHandler
                0x08004660                EXTI3_IRQHandler
                0x08004660                DFSDM1_FLT1_IRQHandler
                0x08004660                I2C3_ER_IRQHandler
                0x08004660                DFSDM1_FLT2_IRQHandler
                0x08004660                EXTI0_IRQHandler
                0x08004660                I2C2_EV_IRQHandler
                0x08004660                CAN1_RX0_IRQHandler
                0x08004660                FPU_IRQHandler
                0x08004660                TIM1_UP_TIM16_IRQHandler
                0x08004660                ADC1_2_IRQHandler
                0x08004660                SPI1_IRQHandler
                0x08004660                TIM6_DAC_IRQHandler
                0x08004660                TIM8_UP_IRQHandler
                0x08004660                DMA2_Channel2_IRQHandler
                0x08004660                DMA1_Channel4_IRQHandler
                0x08004660                SAI2_IRQHandler
                0x08004660                DFSDM1_FLT3_IRQHandler
                0x08004660                USART3_IRQHandler
                0x08004660                DMA1_Channel7_IRQHandler
                0x08004660                CAN1_RX1_IRQHandler
                0x08004660                LCD_IRQHandler
                0x08004660                UART5_IRQHandler
                0x08004660                ADC3_IRQHandler
                0x08004660                TIM4_IRQHandler
                0x08004660                DMA2_Channel1_IRQHandler
                0x08004660                QUADSPI_IRQHandler
                0x08004660                I2C1_EV_IRQHandler
                0x08004660                DMA1_Channel6_IRQHandler
                0x08004660                UART4_IRQHandler
                0x08004660                TIM3_IRQHandler
                0x08004660                RCC_IRQHandler
                0x08004660                DMA1_Channel1_IRQHandler
                0x08004660                Default_Handler
                0x08004660                DMA2_Channel7_IRQHandler
                0x08004660                EXTI15_10_IRQHandler
                0x08004660                TIM7_IRQHandler
                0x08004660                TIM5_IRQHandler
                0x08004660                I2C3_EV_IRQHandler
                0x08004660                RTC_WKUP_IRQHandler
                0x08004660                PVD_PVM_IRQHandler
                0x08004660                SPI2_IRQHandler
                0x08004660                CAN1_TX_IRQHandler
                0x08004660                DMA2_Channel5_IRQHandler
                0x08004660                DMA1_Channel5_IRQHandler
                0x08004660                EXTI4_IRQHandler
                0x08004660                RNG_IRQHandler
                0x08004660                TIM1_TRG_COM_TIM17_IRQHandler
                0x08004660                DMA1_Channel3_IRQHandler
                0x08004660                COMP_IRQHandler
                0x08004660                WWDG_IRQHandler
                0x08004660                LPUART1_IRQHandler
                0x08004660                DMA2_Channel6_IRQHandler
                0x08004660                TIM2_IRQHandler
                0x08004660                EXTI1_IRQHandler
                0x08004660                USART2_IRQHandler
                0x08004660                DFSDM1_FLT0_IRQHandler
                0x08004660                I2C2_ER_IRQHandler
                0x08004660                DMA1_Channel2_IRQHandler
                0x08004660                TIM8_BRK_IRQHandler
                0x08004660                CAN1_SCE_IRQHandler
                0x08004660                FLASH_IRQHandler
                0x08004660                USART1_IRQHandler
                0x08004660                SPI3_IRQHandler
                0x08004660                I2C1_ER_IRQHandler
                0x08004660                FMC_IRQHandler
                0x08004660                SWPMI1_IRQHandler
                0x08004660                LPTIM1_IRQHandler
                0x08004660                SAI1_IRQHandler
                0x08004660                DMA2_Channel3_IRQHandler
                0x08004660                TIM1_BRK_TIM15_IRQHandler
 *fill*         0x08004662        0x2 
 .text.HAL_InitTick
                0x08004664       0x28 Drivers\STM32L4xx_HAL_Driver\Src\stm32l4xx_hal.o
                0x08004664                HAL_InitTick
 .text.HAL_Init
                0x0800468c       0x16 Drivers\STM32L4xx_HAL_Driver\Src\stm32l4xx_hal.o
                0x0800468c                HAL_Init
 *fill*         0x080046a2        0x2 
 .text.HAL_IncTick
                0x080046a4       0x10 Drivers\STM32L4xx_HAL_Driver\Src\stm32l4xx_hal.o
                0x080046a4                HAL_IncTick
 .text.HAL_GetTick
                0x080046b4        0xc Drivers\STM32L4xx_HAL_Driver\Src\stm32l4xx_hal.o
                0x080046b4                HAL_GetTick
 .text.HAL_Delay
                0x080046c0       0x16 Drivers\STM32L4xx_HAL_Driver\Src\stm32l4xx_hal.o
                0x080046c0                HAL_Delay
 *fill*         0x080046d6        0x2 
 .text.HAL_ResumeTick
                0x080046d8       0x10 Drivers\STM32L4xx_HAL_Driver\Src\stm32l4xx_hal.o
                0x080046d8                HAL_ResumeTick
 .text.HAL_NVIC_SetPriorityGrouping
                0x080046e8       0x24 Drivers\STM32L4xx_HAL_Driver\Src\stm32l4xx_hal_cortex.o
                0x080046e8                HAL_NVIC_SetPriorityGrouping
 .text.HAL_NVIC_SetPriority
                0x0800470c       0x68 Drivers\STM32L4xx_HAL_Driver\Src\stm32l4xx_hal_cortex.o
                0x0800470c                HAL_NVIC_SetPriority
 .text.HAL_NVIC_EnableIRQ
                0x08004774       0x18 Drivers\STM32L4xx_HAL_Driver\Src\stm32l4xx_hal_cortex.o
                0x08004774                HAL_NVIC_EnableIRQ
 .text.HAL_SYSTICK_Config
                0x0800478c       0x2c Drivers\STM32L4xx_HAL_Driver\Src\stm32l4xx_hal_cortex.o
                0x0800478c                HAL_SYSTICK_Config
 .text.HAL_SYSTICK_Callback
                0x080047b8        0x2 Drivers\STM32L4xx_HAL_Driver\Src\stm32l4xx_hal_cortex.o
                0x080047b8                HAL_SYSTICK_Callback
 .text.HAL_SYSTICK_IRQHandler
                0x080047ba        0x8 Drivers\STM32L4xx_HAL_Driver\Src\stm32l4xx_hal_cortex.o
                0x080047ba                HAL_SYSTICK_IRQHandler
 *fill*         0x080047c2        0x2 
 .text.HAL_DMA_Init
                0x080047c4       0xe0 Drivers\STM32L4xx_HAL_Driver\Src\stm32l4xx_hal_dma.o
                0x080047c4                HAL_DMA_Init
 .text.HAL_DMA_DeInit
                0x080048a4       0x90 Drivers\STM32L4xx_HAL_Driver\Src\stm32l4xx_hal_dma.o
                0x080048a4                HAL_DMA_DeInit
 .text.HAL_DMA_Start_IT
                0x08004934       0x7c Drivers\STM32L4xx_HAL_Driver\Src\stm32l4xx_hal_dma.o
                0x08004934                HAL_DMA_Start_IT
 .text.HAL_DMA_Abort
                0x080049b0       0x3c Drivers\STM32L4xx_HAL_Driver\Src\stm32l4xx_hal_dma.o
                0x080049b0                HAL_DMA_Abort
 .text.HAL_DMA_IRQHandler
                0x080049ec       0x90 Drivers\STM32L4xx_HAL_Driver\Src\stm32l4xx_hal_dma.o
                0x080049ec                HAL_DMA_IRQHandler
 .text.HAL_GPIO_Init
                0x08004a7c      0x1b8 Drivers\STM32L4xx_HAL_Driver\Src\stm32l4xx_hal_gpio.o
                0x08004a7c                HAL_GPIO_Init
 .text.HAL_GPIO_ReadPin
                0x08004c34        0xc Drivers\STM32L4xx_HAL_Driver\Src\stm32l4xx_hal_gpio.o
                0x08004c34                HAL_GPIO_ReadPin
 .text.HAL_PCD_Init
                0x08004c40      0x10a Drivers\STM32L4xx_HAL_Driver\Src\stm32l4xx_hal_pcd.o
                0x08004c40                HAL_PCD_Init
 .text.HAL_PCD_Start
                0x08004d4a       0x2a Drivers\STM32L4xx_HAL_Driver\Src\stm32l4xx_hal_pcd.o
                0x08004d4a                HAL_PCD_Start
 .text.HAL_PCD_Stop
                0x08004d74       0x30 Drivers\STM32L4xx_HAL_Driver\Src\stm32l4xx_hal_pcd.o
                0x08004d74                HAL_PCD_Stop
 .text.HAL_PCD_DeInit
                0x08004da4       0x22 Drivers\STM32L4xx_HAL_Driver\Src\stm32l4xx_hal_pcd.o
                0x08004da4                HAL_PCD_DeInit
 *fill*         0x08004dc6        0x2 
 .text.HAL_PCD_IRQHandler
                0x08004dc8      0x620 Drivers\STM32L4xx_HAL_Driver\Src\stm32l4xx_hal_pcd.o
                0x08004dc8                HAL_PCD_IRQHandler
 .text.HAL_PCD_SetAddress
                0x080053e8       0x28 Drivers\STM32L4xx_HAL_Driver\Src\stm32l4xx_hal_pcd.o
                0x080053e8                HAL_PCD_SetAddress
 .text.HAL_PCD_EP_Open
                0x08005410       0x4a Drivers\STM32L4xx_HAL_Driver\Src\stm32l4xx_hal_pcd.o
                0x08005410                HAL_PCD_EP_Open
 .text.HAL_PCD_EP_Close
                0x0800545a       0x46 Drivers\STM32L4xx_HAL_Driver\Src\stm32l4xx_hal_pcd.o
                0x0800545a                HAL_PCD_EP_Close
 .text.HAL_PCD_EP_Receive
                0x080054a0       0x54 Drivers\STM32L4xx_HAL_Driver\Src\stm32l4xx_hal_pcd.o
                0x080054a0                HAL_PCD_EP_Receive
 .text.HAL_PCD_EP_GetRxCount
                0x080054f4       0x10 Drivers\STM32L4xx_HAL_Driver\Src\stm32l4xx_hal_pcd.o
                0x080054f4                HAL_PCD_EP_GetRxCount
 .text.HAL_PCD_EP_Transmit
                0x08005504       0x4e Drivers\STM32L4xx_HAL_Driver\Src\stm32l4xx_hal_pcd.o
                0x08005504                HAL_PCD_EP_Transmit
 .text.HAL_PCD_EP_SetStall
                0x08005552       0x58 Drivers\STM32L4xx_HAL_Driver\Src\stm32l4xx_hal_pcd.o
                0x08005552                HAL_PCD_EP_SetStall
 .text.HAL_PCD_EP_ClrStall
                0x080055aa       0x4a Drivers\STM32L4xx_HAL_Driver\Src\stm32l4xx_hal_pcd.o
                0x080055aa                HAL_PCD_EP_ClrStall
 .text.HAL_PCD_EP_Flush
                0x080055f4       0x34 Drivers\STM32L4xx_HAL_Driver\Src\stm32l4xx_hal_pcd.o
                0x080055f4                HAL_PCD_EP_Flush
 .text.HAL_PCDEx_SetTxFiFo
                0x08005628       0x42 Drivers\STM32L4xx_HAL_Driver\Src\stm32l4xx_hal_pcd_ex.o
                0x08005628                HAL_PCDEx_SetTxFiFo
 .text.HAL_PCDEx_SetRxFiFo
                0x0800566a        0x8 Drivers\STM32L4xx_HAL_Driver\Src\stm32l4xx_hal_pcd_ex.o
                0x0800566a                HAL_PCDEx_SetRxFiFo
 .text.HAL_PCDEx_ActivateLPM
                0x08005672       0x26 Drivers\STM32L4xx_HAL_Driver\Src\stm32l4xx_hal_pcd_ex.o
                0x08005672                HAL_PCDEx_ActivateLPM
 .text.HAL_PCDEx_ActivateBCD
                0x08005698       0x14 Drivers\STM32L4xx_HAL_Driver\Src\stm32l4xx_hal_pcd_ex.o
                0x08005698                HAL_PCDEx_ActivateBCD
 .text.HAL_PCDEx_LPM_Callback
                0x080056ac        0x2 Drivers\STM32L4xx_HAL_Driver\Src\stm32l4xx_hal_pcd_ex.o
                0x080056ac                HAL_PCDEx_LPM_Callback
 *fill*         0x080056ae        0x2 
 .text.HAL_PWREx_GetVoltageRange
                0x080056b0       0x10 Drivers\STM32L4xx_HAL_Driver\Src\stm32l4xx_hal_pwr_ex.o
                0x080056b0                HAL_PWREx_GetVoltageRange
 .text.RCC_SetFlashLatencyFromMSIRange
                0x080056c0       0x84 Drivers\STM32L4xx_HAL_Driver\Src\stm32l4xx_hal_rcc.o
 .text.HAL_RCC_GetSysClockFreq
                0x08005744      0x12c Drivers\STM32L4xx_HAL_Driver\Src\stm32l4xx_hal_rcc.o
                0x08005744                HAL_RCC_GetSysClockFreq
 .text.HAL_RCC_OscConfig
                0x08005870      0x47c Drivers\STM32L4xx_HAL_Driver\Src\stm32l4xx_hal_rcc.o
                0x08005870                HAL_RCC_OscConfig
 .text.HAL_RCC_GetHCLKFreq
                0x08005cec        0xc Drivers\STM32L4xx_HAL_Driver\Src\stm32l4xx_hal_rcc.o
                0x08005cec                HAL_RCC_GetHCLKFreq
 .text.HAL_RCC_GetPCLK1Freq
                0x08005cf8       0x30 Drivers\STM32L4xx_HAL_Driver\Src\stm32l4xx_hal_rcc.o
                0x08005cf8                HAL_RCC_GetPCLK1Freq
 .text.HAL_RCC_GetPCLK2Freq
                0x08005d28       0x30 Drivers\STM32L4xx_HAL_Driver\Src\stm32l4xx_hal_rcc.o
                0x08005d28                HAL_RCC_GetPCLK2Freq
 .text.HAL_RCCEx_EnableMSIPLLMode
                0x08005d58       0x10 Drivers\STM32L4xx_HAL_Driver\Src\stm32l4xx_hal_rcc_ex.o
                0x08005d58                HAL_RCCEx_EnableMSIPLLMode
 .text.SD_CmdResp2Error
                0x08005d68       0x2c Drivers\STM32L4xx_HAL_Driver\Src\stm32l4xx_hal_sd.o
 .text.SD_CmdResp1Error
                0x08005d94       0xec Drivers\STM32L4xx_HAL_Driver\Src\stm32l4xx_hal_sd.o
 .text.SD_FindSCR
                0x08005e80       0xf0 Drivers\STM32L4xx_HAL_Driver\Src\stm32l4xx_hal_sd.o
 .text.HAL_SD_ReadBlocks_DMA
                0x08005f70       0xf4 Drivers\STM32L4xx_HAL_Driver\Src\stm32l4xx_hal_sd.o
                0x08005f70                HAL_SD_ReadBlocks_DMA
 .text.HAL_SD_WriteBlocks_DMA
                0x08006064       0xfc Drivers\STM32L4xx_HAL_Driver\Src\stm32l4xx_hal_sd.o
                0x08006064                HAL_SD_WriteBlocks_DMA
 .text.HAL_SD_XferCpltCallback
                0x08006160        0x2 Drivers\STM32L4xx_HAL_Driver\Src\stm32l4xx_hal_sd.o
                0x08006160                HAL_SD_XferCpltCallback
 .text.HAL_SD_XferErrorCallback
                0x08006162        0x2 Drivers\STM32L4xx_HAL_Driver\Src\stm32l4xx_hal_sd.o
                0x08006162                HAL_SD_XferErrorCallback
 .text.HAL_SD_IRQHandler
                0x08006164       0x6c Drivers\STM32L4xx_HAL_Driver\Src\stm32l4xx_hal_sd.o
                0x08006164                HAL_SD_IRQHandler
 .text.HAL_SD_DMA_RxCpltCallback
                0x080061d0        0x2 Drivers\STM32L4xx_HAL_Driver\Src\stm32l4xx_hal_sd.o
                0x080061d0                HAL_SD_DMA_RxCpltCallback
 .text.SD_DMA_RxCplt
                0x080061d2       0x1a Drivers\STM32L4xx_HAL_Driver\Src\stm32l4xx_hal_sd.o
 .text.HAL_SD_DMA_RxErrorCallback
                0x080061ec        0x2 Drivers\STM32L4xx_HAL_Driver\Src\stm32l4xx_hal_sd.o
                0x080061ec                HAL_SD_DMA_RxErrorCallback
 .text.SD_DMA_RxError
                0x080061ee        0xc Drivers\STM32L4xx_HAL_Driver\Src\stm32l4xx_hal_sd.o
 .text.HAL_SD_DMA_TxCpltCallback
                0x080061fa        0x2 Drivers\STM32L4xx_HAL_Driver\Src\stm32l4xx_hal_sd.o
                0x080061fa                HAL_SD_DMA_TxCpltCallback
 .text.SD_DMA_TxCplt
                0x080061fc       0x1a Drivers\STM32L4xx_HAL_Driver\Src\stm32l4xx_hal_sd.o
 .text.HAL_SD_DMA_TxErrorCallback
                0x08006216        0x2 Drivers\STM32L4xx_HAL_Driver\Src\stm32l4xx_hal_sd.o
                0x08006216                HAL_SD_DMA_TxErrorCallback
 .text.SD_DMA_TxError
                0x08006218        0xc Drivers\STM32L4xx_HAL_Driver\Src\stm32l4xx_hal_sd.o
 .text.HAL_SD_Get_CardInfo
                0x08006224      0x274 Drivers\STM32L4xx_HAL_Driver\Src\stm32l4xx_hal_sd.o
                0x08006224                HAL_SD_Get_CardInfo
 .text.HAL_SD_Init
                0x08006498      0x3b0 Drivers\STM32L4xx_HAL_Driver\Src\stm32l4xx_hal_sd.o
                0x08006498                HAL_SD_Init
 .text.HAL_SD_WideBusOperation_Config
                0x08006848      0x128 Drivers\STM32L4xx_HAL_Driver\Src\stm32l4xx_hal_sd.o
                0x08006848                HAL_SD_WideBusOperation_Config
 .text.HAL_SD_StopTransfer
                0x08006970       0x2e Drivers\STM32L4xx_HAL_Driver\Src\stm32l4xx_hal_sd.o
                0x08006970                HAL_SD_StopTransfer
 .text.HAL_SD_CheckReadOperation
                0x0800699e       0x62 Drivers\STM32L4xx_HAL_Driver\Src\stm32l4xx_hal_sd.o
                0x0800699e                HAL_SD_CheckReadOperation
 .text.HAL_SD_GetStatus
                0x08006a00       0x4a Drivers\STM32L4xx_HAL_Driver\Src\stm32l4xx_hal_sd.o
                0x08006a00                HAL_SD_GetStatus
 .text.HAL_SD_CheckWriteOperation
                0x08006a4a       0x70 Drivers\STM32L4xx_HAL_Driver\Src\stm32l4xx_hal_sd.o
                0x08006a4a                HAL_SD_CheckWriteOperation
 .text.HAL_UART_MspInit
                0x08006aba        0x2 Drivers\STM32L4xx_HAL_Driver\Src\stm32l4xx_hal_uart.o
                0x08006aba                HAL_UART_MspInit
 .text.HAL_UART_MspDeInit
                0x08006abc        0x2 Drivers\STM32L4xx_HAL_Driver\Src\stm32l4xx_hal_uart.o
                0x08006abc                HAL_UART_MspDeInit
 .text.HAL_UART_DeInit
                0x08006abe       0x34 Drivers\STM32L4xx_HAL_Driver\Src\stm32l4xx_hal_uart.o
                0x08006abe                HAL_UART_DeInit
 .text.HAL_UART_Receive_IT
                0x08006af2       0xa4 Drivers\STM32L4xx_HAL_Driver\Src\stm32l4xx_hal_uart.o
                0x08006af2                HAL_UART_Receive_IT
 *fill*         0x08006b96        0x2 
 .text.UART_SetConfig
                0x08006b98      0x308 Drivers\STM32L4xx_HAL_Driver\Src\stm32l4xx_hal_uart.o
                0x08006b98                UART_SetConfig
 .text.UART_AdvFeatureConfig
                0x08006ea0       0xa8 Drivers\STM32L4xx_HAL_Driver\Src\stm32l4xx_hal_uart.o
                0x08006ea0                UART_AdvFeatureConfig
 .text.UART_WaitOnFlagUntilTimeout
                0x08006f48       0x88 Drivers\STM32L4xx_HAL_Driver\Src\stm32l4xx_hal_uart.o
                0x08006f48                UART_WaitOnFlagUntilTimeout
 .text.UART_CheckIdleState
                0x08006fd0       0x4c Drivers\STM32L4xx_HAL_Driver\Src\stm32l4xx_hal_uart.o
                0x08006fd0                UART_CheckIdleState
 .text.HAL_UART_Init
                0x0800701c       0x64 Drivers\STM32L4xx_HAL_Driver\Src\stm32l4xx_hal_uart.o
                0x0800701c                HAL_UART_Init
 .text.LL_GPIO_Init
                0x08007080      0x144 Drivers\STM32L4xx_HAL_Driver\Src\stm32l4xx_ll_gpio.o
                0x08007080                LL_GPIO_Init
 .text.LL_RTC_TIME_Config
                0x080071c4       0xa6 Drivers\STM32L4xx_HAL_Driver\Src\stm32l4xx_ll_rtc.o
 *fill*         0x0800726a        0x2 
 .text.LL_RTC_DATE_Config
                0x0800726c       0xb8 Drivers\STM32L4xx_HAL_Driver\Src\stm32l4xx_ll_rtc.o
 .text.LL_RTC_EnterInitMode
                0x08007324       0x50 Drivers\STM32L4xx_HAL_Driver\Src\stm32l4xx_ll_rtc.o
                0x08007324                LL_RTC_EnterInitMode
 .text.LL_RTC_Init
                0x08007374       0x58 Drivers\STM32L4xx_HAL_Driver\Src\stm32l4xx_ll_rtc.o
                0x08007374                LL_RTC_Init
 .text.LL_RTC_WaitForSynchro
                0x080073cc       0x88 Drivers\STM32L4xx_HAL_Driver\Src\stm32l4xx_ll_rtc.o
                0x080073cc                LL_RTC_WaitForSynchro
 .text.LL_RTC_TIME_Init
                0x08007454       0x88 Drivers\STM32L4xx_HAL_Driver\Src\stm32l4xx_ll_rtc.o
                0x08007454                LL_RTC_TIME_Init
 .text.LL_RTC_DATE_Init
                0x080074dc       0x90 Drivers\STM32L4xx_HAL_Driver\Src\stm32l4xx_ll_rtc.o
                0x080074dc                LL_RTC_DATE_Init
 .text.SDMMC_Init
                0x0800756c       0x38 Drivers\STM32L4xx_HAL_Driver\Src\stm32l4xx_ll_sdmmc.o
                0x0800756c                SDMMC_Init
 .text.SDMMC_ReadFIFO
                0x080075a4        0x6 Drivers\STM32L4xx_HAL_Driver\Src\stm32l4xx_ll_sdmmc.o
                0x080075a4                SDMMC_ReadFIFO
 .text.SDMMC_PowerState_ON
                0x080075aa        0x8 Drivers\STM32L4xx_HAL_Driver\Src\stm32l4xx_ll_sdmmc.o
                0x080075aa                SDMMC_PowerState_ON
 .text.SDMMC_GetPowerState
                0x080075b2        0x8 Drivers\STM32L4xx_HAL_Driver\Src\stm32l4xx_ll_sdmmc.o
                0x080075b2                SDMMC_GetPowerState
 .text.SDMMC_SendCommand
                0x080075ba       0x24 Drivers\STM32L4xx_HAL_Driver\Src\stm32l4xx_ll_sdmmc.o
                0x080075ba                SDMMC_SendCommand
 .text.SDMMC_GetCommandResponse
                0x080075de        0x6 Drivers\STM32L4xx_HAL_Driver\Src\stm32l4xx_ll_sdmmc.o
                0x080075de                SDMMC_GetCommandResponse
 .text.SDMMC_GetResponse
                0x080075e4       0x14 Drivers\STM32L4xx_HAL_Driver\Src\stm32l4xx_ll_sdmmc.o
                0x080075e4                SDMMC_GetResponse
 .text.SDMMC_DataConfig
                0x080075f8       0x24 Drivers\STM32L4xx_HAL_Driver\Src\stm32l4xx_ll_sdmmc.o
                0x080075f8                SDMMC_DataConfig
 .text.USB_CoreInit
                0x0800761c       0x28 Drivers\STM32L4xx_HAL_Driver\Src\stm32l4xx_ll_usb.o
                0x0800761c                USB_CoreInit
 .text.USB_EnableGlobalInt
                0x08007644        0xc Drivers\STM32L4xx_HAL_Driver\Src\stm32l4xx_ll_usb.o
                0x08007644                USB_EnableGlobalInt
 .text.USB_DisableGlobalInt
                0x08007650        0xc Drivers\STM32L4xx_HAL_Driver\Src\stm32l4xx_ll_usb.o
                0x08007650                USB_DisableGlobalInt
 .text.USB_SetCurrentMode
                0x0800765c       0x2e Drivers\STM32L4xx_HAL_Driver\Src\stm32l4xx_ll_usb.o
                0x0800765c                USB_SetCurrentMode
 *fill*         0x0800768a        0x2 
 .text.USB_DevInit
                0x0800768c      0x130 Drivers\STM32L4xx_HAL_Driver\Src\stm32l4xx_ll_usb.o
                0x0800768c                USB_DevInit
 .text.USB_FlushTxFifo
                0x080077bc       0x24 Drivers\STM32L4xx_HAL_Driver\Src\stm32l4xx_ll_usb.o
                0x080077bc                USB_FlushTxFifo
 .text.USB_FlushRxFifo
                0x080077e0       0x20 Drivers\STM32L4xx_HAL_Driver\Src\stm32l4xx_ll_usb.o
                0x080077e0                USB_FlushRxFifo
 .text.USB_SetDevSpeed
                0x08007800        0xe Drivers\STM32L4xx_HAL_Driver\Src\stm32l4xx_ll_usb.o
                0x08007800                USB_SetDevSpeed
 .text.USB_ActivateEndpoint
                0x0800780e       0x7e Drivers\STM32L4xx_HAL_Driver\Src\stm32l4xx_ll_usb.o
                0x0800780e                USB_ActivateEndpoint
 .text.USB_DeactivateEndpoint
                0x0800788c       0x5a Drivers\STM32L4xx_HAL_Driver\Src\stm32l4xx_ll_usb.o
                0x0800788c                USB_DeactivateEndpoint
 *fill*         0x080078e6        0x2 
 .text.USB_EPStartXfer
                0x080078e8      0x170 Drivers\STM32L4xx_HAL_Driver\Src\stm32l4xx_ll_usb.o
                0x080078e8                USB_EPStartXfer
 .text.USB_EP0StartXfer
                0x08007a58       0xc8 Drivers\STM32L4xx_HAL_Driver\Src\stm32l4xx_ll_usb.o
                0x08007a58                USB_EP0StartXfer
 .text.USB_WritePacket
                0x08007b20       0x22 Drivers\STM32L4xx_HAL_Driver\Src\stm32l4xx_ll_usb.o
                0x08007b20                USB_WritePacket
 .text.USB_ReadPacket
                0x08007b42       0x20 Drivers\STM32L4xx_HAL_Driver\Src\stm32l4xx_ll_usb.o
                0x08007b42                USB_ReadPacket
 .text.USB_EPSetStall
                0x08007b62       0x3e Drivers\STM32L4xx_HAL_Driver\Src\stm32l4xx_ll_usb.o
                0x08007b62                USB_EPSetStall
 .text.USB_EPClearStall
                0x08007ba0       0x32 Drivers\STM32L4xx_HAL_Driver\Src\stm32l4xx_ll_usb.o
                0x08007ba0                USB_EPClearStall
 .text.USB_StopDevice
                0x08007bd2       0x42 Drivers\STM32L4xx_HAL_Driver\Src\stm32l4xx_ll_usb.o
                0x08007bd2                USB_StopDevice
 .text.USB_SetDevAddress
                0x08007c14       0x20 Drivers\STM32L4xx_HAL_Driver\Src\stm32l4xx_ll_usb.o
                0x08007c14                USB_SetDevAddress
 .text.USB_DevConnect
                0x08007c34       0x18 Drivers\STM32L4xx_HAL_Driver\Src\stm32l4xx_ll_usb.o
                0x08007c34                USB_DevConnect
 .text.USB_DevDisconnect
                0x08007c4c       0x18 Drivers\STM32L4xx_HAL_Driver\Src\stm32l4xx_ll_usb.o
                0x08007c4c                USB_DevDisconnect
 .text.USB_ReadInterrupts
                0x08007c64        0x8 Drivers\STM32L4xx_HAL_Driver\Src\stm32l4xx_ll_usb.o
                0x08007c64                USB_ReadInterrupts
 .text.USB_ReadDevAllOutEpInterrupt
                0x08007c6c       0x10 Drivers\STM32L4xx_HAL_Driver\Src\stm32l4xx_ll_usb.o
                0x08007c6c                USB_ReadDevAllOutEpInterrupt
 .text.USB_ReadDevAllInEpInterrupt
                0x08007c7c       0x10 Drivers\STM32L4xx_HAL_Driver\Src\stm32l4xx_ll_usb.o
                0x08007c7c                USB_ReadDevAllInEpInterrupt
 .text.USB_ReadDevOutEPInterrupt
                0x08007c8c       0x14 Drivers\STM32L4xx_HAL_Driver\Src\stm32l4xx_ll_usb.o
                0x08007c8c                USB_ReadDevOutEPInterrupt
 .text.USB_ReadDevInEPInterrupt
                0x08007ca0       0x20 Drivers\STM32L4xx_HAL_Driver\Src\stm32l4xx_ll_usb.o
                0x08007ca0                USB_ReadDevInEPInterrupt
 .text.USB_GetMode
                0x08007cc0        0x8 Drivers\STM32L4xx_HAL_Driver\Src\stm32l4xx_ll_usb.o
                0x08007cc0                USB_GetMode
 .text.USB_ActivateSetup
                0x08007cc8       0x36 Drivers\STM32L4xx_HAL_Driver\Src\stm32l4xx_ll_usb.o
                0x08007cc8                USB_ActivateSetup
 .text.USB_EP0_OutStart
                0x08007cfe       0x22 Drivers\STM32L4xx_HAL_Driver\Src\stm32l4xx_ll_usb.o
                0x08007cfe                USB_EP0_OutStart
 .text.USB_CoreReset
                0x08007d20       0x68 Drivers\STM32L4xx_HAL_Driver\Src\stm32l4xx_ll_usb.o
 .text.LL_mDelay
                0x08007d88       0x28 Drivers\STM32L4xx_HAL_Driver\Src\stm32l4xx_ll_utils.o
                0x08007d88                LL_mDelay
 .text.USBD_MSC_GetHSCfgDesc
                0x08007db0        0xc Middlewares\ST\STM32_USB_Device_Library\Class\MSC\Src\usbd_msc.o
                0x08007db0                USBD_MSC_GetHSCfgDesc
 .text.USBD_MSC_GetFSCfgDesc
                0x08007dbc        0xc Middlewares\ST\STM32_USB_Device_Library\Class\MSC\Src\usbd_msc.o
                0x08007dbc                USBD_MSC_GetFSCfgDesc
 .text.USBD_MSC_GetOtherSpeedCfgDesc
                0x08007dc8        0xc Middlewares\ST\STM32_USB_Device_Library\Class\MSC\Src\usbd_msc.o
                0x08007dc8                USBD_MSC_GetOtherSpeedCfgDesc
 .text.USBD_MSC_GetDeviceQualifierDescriptor
                0x08007dd4        0xc Middlewares\ST\STM32_USB_Device_Library\Class\MSC\Src\usbd_msc.o
                0x08007dd4                USBD_MSC_GetDeviceQualifierDescriptor
 .text.USBD_MSC_Init
                0x08007de0       0x4c Middlewares\ST\STM32_USB_Device_Library\Class\MSC\Src\usbd_msc.o
                0x08007de0                USBD_MSC_Init
 .text.USBD_MSC_DeInit
                0x08007e2c       0x2c Middlewares\ST\STM32_USB_Device_Library\Class\MSC\Src\usbd_msc.o
                0x08007e2c                USBD_MSC_DeInit
 .text.USBD_MSC_Setup
                0x08007e58       0xd6 Middlewares\ST\STM32_USB_Device_Library\Class\MSC\Src\usbd_msc.o
                0x08007e58                USBD_MSC_Setup
 .text.USBD_MSC_DataIn
                0x08007f2e        0xa Middlewares\ST\STM32_USB_Device_Library\Class\MSC\Src\usbd_msc.o
                0x08007f2e                USBD_MSC_DataIn
 .text.USBD_MSC_DataOut
                0x08007f38        0xa Middlewares\ST\STM32_USB_Device_Library\Class\MSC\Src\usbd_msc.o
                0x08007f38                USBD_MSC_DataOut
 .text.USBD_MSC_RegisterStorage
                0x08007f42        0xa Middlewares\ST\STM32_USB_Device_Library\Class\MSC\Src\usbd_msc.o
                0x08007f42                USBD_MSC_RegisterStorage
 .text.MSC_BOT_Abort
                0x08007f4c       0x46 Middlewares\ST\STM32_USB_Device_Library\Class\MSC\Src\usbd_msc_bot.o
 .text.MSC_BOT_Init
                0x08007f92       0x46 Middlewares\ST\STM32_USB_Device_Library\Class\MSC\Src\usbd_msc_bot.o
                0x08007f92                MSC_BOT_Init
 .text.MSC_BOT_Reset
                0x08007fd8       0x18 Middlewares\ST\STM32_USB_Device_Library\Class\MSC\Src\usbd_msc_bot.o
                0x08007fd8                MSC_BOT_Reset
 .text.MSC_BOT_DeInit
                0x08007ff0        0xa Middlewares\ST\STM32_USB_Device_Library\Class\MSC\Src\usbd_msc_bot.o
                0x08007ff0                MSC_BOT_DeInit
 *fill*         0x08007ffa        0x2 
 .text.MSC_BOT_SendCSW
                0x08007ffc       0x3c Middlewares\ST\STM32_USB_Device_Library\Class\MSC\Src\usbd_msc_bot.o
                0x08007ffc                MSC_BOT_SendCSW
 .text.MSC_BOT_DataIn
                0x08008038       0x3c Middlewares\ST\STM32_USB_Device_Library\Class\MSC\Src\usbd_msc_bot.o
                0x08008038                MSC_BOT_DataIn
 .text.MSC_BOT_DataOut
                0x08008074       0xf4 Middlewares\ST\STM32_USB_Device_Library\Class\MSC\Src\usbd_msc_bot.o
                0x08008074                MSC_BOT_DataOut
 .text.MSC_BOT_CplClrFeature
                0x08008168       0x2c Middlewares\ST\STM32_USB_Device_Library\Class\MSC\Src\usbd_msc_bot.o
                0x08008168                MSC_BOT_CplClrFeature
 .text.SCSI_SenseCode.constprop.8
                0x08008194       0x2e Middlewares\ST\STM32_USB_Device_Library\Class\MSC\Src\usbd_msc_scsi.o
 *fill*         0x080081c2        0x2 
 .text.SCSI_ProcessCmd
                0x080081c4      0x4a0 Middlewares\ST\STM32_USB_Device_Library\Class\MSC\Src\usbd_msc_scsi.o
                0x080081c4                SCSI_ProcessCmd
 .text.SCSI_SenseCode
                0x08008664       0x2e Middlewares\ST\STM32_USB_Device_Library\Class\MSC\Src\usbd_msc_scsi.o
                0x08008664                SCSI_SenseCode
 .text.USBD_Init
                0x08008692       0x2a Middlewares\ST\STM32_USB_Device_Library\Core\Src\usbd_core.o
                0x08008692                USBD_Init
 .text.Battey_Charge_Mode
                0x080086bc        0xe Middlewares\ST\STM32_USB_Device_Library\Core\Src\usbd_core.o
                0x080086bc                Battey_Charge_Mode
 .text.USBD_DeInit
                0x080086ca       0x24 Middlewares\ST\STM32_USB_Device_Library\Core\Src\usbd_core.o
                0x080086ca                USBD_DeInit
 .text.USBD_RegisterClass
                0x080086ee        0xe Middlewares\ST\STM32_USB_Device_Library\Core\Src\usbd_core.o
                0x080086ee                USBD_RegisterClass
 .text.USBD_Start
                0x080086fc        0xa Middlewares\ST\STM32_USB_Device_Library\Core\Src\usbd_core.o
                0x080086fc                USBD_Start
 .text.USBD_Stop
                0x08008706       0x18 Middlewares\ST\STM32_USB_Device_Library\Core\Src\usbd_core.o
                0x08008706                USBD_Stop
 .text.USBD_SetClassConfig
                0x0800871e       0x16 Middlewares\ST\STM32_USB_Device_Library\Core\Src\usbd_core.o
                0x0800871e                USBD_SetClassConfig
 .text.USBD_ClrClassConfig
                0x08008734        0xe Middlewares\ST\STM32_USB_Device_Library\Core\Src\usbd_core.o
                0x08008734                USBD_ClrClassConfig
 .text.USBD_LL_SetupStage
                0x08008742       0x5a Middlewares\ST\STM32_USB_Device_Library\Core\Src\usbd_core.o
                0x08008742                USBD_LL_SetupStage
 .text.USBD_LL_DataOutStage
                0x0800879c       0x64 Middlewares\ST\STM32_USB_Device_Library\Core\Src\usbd_core.o
                0x0800879c                USBD_LL_DataOutStage
 .text.USBD_LL_DataInStage
                0x08008800       0x9e Middlewares\ST\STM32_USB_Device_Library\Core\Src\usbd_core.o
                0x08008800                USBD_LL_DataInStage
 .text.USBD_LL_Reset
                0x0800889e       0x3e Middlewares\ST\STM32_USB_Device_Library\Core\Src\usbd_core.o
                0x0800889e                USBD_LL_Reset
 .text.USBD_LL_SetSpeed
                0x080088dc        0x6 Middlewares\ST\STM32_USB_Device_Library\Core\Src\usbd_core.o
                0x080088dc                USBD_LL_SetSpeed
 .text.USBD_LL_Suspend
                0x080088e2       0x12 Middlewares\ST\STM32_USB_Device_Library\Core\Src\usbd_core.o
                0x080088e2                USBD_LL_Suspend
 .text.USBD_LL_Resume
                0x080088f4        0xc Middlewares\ST\STM32_USB_Device_Library\Core\Src\usbd_core.o
                0x080088f4                USBD_LL_Resume
 .text.USBD_LL_SOF
                0x08008900       0x18 Middlewares\ST\STM32_USB_Device_Library\Core\Src\usbd_core.o
                0x08008900                USBD_LL_SOF
 .text.USBD_LL_IsoINIncomplete
                0x08008918        0x4 Middlewares\ST\STM32_USB_Device_Library\Core\Src\usbd_core.o
                0x08008918                USBD_LL_IsoINIncomplete
 .text.USBD_LL_IsoOUTIncomplete
                0x0800891c        0x4 Middlewares\ST\STM32_USB_Device_Library\Core\Src\usbd_core.o
                0x0800891c                USBD_LL_IsoOUTIncomplete
 .text.USBD_LL_DevConnected
                0x08008920        0x4 Middlewares\ST\STM32_USB_Device_Library\Core\Src\usbd_core.o
                0x08008920                USBD_LL_DevConnected
 .text.USBD_LL_DevDisconnected
                0x08008924       0x16 Middlewares\ST\STM32_USB_Device_Library\Core\Src\usbd_core.o
                0x08008924                USBD_LL_DevDisconnected
 .text.USBD_CtlError.constprop.0
                0x0800893a       0x16 Middlewares\ST\STM32_USB_Device_Library\Core\Src\usbd_ctlreq.o
 .text.USBD_StdDevReq
                0x08008950      0x1f4 Middlewares\ST\STM32_USB_Device_Library\Core\Src\usbd_ctlreq.o
                0x08008950                USBD_StdDevReq
 .text.USBD_StdItfReq
                0x08008b44       0x30 Middlewares\ST\STM32_USB_Device_Library\Core\Src\usbd_ctlreq.o
                0x08008b44                USBD_StdItfReq
 .text.USBD_StdEPReq
                0x08008b74       0xc6 Middlewares\ST\STM32_USB_Device_Library\Core\Src\usbd_ctlreq.o
                0x08008b74                USBD_StdEPReq
 .text.USBD_ParseSetupRequest
                0x08008c3a       0x28 Middlewares\ST\STM32_USB_Device_Library\Core\Src\usbd_ctlreq.o
                0x08008c3a                USBD_ParseSetupRequest
 .text.USBD_CtlError
                0x08008c62       0x16 Middlewares\ST\STM32_USB_Device_Library\Core\Src\usbd_ctlreq.o
                0x08008c62                USBD_CtlError
 .text.USBD_GetString
                0x08008c78       0x38 Middlewares\ST\STM32_USB_Device_Library\Core\Src\usbd_ctlreq.o
                0x08008c78                USBD_GetString
 .text.USBD_CtlSendData
                0x08008cb0       0x1a Middlewares\ST\STM32_USB_Device_Library\Core\Src\usbd_ioreq.o
                0x08008cb0                USBD_CtlSendData
 .text.USBD_CtlContinueSendData
                0x08008cca       0x10 Middlewares\ST\STM32_USB_Device_Library\Core\Src\usbd_ioreq.o
                0x08008cca                USBD_CtlContinueSendData
 .text.USBD_CtlPrepareRx
                0x08008cda       0x1e Middlewares\ST\STM32_USB_Device_Library\Core\Src\usbd_ioreq.o
                0x08008cda                USBD_CtlPrepareRx
 .text.USBD_CtlContinueRx
                0x08008cf8       0x10 Middlewares\ST\STM32_USB_Device_Library\Core\Src\usbd_ioreq.o
                0x08008cf8                USBD_CtlContinueRx
 .text.USBD_CtlSendStatus
                0x08008d08       0x16 Middlewares\ST\STM32_USB_Device_Library\Core\Src\usbd_ioreq.o
                0x08008d08                USBD_CtlSendStatus
 .text.USBD_CtlReceiveStatus
                0x08008d1e       0x16 Middlewares\ST\STM32_USB_Device_Library\Core\Src\usbd_ioreq.o
                0x08008d1e                USBD_CtlReceiveStatus
 .text.disk_status
                0x08008d34       0x14 Middlewares\Third_Party\FatFs\src\diskio.o
                0x08008d34                disk_status
 .text.disk_initialize
                0x08008d48       0x20 Middlewares\Third_Party\FatFs\src\diskio.o
                0x08008d48                disk_initialize
 .text.disk_read
                0x08008d68       0x1c Middlewares\Third_Party\FatFs\src\diskio.o
                0x08008d68                disk_read
 .text.disk_write
                0x08008d84       0x1c Middlewares\Third_Party\FatFs\src\diskio.o
                0x08008d84                disk_write
 .text.disk_ioctl
                0x08008da0       0x1c Middlewares\Third_Party\FatFs\src\diskio.o
                0x08008da0                disk_ioctl
 .text.SD_initialize
                0x08008dbc       0x20 Middlewares\Third_Party\FatFs\src\drivers\sd_diskio.o
                0x08008dbc                SD_initialize
 .text.SD_status
                0x08008ddc       0x20 Middlewares\Third_Party\FatFs\src\drivers\sd_diskio.o
                0x08008ddc                SD_status
 .text.SD_read  0x08008dfc       0x20 Middlewares\Third_Party\FatFs\src\drivers\sd_diskio.o
                0x08008dfc                SD_read
 .text.SD_write
                0x08008e1c       0x20 Middlewares\Third_Party\FatFs\src\drivers\sd_diskio.o
                0x08008e1c                SD_write
 .text.SD_ioctl
                0x08008e3c       0x50 Middlewares\Third_Party\FatFs\src\drivers\sd_diskio.o
                0x08008e3c                SD_ioctl
 .text.mem_cpy  0x08008e8c       0x14 Middlewares\Third_Party\FatFs\src\ff.o
 .text.mem_set  0x08008ea0        0xe Middlewares\Third_Party\FatFs\src\ff.o
 *fill*         0x08008eae        0x2 
 .text.chk_lock
                0x08008eb0       0x64 Middlewares\Third_Party\FatFs\src\ff.o
 .text.inc_lock
                0x08008f14       0x88 Middlewares\Third_Party\FatFs\src\ff.o
 .text.dec_lock
                0x08008f9c       0x38 Middlewares\Third_Party\FatFs\src\ff.o
 .text.clmt_clust
                0x08008fd4       0x28 Middlewares\Third_Party\FatFs\src\ff.o
 .text.get_fileinfo
                0x08008ffc       0x5c Middlewares\Third_Party\FatFs\src\ff.o
 .text.get_ldnumber
                0x08009058       0x30 Middlewares\Third_Party\FatFs\src\ff.o
 .text.validate
                0x08009088       0x2e Middlewares\Third_Party\FatFs\src\ff.o
 .text.ld_clust.isra.0
                0x080090b6       0x1c Middlewares\Third_Party\FatFs\src\ff.o
 .text.sync_window.part.2
                0x080090d2       0x52 Middlewares\Third_Party\FatFs\src\ff.o
 .text.sync_window
                0x08009124        0xe Middlewares\Third_Party\FatFs\src\ff.o
 .text.sync_fs  0x08009132       0xba Middlewares\Third_Party\FatFs\src\ff.o
 .text.move_window
                0x080091ec       0x3a Middlewares\Third_Party\FatFs\src\ff.o
 *fill*         0x08009226        0x2 
 .text.check_fs
                0x08009228       0x58 Middlewares\Third_Party\FatFs\src\ff.o
 .text.find_volume
                0x08009280      0x280 Middlewares\Third_Party\FatFs\src\ff.o
 .text.clust2sect
                0x08009500       0x1c Middlewares\Third_Party\FatFs\src\ff.o
                0x08009500                clust2sect
 .text.get_fat  0x0800951c       0xc2 Middlewares\Third_Party\FatFs\src\ff.o
                0x0800951c                get_fat
 .text.dir_sdi  0x080095de       0x9e Middlewares\Third_Party\FatFs\src\ff.o
 .text.dir_remove
                0x0800967c       0x42 Middlewares\Third_Party\FatFs\src\ff.o
 .text.put_fat  0x080096be       0xf4 Middlewares\Third_Party\FatFs\src\ff.o
                0x080096be                put_fat
 .text.create_chain
                0x080097b2       0xb2 Middlewares\Third_Party\FatFs\src\ff.o
 .text.dir_next
                0x08009864      0x11e Middlewares\Third_Party\FatFs\src\ff.o
 *fill*         0x08009982        0x2 
 .text.follow_path
                0x08009984      0x1a8 Middlewares\Third_Party\FatFs\src\ff.o
 .text.dir_read.constprop.13
                0x08009b2c       0x58 Middlewares\Third_Party\FatFs\src\ff.o
 .text.dir_register
                0x08009b84       0x76 Middlewares\Third_Party\FatFs\src\ff.o
 .text.remove_chain
                0x08009bfa       0x64 Middlewares\Third_Party\FatFs\src\ff.o
 *fill*         0x08009c5e        0x2 
 .text.f_mount  0x08009c60       0x6c Middlewares\Third_Party\FatFs\src\ff.o
                0x08009c60                f_mount
 .text.f_open   0x08009ccc      0x1b0 Middlewares\Third_Party\FatFs\src\ff.o
                0x08009ccc                f_open
 .text.f_write  0x08009e7c      0x1de Middlewares\Third_Party\FatFs\src\ff.o
                0x08009e7c                f_write
 .text.f_sync   0x0800a05a       0xc0 Middlewares\Third_Party\FatFs\src\ff.o
                0x0800a05a                f_sync
 .text.f_close  0x0800a11a       0x22 Middlewares\Third_Party\FatFs\src\ff.o
                0x0800a11a                f_close
 .text.f_lseek  0x0800a13c      0x29e Middlewares\Third_Party\FatFs\src\ff.o
                0x0800a13c                f_lseek
 .text.f_opendir
                0x0800a3da       0x9c Middlewares\Third_Party\FatFs\src\ff.o
                0x0800a3da                f_opendir
 .text.f_readdir
                0x0800a476       0x56 Middlewares\Third_Party\FatFs\src\ff.o
                0x0800a476                f_readdir
 .text.f_unlink
                0x0800a4cc       0xa2 Middlewares\Third_Party\FatFs\src\ff.o
                0x0800a4cc                f_unlink
 .text.f_utime  0x0800a56e       0x52 Middlewares\Third_Party\FatFs\src\ff.o
                0x0800a56e                f_utime
 .text.FATFS_LinkDriverEx
                0x0800a5c0       0x44 Middlewares\Third_Party\FatFs\src\ff_gen_drv.o
                0x0800a5c0                FATFS_LinkDriverEx
 .text.FATFS_LinkDriver
                0x0800a604        0x6 Middlewares\Third_Party\FatFs\src\ff_gen_drv.o
                0x0800a604                FATFS_LinkDriver
 *fill*         0x0800a60a        0x2 
 .text.FATFS_UnLinkDriverEx
                0x0800a60c       0x30 Middlewares\Third_Party\FatFs\src\ff_gen_drv.o
                0x0800a60c                FATFS_UnLinkDriverEx
 .text.FATFS_UnLinkDriver
                0x0800a63c        0x6 Middlewares\Third_Party\FatFs\src\ff_gen_drv.o
                0x0800a63c                FATFS_UnLinkDriver
 *fill*         0x0800a642        0x2 
 .text.__libc_init_array
                0x0800a644       0x48 d:/program files d/truestudio for stm32 9.1.0/armtools/bin/../lib/gcc/arm-atollic-eabi/6.3.1/../../../../arm-atollic-eabi/lib/armv7e-m/fpu\libc_nano.a(lib_a-init.o)
                0x0800a644                __libc_init_array
 .text.malloc   0x0800a68c       0x10 d:/program files d/truestudio for stm32 9.1.0/armtools/bin/../lib/gcc/arm-atollic-eabi/6.3.1/../../../../arm-atollic-eabi/lib/armv7e-m/fpu\libc_nano.a(lib_a-malloc.o)
                0x0800a68c                malloc
 .text.free     0x0800a69c       0x10 d:/program files d/truestudio for stm32 9.1.0/armtools/bin/../lib/gcc/arm-atollic-eabi/6.3.1/../../../../arm-atollic-eabi/lib/armv7e-m/fpu\libc_nano.a(lib_a-malloc.o)
                0x0800a69c                free
 .text.memcpy   0x0800a6ac       0x16 d:/program files d/truestudio for stm32 9.1.0/armtools/bin/../lib/gcc/arm-atollic-eabi/6.3.1/../../../../arm-atollic-eabi/lib/armv7e-m/fpu\libc_nano.a(lib_a-memcpy-stub.o)
                0x0800a6ac                memcpy
 .text.memset   0x0800a6c2       0x10 d:/program files d/truestudio for stm32 9.1.0/armtools/bin/../lib/gcc/arm-atollic-eabi/6.3.1/../../../../arm-atollic-eabi/lib/armv7e-m/fpu\libc_nano.a(lib_a-memset.o)
                0x0800a6c2                memset
 *fill*         0x0800a6d2        0x2 
 .text._free_r  0x0800a6d4       0x9c d:/program files d/truestudio for stm32 9.1.0/armtools/bin/../lib/gcc/arm-atollic-eabi/6.3.1/../../../../arm-atollic-eabi/lib/armv7e-m/fpu\libc_nano.a(lib_a-nano-freer.o)
                0x0800a6d4                _free_r
 .text._malloc_r
                0x0800a770       0xbc d:/program files d/truestudio for stm32 9.1.0/armtools/bin/../lib/gcc/arm-atollic-eabi/6.3.1/../../../../arm-atollic-eabi/lib/armv7e-m/fpu\libc_nano.a(lib_a-nano-mallocr.o)
                0x0800a770                _malloc_r
 .text._sbrk_r  0x0800a82c       0x20 d:/program files d/truestudio for stm32 9.1.0/armtools/bin/../lib/gcc/arm-atollic-eabi/6.3.1/../../../../arm-atollic-eabi/lib/armv7e-m/fpu\libc_nano.a(lib_a-sbrkr.o)
                0x0800a82c                _sbrk_r
 .text.sprintf  0x0800a84c       0x48 d:/program files d/truestudio for stm32 9.1.0/armtools/bin/../lib/gcc/arm-atollic-eabi/6.3.1/../../../../arm-atollic-eabi/lib/armv7e-m/fpu\libc_nano.a(lib_a-sprintf.o)
                0x0800a84c                siprintf
                0x0800a84c                sprintf
 .text.sscanf   0x0800a894       0x54 d:/program files d/truestudio for stm32 9.1.0/armtools/bin/../lib/gcc/arm-atollic-eabi/6.3.1/../../../../arm-atollic-eabi/lib/armv7e-m/fpu\libc_nano.a(lib_a-sscanf.o)
                0x0800a894                siscanf
                0x0800a894                sscanf
 .text.__seofread
                0x0800a8e8        0x4 d:/program files d/truestudio for stm32 9.1.0/armtools/bin/../lib/gcc/arm-atollic-eabi/6.3.1/../../../../arm-atollic-eabi/lib/armv7e-m/fpu\libc_nano.a(lib_a-stdio.o)
                0x0800a8e8                __seofread
 .text.strcpy   0x0800a8ec       0x10 d:/program files d/truestudio for stm32 9.1.0/armtools/bin/../lib/gcc/arm-atollic-eabi/6.3.1/../../../../arm-atollic-eabi/lib/armv7e-m/fpu\libc_nano.a(lib_a-strcpy.o)
                0x0800a8ec                strcpy
 .text.strstr   0x0800a8fc       0x36 d:/program files d/truestudio for stm32 9.1.0/armtools/bin/../lib/gcc/arm-atollic-eabi/6.3.1/../../../../arm-atollic-eabi/lib/armv7e-m/fpu\libc_nano.a(lib_a-strstr.o)
                0x0800a8fc                strstr
 .text.__malloc_lock
                0x0800a932        0x2 d:/program files d/truestudio for stm32 9.1.0/armtools/bin/../lib/gcc/arm-atollic-eabi/6.3.1/../../../../arm-atollic-eabi/lib/armv7e-m/fpu\libc_nano.a(lib_a-mlock.o)
                0x0800a932                __malloc_lock
 .text.__malloc_unlock
                0x0800a934        0x2 d:/program files d/truestudio for stm32 9.1.0/armtools/bin/../lib/gcc/arm-atollic-eabi/6.3.1/../../../../arm-atollic-eabi/lib/armv7e-m/fpu\libc_nano.a(lib_a-mlock.o)
                0x0800a934                __malloc_unlock
 .text.__ssputs_r
                0x0800a936       0xb6 d:/program files d/truestudio for stm32 9.1.0/armtools/bin/../lib/gcc/arm-atollic-eabi/6.3.1/../../../../arm-atollic-eabi/lib/armv7e-m/fpu\libc_nano.a(lib_a-nano-svfprintf.o)
                0x0800a936                __ssputs_r
 .text._svfprintf_r
                0x0800a9ec      0x1e8 d:/program files d/truestudio for stm32 9.1.0/armtools/bin/../lib/gcc/arm-atollic-eabi/6.3.1/../../../../arm-atollic-eabi/lib/armv7e-m/fpu\libc_nano.a(lib_a-nano-svfprintf.o)
                0x0800a9ec                _svfiprintf_r
                0x0800a9ec                _svfprintf_r
 .text._sungetc_r
                0x0800abd4       0x7a d:/program files d/truestudio for stm32 9.1.0/armtools/bin/../lib/gcc/arm-atollic-eabi/6.3.1/../../../../arm-atollic-eabi/lib/armv7e-m/fpu\libc_nano.a(lib_a-nano-svfscanf.o)
                0x0800abd4                _sungetc_r
 .text.__ssrefill_r
                0x0800ac4e       0x3a d:/program files d/truestudio for stm32 9.1.0/armtools/bin/../lib/gcc/arm-atollic-eabi/6.3.1/../../../../arm-atollic-eabi/lib/armv7e-m/fpu\libc_nano.a(lib_a-nano-svfscanf.o)
                0x0800ac4e                __ssrefill_r
 .text.__ssvfscanf_r
                0x0800ac88      0x2a8 d:/program files d/truestudio for stm32 9.1.0/armtools/bin/../lib/gcc/arm-atollic-eabi/6.3.1/../../../../arm-atollic-eabi/lib/armv7e-m/fpu\libc_nano.a(lib_a-nano-svfscanf.o)
                0x0800ac88                __ssvfiscanf_r
                0x0800ac88                __ssvfscanf_r
 .text._printf_common
                0x0800af30       0xec d:/program files d/truestudio for stm32 9.1.0/armtools/bin/../lib/gcc/arm-atollic-eabi/6.3.1/../../../../arm-atollic-eabi/lib/armv7e-m/fpu\libc_nano.a(lib_a-nano-vfprintf_i.o)
                0x0800af30                _printf_common
 .text._printf_i
                0x0800b01c      0x240 d:/program files d/truestudio for stm32 9.1.0/armtools/bin/../lib/gcc/arm-atollic-eabi/6.3.1/../../../../arm-atollic-eabi/lib/armv7e-m/fpu\libc_nano.a(lib_a-nano-vfprintf_i.o)
                0x0800b01c                _printf_i
 .text._scanf_chars
                0x0800b25c       0xc8 d:/program files d/truestudio for stm32 9.1.0/armtools/bin/../lib/gcc/arm-atollic-eabi/6.3.1/../../../../arm-atollic-eabi/lib/armv7e-m/fpu\libc_nano.a(lib_a-nano-vfscanf_i.o)
                0x0800b25c                _scanf_chars
 .text._scanf_i
                0x0800b324      0x1e8 d:/program files d/truestudio for stm32 9.1.0/armtools/bin/../lib/gcc/arm-atollic-eabi/6.3.1/../../../../arm-atollic-eabi/lib/armv7e-m/fpu\libc_nano.a(lib_a-nano-vfscanf_i.o)
                0x0800b324                _scanf_i
 .text.__sccl   0x0800b50c       0x60 d:/program files d/truestudio for stm32 9.1.0/armtools/bin/../lib/gcc/arm-atollic-eabi/6.3.1/../../../../arm-atollic-eabi/lib/armv7e-m/fpu\libc_nano.a(lib_a-sccl.o)
                0x0800b50c                __sccl
 .text._strtol_l.isra.0
                0x0800b56c      0x100 d:/program files d/truestudio for stm32 9.1.0/armtools/bin/../lib/gcc/arm-atollic-eabi/6.3.1/../../../../arm-atollic-eabi/lib/armv7e-m/fpu\libc_nano.a(lib_a-strtol.o)
 .text._strtol_r
                0x0800b66c       0x24 d:/program files d/truestudio for stm32 9.1.0/armtools/bin/../lib/gcc/arm-atollic-eabi/6.3.1/../../../../arm-atollic-eabi/lib/armv7e-m/fpu\libc_nano.a(lib_a-strtol.o)
                0x0800b66c                _strtol_r
 .text._strtoul_l.isra.0
                0x0800b690       0xfa d:/program files d/truestudio for stm32 9.1.0/armtools/bin/../lib/gcc/arm-atollic-eabi/6.3.1/../../../../arm-atollic-eabi/lib/armv7e-m/fpu\libc_nano.a(lib_a-strtoul.o)
 *fill*         0x0800b78a        0x2 
 .text._strtoul_r
                0x0800b78c       0x24 d:/program files d/truestudio for stm32 9.1.0/armtools/bin/../lib/gcc/arm-atollic-eabi/6.3.1/../../../../arm-atollic-eabi/lib/armv7e-m/fpu\libc_nano.a(lib_a-strtoul.o)
                0x0800b78c                _strtoul_r
 .text.__submore
                0x0800b7b0       0x76 d:/program files d/truestudio for stm32 9.1.0/armtools/bin/../lib/gcc/arm-atollic-eabi/6.3.1/../../../../arm-atollic-eabi/lib/armv7e-m/fpu\libc_nano.a(lib_a-ungetc.o)
                0x0800b7b0                __submore
 .text.__locale_ctype_ptr_l
                0x0800b826        0x6 d:/program files d/truestudio for stm32 9.1.0/armtools/bin/../lib/gcc/arm-atollic-eabi/6.3.1/../../../../arm-atollic-eabi/lib/armv7e-m/fpu\libc_nano.a(lib_a-locale.o)
                0x0800b826                __locale_ctype_ptr_l
 .text.__locale_ctype_ptr
                0x0800b82c       0x1c d:/program files d/truestudio for stm32 9.1.0/armtools/bin/../lib/gcc/arm-atollic-eabi/6.3.1/../../../../arm-atollic-eabi/lib/armv7e-m/fpu\libc_nano.a(lib_a-locale.o)
                0x0800b82c                __locale_ctype_ptr
 .text.__ascii_mbtowc
                0x0800b848       0x24 d:/program files d/truestudio for stm32 9.1.0/armtools/bin/../lib/gcc/arm-atollic-eabi/6.3.1/../../../../arm-atollic-eabi/lib/armv7e-m/fpu\libc_nano.a(lib_a-mbtowc_r.o)
                0x0800b848                __ascii_mbtowc
 .text.memmove  0x0800b86c       0x34 d:/program files d/truestudio for stm32 9.1.0/armtools/bin/../lib/gcc/arm-atollic-eabi/6.3.1/../../../../arm-atollic-eabi/lib/armv7e-m/fpu\libc_nano.a(lib_a-memmove.o)
                0x0800b86c                memmove
 .text._realloc_r
                0x0800b8a0       0x4c d:/program files d/truestudio for stm32 9.1.0/armtools/bin/../lib/gcc/arm-atollic-eabi/6.3.1/../../../../arm-atollic-eabi/lib/armv7e-m/fpu\libc_nano.a(lib_a-nano-reallocr.o)
                0x0800b8a0                _realloc_r
 .text.__ascii_wctomb
                0x0800b8ec       0x1a d:/program files d/truestudio for stm32 9.1.0/armtools/bin/../lib/gcc/arm-atollic-eabi/6.3.1/../../../../arm-atollic-eabi/lib/armv7e-m/fpu\libc_nano.a(lib_a-wctomb_r.o)
                0x0800b8ec                __ascii_wctomb
 .text._malloc_usable_size_r
                0x0800b906       0x12 d:/program files d/truestudio for stm32 9.1.0/armtools/bin/../lib/gcc/arm-atollic-eabi/6.3.1/../../../../arm-atollic-eabi/lib/armv7e-m/fpu\libc_nano.a(lib_a-nano-msizer.o)
                0x0800b906                _malloc_usable_size_r
 .text._sbrk    0x0800b918       0x1c d:/program files d/truestudio for stm32 9.1.0/armtools/bin/../lib/gcc/arm-atollic-eabi/6.3.1/../../../../arm-atollic-eabi/lib/armv7e-m/fpu\libnosys.a(sbrk.o)
                0x0800b918                _sbrk
 *(.glue_7)
 .glue_7        0x0800b934        0x0 linker stubs
 *(.glue_7t)
 .glue_7t       0x0800b934        0x0 linker stubs
 *(.eh_frame)
 .eh_frame      0x0800b934        0x0 d:/program files d/truestudio for stm32 9.1.0/armtools/bin/../lib/gcc/arm-atollic-eabi/6.3.1/armv7e-m/fpu/crtbegin.o
 *(.init)
 .init          0x0800b934        0x4 d:/program files d/truestudio for stm32 9.1.0/armtools/bin/../lib/gcc/arm-atollic-eabi/6.3.1/armv7e-m/fpu/crti.o
                0x0800b934                _init
 .init          0x0800b938        0x8 d:/program files d/truestudio for stm32 9.1.0/armtools/bin/../lib/gcc/arm-atollic-eabi/6.3.1/armv7e-m/fpu/crtn.o
 *(.fini)
 .fini          0x0800b940        0x4 d:/program files d/truestudio for stm32 9.1.0/armtools/bin/../lib/gcc/arm-atollic-eabi/6.3.1/armv7e-m/fpu/crti.o
                0x0800b940                _fini
 .fini          0x0800b944        0x8 d:/program files d/truestudio for stm32 9.1.0/armtools/bin/../lib/gcc/arm-atollic-eabi/6.3.1/armv7e-m/fpu/crtn.o
                0x0800b94c                . = ALIGN (0x4)
                0x0800b94c                _etext = .

.vfp11_veneer   0x0800b94c        0x0
 .vfp11_veneer  0x0800b94c        0x0 linker stubs

.v4_bx          0x0800b94c        0x0
 .v4_bx         0x0800b94c        0x0 linker stubs

.iplt           0x0800b94c        0x0