Archive member included to satisfy reference by file (symbol)

c:/program files (x86)/atollic/truestudio for stm32 9.3.0/armtools/bin/../lib/gcc/arm-atollic-eabi/6.3.1/../../../../arm-atollic-eabi/lib/armv7e-m/fpu\libc_nano.a(lib_a-init.o)
                              Drivers\CMSIS\Device\ST\STM32L4xx\Source\Templates\gcc\startup_stm32l476xx.o (__libc_init_array)
c:/program files (x86)/atollic/truestudio for stm32 9.3.0/armtools/bin/../lib/gcc/arm-atollic-eabi/6.3.1/../../../../arm-atollic-eabi/lib/armv7e-m/fpu\libc_nano.a(lib_a-malloc.o)
                              ApplicationSRC\usbd_storage.o (malloc)
c:/program files (x86)/atollic/truestudio for stm32 9.3.0/armtools/bin/../lib/gcc/arm-atollic-eabi/6.3.1/../../../../arm-atollic-eabi/lib/armv7e-m/fpu\libc_nano.a(lib_a-memcpy-stub.o)
                              ApplicationSRC\usbd_storage.o (memcpy)
c:/program files (x86)/atollic/truestudio for stm32 9.3.0/armtools/bin/../lib/gcc/arm-atollic-eabi/6.3.1/../../../../arm-atollic-eabi/lib/armv7e-m/fpu\libc_nano.a(lib_a-memset.o)
                              ApplicationSRC\bsp_driver_sd.o (memset)
c:/program files (x86)/atollic/truestudio for stm32 9.3.0/armtools/bin/../lib/gcc/arm-atollic-eabi/6.3.1/../../../../arm-atollic-eabi/lib/armv7e-m/fpu\libc_nano.a(lib_a-mktime.o)
                              ApplicationSRC\sensor.o (mktime)
c:/program files (x86)/atollic/truestudio for stm32 9.3.0/armtools/bin/../lib/gcc/arm-atollic-eabi/6.3.1/../../../../arm-atollic-eabi/lib/armv7e-m/fpu\libc_nano.a(lib_a-nano-freer.o)
                              c:/program files (x86)/atollic/truestudio for stm32 9.3.0/armtools/bin/../lib/gcc/arm-atollic-eabi/6.3.1/../../../../arm-atollic-eabi/lib/armv7e-m/fpu\libc_nano.a(lib_a-malloc.o) (_free_r)
c:/program files (x86)/atollic/truestudio for stm32 9.3.0/armtools/bin/../lib/gcc/arm-atollic-eabi/6.3.1/../../../../arm-atollic-eabi/lib/armv7e-m/fpu\libc_nano.a(lib_a-nano-mallocr.o)
                              c:/program files (x86)/atollic/truestudio for stm32 9.3.0/armtools/bin/../lib/gcc/arm-atollic-eabi/6.3.1/../../../../arm-atollic-eabi/lib/armv7e-m/fpu\libc_nano.a(lib_a-malloc.o) (_malloc_r)
c:/program files (x86)/atollic/truestudio for stm32 9.3.0/armtools/bin/../lib/gcc/arm-atollic-eabi/6.3.1/../../../../arm-atollic-eabi/lib/armv7e-m/fpu\libc_nano.a(lib_a-sbrkr.o)
                              c:/program files (x86)/atollic/truestudio for stm32 9.3.0/armtools/bin/../lib/gcc/arm-atollic-eabi/6.3.1/../../../../arm-atollic-eabi/lib/armv7e-m/fpu\libc_nano.a(lib_a-nano-mallocr.o) (_sbrk_r)
c:/program files (x86)/atollic/truestudio for stm32 9.3.0/armtools/bin/../lib/gcc/arm-atollic-eabi/6.3.1/../../../../arm-atollic-eabi/lib/armv7e-m/fpu\libc_nano.a(lib_a-sprintf.o)
                              ApplicationSRC\sensor.o (sprintf)
c:/program files (x86)/atollic/truestudio for stm32 9.3.0/armtools/bin/../lib/gcc/arm-atollic-eabi/6.3.1/../../../../arm-atollic-eabi/lib/armv7e-m/fpu\libc_nano.a(lib_a-sscanf.o)
                              ApplicationSRC\sensor.o (sscanf)
c:/program files (x86)/atollic/truestudio for stm32 9.3.0/armtools/bin/../lib/gcc/arm-atollic-eabi/6.3.1/../../../../arm-atollic-eabi/lib/armv7e-m/fpu\libc_nano.a(lib_a-stdio.o)
                              c:/program files (x86)/atollic/truestudio for stm32 9.3.0/armtools/bin/../lib/gcc/arm-atollic-eabi/6.3.1/../../../../arm-atollic-eabi/lib/armv7e-m/fpu\libc_nano.a(lib_a-sscanf.o) (__seofread)
c:/program files (x86)/atollic/truestudio for stm32 9.3.0/armtools/bin/../lib/gcc/arm-atollic-eabi/6.3.1/../../../../arm-atollic-eabi/lib/armv7e-m/fpu\libc_nano.a(lib_a-strcpy.o)
                              ApplicationSRC\main.o (strcpy)
c:/program files (x86)/atollic/truestudio for stm32 9.3.0/armtools/bin/../lib/gcc/arm-atollic-eabi/6.3.1/../../../../arm-atollic-eabi/lib/armv7e-m/fpu\libc_nano.a(lib_a-strlen.o)
                              ApplicationSRC\sensor.o (strlen)
c:/program files (x86)/atollic/truestudio for stm32 9.3.0/armtools/bin/../lib/gcc/arm-atollic-eabi/6.3.1/../../../../arm-atollic-eabi/lib/armv7e-m/fpu\libc_nano.a(lib_a-strstr.o)
                              ApplicationSRC\sensor.o (strstr)
c:/program files (x86)/atollic/truestudio for stm32 9.3.0/armtools/bin/../lib/gcc/arm-atollic-eabi/6.3.1/../../../../arm-atollic-eabi/lib/armv7e-m/fpu\libc_nano.a(lib_a-tzcalc_limits.o)
                              c:/program files (x86)/atollic/truestudio for stm32 9.3.0/armtools/bin/../lib/gcc/arm-atollic-eabi/6.3.1/../../../../arm-atollic-eabi/lib/armv7e-m/fpu\libc_nano.a(lib_a-mktime.o) (__tzcalc_limits)
c:/program files (x86)/atollic/truestudio for stm32 9.3.0/armtools/bin/../lib/gcc/arm-atollic-eabi/6.3.1/../../../../arm-atollic-eabi/lib/armv7e-m/fpu\libc_nano.a(lib_a-tzlock.o)
                              c:/program files (x86)/atollic/truestudio for stm32 9.3.0/armtools/bin/../lib/gcc/arm-atollic-eabi/6.3.1/../../../../arm-atollic-eabi/lib/armv7e-m/fpu\libc_nano.a(lib_a-mktime.o) (__tz_lock)
[...]
Memory Configuration

Name             Origin             Length             Attributes
FLASH            0x08000000         0x00100000         xr
RAM              0x20000000         0x00018000         xrw
RAM2             0x10000000         0x00008000         rw
MEMORY_B1        0x60000000         0x00000000         xr
*default*        0x00000000         0xffffffff

Linker script and memory map

LOAD c:/program files (x86)/atollic/truestudio for stm32 9.3.0/armtools/bin/../lib/gcc/arm-atollic-eabi/6.3.1/armv7e-m/fpu/crti.o
LOAD c:/program files (x86)/atollic/truestudio for stm32 9.3.0/armtools/bin/../lib/gcc/arm-atollic-eabi/6.3.1/armv7e-m/fpu/crtbegin.o
LOAD ApplicationSRC\CAN.o
LOAD ApplicationSRC\EPOS4.o
LOAD ApplicationSRC\MadgwickAHRS.o
LOAD ApplicationSRC\StateFormulas.o
LOAD ApplicationSRC\bsp_driver_sd.o
LOAD ApplicationSRC\controller.o
LOAD ApplicationSRC\fatfs.o
LOAD ApplicationSRC\gpio_functions.o
LOAD ApplicationSRC\knee_control.o
LOAD ApplicationSRC\main.o
LOAD ApplicationSRC\peripherals.o
LOAD ApplicationSRC\sensor.o
LOAD ApplicationSRC\stm32l4xx_hal_msp.o
LOAD ApplicationSRC\stm32l4xx_it.o
LOAD ApplicationSRC\system_stm32l4xx.o
LOAD ApplicationSRC\time_functions.o
LOAD ApplicationSRC\usbd_conf.o
LOAD ApplicationSRC\usbd_desc.o
LOAD ApplicationSRC\usbd_storage.o
LOAD Drivers\CMSIS\Device\ST\STM32L4xx\Source\Templates\gcc\startup_stm32l476xx.o
LOAD Drivers\STM32L4xx_HAL_Driver\Src\stm32l4xx_hal.o
LOAD Drivers\STM32L4xx_HAL_Driver\Src\stm32l4xx_hal_cortex.o
LOAD Drivers\STM32L4xx_HAL_Driver\Src\stm32l4xx_hal_dma.o
LOAD Drivers\STM32L4xx_HAL_Driver\Src\stm32l4xx_hal_flash.o
LOAD Drivers\STM32L4xx_HAL_Driver\Src\stm32l4xx_hal_flash_ex.o
LOAD Drivers\STM32L4xx_HAL_Driver\Src\stm32l4xx_hal_flash_ramfunc.o
LOAD Drivers\STM32L4xx_HAL_Driver\Src\stm32l4xx_hal_gpio.o
LOAD Drivers\STM32L4xx_HAL_Driver\Src\stm32l4xx_hal_i2c.o
LOAD Drivers\STM32L4xx_HAL_Driver\Src\stm32l4xx_hal_i2c_ex.o
LOAD Drivers\STM32L4xx_HAL_Driver\Src\stm32l4xx_hal_pcd.o
LOAD Drivers\STM32L4xx_HAL_Driver\Src\stm32l4xx_hal_pcd_ex.o
LOAD Drivers\STM32L4xx_HAL_Driver\Src\stm32l4xx_hal_pwr.o
LOAD Drivers\STM32L4xx_HAL_Driver\Src\stm32l4xx_hal_pwr_ex.o
LOAD Drivers\STM32L4xx_HAL_Driver\Src\stm32l4xx_hal_rcc.o
LOAD Drivers\STM32L4xx_HAL_Driver\Src\stm32l4xx_hal_rcc_ex.o
LOAD Drivers\STM32L4xx_HAL_Driver\Src\stm32l4xx_hal_sd.o
LOAD Drivers\STM32L4xx_HAL_Driver\Src\stm32l4xx_hal_tim.o
LOAD Drivers\STM32L4xx_HAL_Driver\Src\stm32l4xx_hal_tim_ex.o
LOAD Drivers\STM32L4xx_HAL_Driver\Src\stm32l4xx_hal_uart.o
LOAD Drivers\STM32L4xx_HAL_Driver\Src\stm32l4xx_ll_adc.o
LOAD Drivers\STM32L4xx_HAL_Driver\Src\stm32l4xx_ll_comp.o
LOAD Drivers\STM32L4xx_HAL_Driver\Src\stm32l4xx_ll_dac.o
LOAD Drivers\STM32L4xx_HAL_Driver\Src\stm32l4xx_ll_dma.o
LOAD Drivers\STM32L4xx_HAL_Driver\Src\stm32l4xx_ll_exti.o
LOAD Drivers\STM32L4xx_HAL_Driver\Src\stm32l4xx_ll_gpio.o
LOAD Drivers\STM32L4xx_HAL_Driver\Src\stm32l4xx_ll_i2c.o
LOAD Drivers\STM32L4xx_HAL_Driver\Src\stm32l4xx_ll_lptim.o
LOAD Drivers\STM32L4xx_HAL_Driver\Src\stm32l4xx_ll_lpuart.o
LOAD Drivers\STM32L4xx_HAL_Driver\Src\stm32l4xx_ll_rcc.o
LOAD Drivers\STM32L4xx_HAL_Driver\Src\stm32l4xx_ll_rtc.o
LOAD Drivers\STM32L4xx_HAL_Driver\Src\stm32l4xx_ll_sdmmc.o
LOAD Drivers\STM32L4xx_HAL_Driver\Src\stm32l4xx_ll_spi.o
LOAD Drivers\STM32L4xx_HAL_Driver\Src\stm32l4xx_ll_usart.o
LOAD Drivers\STM32L4xx_HAL_Driver\Src\stm32l4xx_ll_usb.o
LOAD Drivers\STM32L4xx_HAL_Driver\Src\stm32l4xx_ll_utils.o
LOAD Middlewares\ST\STM32_USB_Device_Library\Class\MSC\Src\usbd_msc.o
LOAD Middlewares\ST\STM32_USB_Device_Library\Class\MSC\Src\usbd_msc_bot.o
LOAD Middlewares\ST\STM32_USB_Device_Library\Class\MSC\Src\usbd_msc_data.o
LOAD Middlewares\ST\STM32_USB_Device_Library\Class\MSC\Src\usbd_msc_scsi.o
LOAD Middlewares\ST\STM32_USB_Device_Library\Core\Src\usbd_core.o
LOAD Middlewares\ST\STM32_USB_Device_Library\Core\Src\usbd_ctlreq.o
LOAD Middlewares\ST\STM32_USB_Device_Library\Core\Src\usbd_ioreq.o
LOAD Middlewares\Third_Party\FatFs\src\diskio.o
LOAD Middlewares\Third_Party\FatFs\src\drivers\sd_diskio.o
LOAD Middlewares\Third_Party\FatFs\src\ff.o
LOAD Middlewares\Third_Party\FatFs\src\ff_gen_drv.o
LOAD Middlewares\Third_Party\FatFs\src\option\syscall.o
                0x00000080                malloc_getpagesize_P = 0x80
START GROUP
LOAD c:/program files (x86)/atollic/truestudio for stm32 9.3.0/armtools/bin/../lib/gcc/arm-atollic-eabi/6.3.1/../../../../arm-atollic-eabi/lib/armv7e-m/fpu\libc_nano.a
LOAD c:/program files (x86)/atollic/truestudio for stm32 9.3.0/armtools/bin/../lib/gcc/arm-atollic-eabi/6.3.1/../../../../arm-atollic-eabi/lib/armv7e-m/fpu\libm.a
END GROUP
START GROUP
LOAD c:/program files (x86)/atollic/truestudio for stm32 9.3.0/armtools/bin/../lib/gcc/arm-atollic-eabi/6.3.1/armv7e-m/fpu\libgcc.a
LOAD c:/program files (x86)/atollic/truestudio for stm32 9.3.0/armtools/bin/../lib/gcc/arm-atollic-eabi/6.3.1/../../../../arm-atollic-eabi/lib/armv7e-m/fpu\libc_nano.a
END GROUP
START GROUP
LOAD c:/program files (x86)/atollic/truestudio for stm32 9.3.0/armtools/bin/../lib/gcc/arm-atollic-eabi/6.3.1/armv7e-m/fpu\libgcc.a
LOAD c:/program files (x86)/atollic/truestudio for stm32 9.3.0/armtools/bin/../lib/gcc/arm-atollic-eabi/6.3.1/../../../../arm-atollic-eabi/lib/armv7e-m/fpu\libc_nano.a
LOAD c:/program files (x86)/atollic/truestudio for stm32 9.3.0/armtools/bin/../lib/gcc/arm-atollic-eabi/6.3.1/../../../../arm-atollic-eabi/lib/armv7e-m/fpu\libnosys.a
END GROUP
START GROUP
LOAD c:/program files (x86)/atollic/truestudio for stm32 9.3.0/armtools/bin/../lib/gcc/arm-atollic-eabi/6.3.1/armv7e-m/fpu\libgcc.a
LOAD c:/program files (x86)/atollic/truestudio for stm32 9.3.0/armtools/bin/../lib/gcc/arm-atollic-eabi/6.3.1/../../../../arm-atollic-eabi/lib/armv7e-m/fpu\libc_nano.a
LOAD c:/program files (x86)/atollic/truestudio for stm32 9.3.0/armtools/bin/../lib/gcc/arm-atollic-eabi/6.3.1/../../../../arm-atollic-eabi/lib/armv7e-m/fpu\libnosys.a
END GROUP
LOAD c:/program files (x86)/atollic/truestudio for stm32 9.3.0/armtools/bin/../lib/gcc/arm-atollic-eabi/6.3.1/armv7e-m/fpu/crtend.o
LOAD c:/program files (x86)/atollic/truestudio for stm32 9.3.0/armtools/bin/../lib/gcc/arm-atollic-eabi/6.3.1/armv7e-m/fpu/crtn.o
                0x20018000                _estack = 0x20018000
                0x00000000                _Min_Heap_Size = 0x0
                0x00000400                _Min_Stack_Size = 0x400

.isr_vector     0x08000000      0x188
                0x08000000                . = ALIGN (0x4)
 *(.isr_vector)
 .isr_vector    0x08000000      0x188 Drivers\CMSIS\Device\ST\STM32L4xx\Source\Templates\gcc\startup_stm32l476xx.o
                0x08000000                g_pfnVectors
                0x08000188                . = ALIGN (0x4)

.text           0x08000190     0xdfe0
                0x08000190                . = ALIGN (0x4)
 *(.text)
 .text          0x08000190       0x40 c:/program files (x86)/atollic/truestudio for stm32 9.3.0/armtools/bin/../lib/gcc/arm-atollic-eabi/6.3.1/armv7e-m/fpu/crtbegin.o
 .text          0x080001d0       0x10 c:/program files (x86)/atollic/truestudio for stm32 9.3.0/armtools/bin/../lib/gcc/arm-atollic-eabi/6.3.1/../../../../arm-atollic-eabi/lib/armv7e-m/fpu\libc_nano.a(lib_a-strlen.o)
                0x080001d0                strlen
 .text          0x080001e0       0xa0 c:/program files (x86)/atollic/truestudio for stm32 9.3.0/armtools/bin/../lib/gcc/arm-atollic-eabi/6.3.1/../../../../arm-atollic-eabi/lib/armv7e-m/fpu\libc_nano.a(lib_a-memchr.o)
                0x080001e0                memchr
 .text          0x08000280      0x370 c:/program files (x86)/atollic/truestudio for stm32 9.3.0/armtools/bin/../lib/gcc/arm-atollic-eabi/6.3.1/armv7e-m/fpu\libgcc.a(_arm_addsubdf3.o)
                0x08000280                __aeabi_drsub
                0x08000288                __aeabi_dsub
                0x08000288                __subdf3
                0x0800028c                __aeabi_dadd
                0x0800028c                __adddf3
                0x08000504                __floatunsidf
                0x08000504                __aeabi_ui2d
                0x08000524                __floatsidf
                0x08000524                __aeabi_i2d
                0x08000548                __aeabi_f2d
                0x08000548                __extendsfdf2
                0x08000584                __floatundidf
                0x08000584                __aeabi_ul2d
                0x08000594                __floatdidf
                0x08000594                __aeabi_l2d
 .text          0x080005f0      0x424 c:/program files (x86)/atollic/truestudio for stm32 9.3.0/armtools/bin/../lib/gcc/arm-atollic-eabi/6.3.1/armv7e-m/fpu\libgcc.a(_arm_muldivdf3.o)
                0x080005f0                __aeabi_dmul
                0x080005f0                __muldf3
                0x08000844                __divdf3
                0x08000844                __aeabi_ddiv
 .text          0x08000a14      0x110 c:/program files (x86)/atollic/truestudio for stm32 9.3.0/armtools/bin/../lib/gcc/arm-atollic-eabi/6.3.1/armv7e-m/fpu\libgcc.a(_arm_cmpdf2.o)
                0x08000a14                __gtdf2
                0x08000a14                __gedf2
                0x08000a1c                __ltdf2
                0x08000a1c                __ledf2
                0x08000a24                __nedf2
                0x08000a24                __eqdf2
                0x08000a24                __cmpdf2
                0x08000aa0                __aeabi_cdrcmple
                0x08000ab0                __aeabi_cdcmpeq
                0x08000ab0                __aeabi_cdcmple
                0x08000ac0                __aeabi_dcmpeq
                0x08000ad4                __aeabi_dcmplt
                0x08000ae8                __aeabi_dcmple
                0x08000afc                __aeabi_dcmpge
                0x08000b10                __aeabi_dcmpgt
 .text          0x08000b24       0x2c c:/program files (x86)/atollic/truestudio for stm32 9.3.0/armtools/bin/../lib/gcc/arm-atollic-eabi/6.3.1/armv7e-m/fpu\libgcc.a(_arm_unorddf2.o)
                0x08000b24                __unorddf2
                0x08000b24                __aeabi_dcmpun
 .text          0x08000b50       0x50 c:/program files (x86)/atollic/truestudio for stm32 9.3.0/armtools/bin/../lib/gcc/arm-atollic-eabi/6.3.1/armv7e-m/fpu\libgcc.a(_arm_fixdfsi.o)
                0x08000b50                __aeabi_d2iz
                0x08000b50                __fixdfsi
 .text          0x08000ba0       0x40 c:/program files (x86)/atollic/truestudio for stm32 9.3.0/armtools/bin/../lib/gcc/arm-atollic-eabi/6.3.1/armv7e-m/fpu\libgcc.a(_arm_fixunsdfsi.o)
                0x08000ba0                __aeabi_d2uiz
                0x08000ba0                __fixunsdfsi
 .text          0x08000be0       0xa0 c:/program files (x86)/atollic/truestudio for stm32 9.3.0/armtools/bin/../lib/gcc/arm-atollic-eabi/6.3.1/armv7e-m/fpu\libgcc.a(_arm_truncdfsf2.o)
                0x08000be0                __truncdfsf2
                0x08000be0                __aeabi_d2f
 .text          0x08000c80       0x30 c:/program files (x86)/atollic/truestudio for stm32 9.3.0/armtools/bin/../lib/gcc/arm-atollic-eabi/6.3.1/armv7e-m/fpu\libgcc.a(_aeabi_uldivmod.o)
                0x08000c80                __aeabi_uldivmod
 .text          0x08000cb0      0x2dc c:/program files (x86)/atollic/truestudio for stm32 9.3.0/armtools/bin/../lib/gcc/arm-atollic-eabi/6.3.1/armv7e-m/fpu\libgcc.a(_udivmoddi4.o)
                0x08000cb0                __udivmoddi4
 .text          0x08000f8c        0x4 c:/program files (x86)/atollic/truestudio for stm32 9.3.0/armtools/bin/../lib/gcc/arm-atollic-eabi/6.3.1/armv7e-m/fpu\libgcc.a(_dvmd_tls.o)
                0x08000f8c                __aeabi_idiv0
                0x08000f8c                __aeabi_ldiv0
 *(.text*)
 .text.CAN_configure
                0x08000f90       0x1e ApplicationSRC\CAN.o
                0x08000f90                CAN_configure
 .text.CAN_mode
                0x08000fae        0x8 ApplicationSRC\CAN.o
                0x08000fae                CAN_mode
 .text.CAN_transmit
                0x08000fb6       0x6a ApplicationSRC\CAN.o
                0x08000fb6                CAN_transmit
 .text.EPOS4_data_framer
                0x08001020       0x1e ApplicationSRC\EPOS4.o
                0x08001020                EPOS4_data_framer
 .text.EPOS4_set_operation_mode
                0x0800103e       0x28 ApplicationSRC\EPOS4.o
                0x0800103e                EPOS4_set_operation_mode
 .text.EPOS4_PVM_start
                0x08001066       0x34 ApplicationSRC\EPOS4.o
                0x08001066                EPOS4_PVM_start
 .text.EPOS4_enable
                0x0800109a       0x3a ApplicationSRC\EPOS4.o
                0x0800109a                EPOS4_enable
 .text.EPOS4_CST_apply_torque
                0x080010d4       0x26 ApplicationSRC\EPOS4.o
                0x080010d4                EPOS4_CST_apply_torque
 .text.EPOS4_clear_errors
                0x080010fa       0x2c ApplicationSRC\EPOS4.o
                0x080010fa                EPOS4_clear_errors
 .text.Impedance
                0x08001126       0x5a ApplicationSRC\StateFormulas.o
                0x08001126                Impedance
 .text.BSP_SD_IsDetected
                0x08001180       0x10 ApplicationSRC\bsp_driver_sd.o
                0x08001180                BSP_SD_IsDetected
 .text.BSP_SD_IRQHandler
                0x08001190        0xc ApplicationSRC\bsp_driver_sd.o
                0x08001190                BSP_SD_IRQHandler
 .text.BSP_SD_DMA_Tx_IRQHandler
                0x0800119c        0xc ApplicationSRC\bsp_driver_sd.o
                0x0800119c                BSP_SD_DMA_Tx_IRQHandler
 .text.BSP_SD_DMA_Rx_IRQHandler
                0x080011a8        0xc ApplicationSRC\bsp_driver_sd.o
                0x080011a8                BSP_SD_DMA_Rx_IRQHandler
 .text.BSP_SD_GetStatus
                0x080011b4        0xc ApplicationSRC\bsp_driver_sd.o
                0x080011b4                BSP_SD_GetStatus
 .text.BSP_SD_GetCardInfo
                0x080011c0        0xc ApplicationSRC\bsp_driver_sd.o
                0x080011c0                BSP_SD_GetCardInfo
 .text.SD_DMAConfigRx
                0x080011cc       0x64 ApplicationSRC\bsp_driver_sd.o
                0x080011cc                SD_DMAConfigRx
 .text.BSP_SD_ReadBlocks_DMA
                0x08001230       0x4c ApplicationSRC\bsp_driver_sd.o
                0x08001230                BSP_SD_ReadBlocks_DMA
 .text.SD_DMAConfigTx
                0x0800127c       0x64 ApplicationSRC\bsp_driver_sd.o
                0x0800127c                SD_DMAConfigTx
 .text.BSP_SD_Init
                0x080012e0      0x104 ApplicationSRC\bsp_driver_sd.o
                0x080012e0                BSP_SD_Init
 .text.BSP_SD_WriteBlocks_DMA
                0x080013e4       0x4c ApplicationSRC\bsp_driver_sd.o
                0x080013e4                BSP_SD_WriteBlocks_DMA
 .text.controller_impedance
                0x08001430      0x110 ApplicationSRC\controller.o
                0x08001430                controller_impedance
 .text.get_fattime
                0x08001540        0x4 ApplicationSRC\fatfs.o
                0x08001540                get_fattime
 .text.LL_AHB2_GRP1_EnableClock
                0x08001544       0x1c ApplicationSRC\gpio_functions.o
 .text.MX_GPIO_Init
                0x08001560      0x1cc ApplicationSRC\gpio_functions.o
                0x08001560                MX_GPIO_Init
 .text.BLUE_LED_OFF
                0x0800172c       0x10 ApplicationSRC\gpio_functions.o
                0x0800172c                BLUE_LED_OFF
 .text.ALL_LED_OFF
                0x0800173c       0x1c ApplicationSRC\gpio_functions.o
                0x0800173c                ALL_LED_OFF
 .text.GREEN_LED_ONLY
                0x08001758       0x1c ApplicationSRC\gpio_functions.o
                0x08001758                GREEN_LED_ONLY
 .text.RED_LED_OFF
                0x08001774        0x2 ApplicationSRC\gpio_functions.o
                0x08001774                RED_LED_OFF
 .text.GREEN_LED_OFF
                0x08001776        0x2 ApplicationSRC\gpio_functions.o
                0x08001776                GREEN_LED_OFF
 .text.RED_LED_ONLY
                0x08001778       0x1c ApplicationSRC\gpio_functions.o
                0x08001778                RED_LED_ONLY
 .text.BLUE_LED_ONLY
                0x08001794       0x1c ApplicationSRC\gpio_functions.o
                0x08001794                BLUE_LED_ONLY
 .text.VIOLET_LED_ONLY
                0x080017b0       0x1c ApplicationSRC\gpio_functions.o
                0x080017b0                VIOLET_LED_ONLY
 .text.CYAN_LED_ONLY
                0x080017cc       0x1c ApplicationSRC\gpio_functions.o
                0x080017cc                CYAN_LED_ONLY
 .text.ALL_LED_ON
                0x080017e8        0x4 ApplicationSRC\gpio_functions.o
                0x080017e8                ALL_LED_ON
 .text.SD_POWER_ON
                0x080017ec        0x2 ApplicationSRC\gpio_functions.o
                0x080017ec                SD_POWER_ON
 .text.SD_POWER_OFF
                0x080017ee        0x2 ApplicationSRC\gpio_functions.o
                0x080017ee                SD_POWER_OFF
 .text.processKnee
                0x080017f0      0x424 ApplicationSRC\knee_control.o
                0x080017f0                processKnee
 .text.startup.main
                0x08001c14      0x264 ApplicationSRC\main.o
                0x08001c14                main
 .text.LPTIM2_IRQHandler
                0x08001e78       0x34 ApplicationSRC\main.o
                0x08001e78                LPTIM2_IRQHandler
 .text.EXTI9_5_IRQHandler
                0x08001eac       0x20 ApplicationSRC\main.o
                0x08001eac                EXTI9_5_IRQHandler
 .text.NVIC_SystemReset
                0x08001ecc       0x24 ApplicationSRC\sensor.o
 .text.LL_ADC_REG_StartConversion
                0x08001ef0       0x12 ApplicationSRC\sensor.o
 *fill*         0x08001f02        0x2 
 .text.LL_AHB2_GRP1_EnableClock
                0x08001f04       0x1c ApplicationSRC\sensor.o
 .text.LL_APB2_GRP1_EnableClock
                0x08001f20       0x1c ApplicationSRC\sensor.o
 .text.LL_GPIO_SetPinMode
                0x08001f3c       0x2c ApplicationSRC\sensor.o
 .text.LL_ADC_REG_SetSequencerRanks
                0x08001f68       0x3c ApplicationSRC\sensor.o
 .text.LL_ADC_SetChannelSamplingTime
                0x08001fa4       0x4e ApplicationSRC\sensor.o
 .text.LL_GPIO_SetAFPin_0_7
                0x08001ff2       0x2c ApplicationSRC\sensor.o
 .text.LL_GPIO_SetPinPull
                0x0800201e       0x2c ApplicationSRC\sensor.o
 .text.LL_GPIO_SetPinSpeed.constprop.6
                0x0800204a       0x2c ApplicationSRC\sensor.o
 *fill*         0x08002076        0x2 
 .text.LL_RTC_DATE_GetDay.constprop.8
                0x08002078       0x30 ApplicationSRC\sensor.o
 .text.LL_RTC_DATE_GetMonth.constprop.9
                0x080020a8       0x34 ApplicationSRC\sensor.o
 .text.LL_RTC_DATE_GetYear.constprop.10
                0x080020dc       0x34 ApplicationSRC\sensor.o
 .text.LL_RTC_TIME_GetSecond.constprop.11
                0x08002110       0x30 ApplicationSRC\sensor.o
 .text.LL_RTC_TIME_GetMinute.constprop.12
                0x08002140       0x34 ApplicationSRC\sensor.o
 .text.LL_RTC_TIME_GetHour.constprop.13
                0x08002174       0x34 ApplicationSRC\sensor.o
 .text.Power_on_reset
                0x080021a8       0x1c ApplicationSRC\sensor.o
                0x080021a8                Power_on_reset
 .text.Configure_Interrupt
                0x080021c4       0x34 ApplicationSRC\sensor.o
                0x080021c4                Configure_Interrupt
 .text.Shut_Down_USB
                0x080021f8       0x3c ApplicationSRC\sensor.o
                0x080021f8                Shut_Down_USB
 .text.USB_Clock_Ready
                0x08002234       0x34 ApplicationSRC\sensor.o
                0x08002234                USB_Clock_Ready
 .text.DFU_Bypass
                0x08002268       0x58 ApplicationSRC\sensor.o
                0x08002268                DFU_Bypass
 .text.Prepare_Goto_Dormant_Mode
                0x080022c0       0x14 ApplicationSRC\sensor.o
                0x080022c0                Prepare_Goto_Dormant_Mode
 .text.Reset_Variables_for_LowBattery
                0x080022d4        0xc ApplicationSRC\sensor.o
                0x080022d4                Reset_Variables_for_LowBattery
 .text.GetNextIndex
                0x080022e0       0x60 ApplicationSRC\sensor.o
                0x080022e0                GetNextIndex
 .text.Try_FATFS_Mount
                0x08002340       0x5c ApplicationSRC\sensor.o
                0x08002340                Try_FATFS_Mount
 .text.file_reopen_sync
                0x0800239c       0x30 ApplicationSRC\sensor.o
                0x0800239c                file_reopen_sync
 .text.file_reopen
                0x080023cc       0x30 ApplicationSRC\sensor.o
                0x080023cc                file_reopen
 .text.file_mnt_reopen
                0x080023fc       0x50 ApplicationSRC\sensor.o
                0x080023fc                file_mnt_reopen
 .text.FATFS_Logstart_Delete
                0x0800244c       0x4c ApplicationSRC\sensor.o
                0x0800244c                FATFS_Logstart_Delete
 .text.FATFS_Logstart_Ready
                0x08002498       0x5c ApplicationSRC\sensor.o
                0x08002498                FATFS_Logstart_Ready
 .text.USB_MSC_Init_Start
                0x080024f4       0x44 ApplicationSRC\sensor.o
                0x080024f4                USB_MSC_Init_Start
 .text.USB_VCP_Init_Start
                0x08002538       0x44 ApplicationSRC\sensor.o
                0x08002538                USB_VCP_Init_Start
 .text.Read_RTC_Timestamp
                0x0800257c       0xdc ApplicationSRC\sensor.o
                0x0800257c                Read_RTC_Timestamp
 .text.update_FATFS_time
                0x08002658       0x64 ApplicationSRC\sensor.o
                0x08002658                update_FATFS_time
 .text.File_Close_Update_Unlink
                0x080026bc       0x2c ApplicationSRC\sensor.o
                0x080026bc                File_Close_Update_Unlink
 .text.Shut_Down_SD
                0x080026e8        0x4 ApplicationSRC\sensor.o
                0x080026e8                Shut_Down_SD
 .text.Enter_RTC_InitMode
                0x080026ec       0x14 ApplicationSRC\sensor.o
                0x080026ec                Enter_RTC_InitMode
 .text.Exit_RTC_InitMode
                0x08002700       0x20 ApplicationSRC\sensor.o
                0x08002700                Exit_RTC_InitMode
 .text.MX_RTC_Init
                0x08002720       0xb4 ApplicationSRC\sensor.o
                0x08002720                MX_RTC_Init
 .text.Set_RTC_Calendar
                0x080027d4       0x70 ApplicationSRC\sensor.o
                0x080027d4                Set_RTC_Calendar
 .text.RTC_BAK_GetRegister
                0x08002844        0x8 ApplicationSRC\sensor.o
                0x08002844                RTC_BAK_GetRegister
 .text.USB_PA9_EXTI_conf
                0x0800284c       0x40 ApplicationSRC\sensor.o
                0x0800284c                USB_PA9_EXTI_conf
 .text.MCP_reset
                0x0800288c       0x30 ApplicationSRC\sensor.o
                0x0800288c                MCP_reset
 .text.Wait_for_ADC_timeout_While_Datalog
                0x080028bc       0x28 ApplicationSRC\sensor.o
                0x080028bc                Wait_for_ADC_timeout_While_Datalog
 .text.Wait_for_ADC_TimeOut_
                0x080028e4       0x28 ApplicationSRC\sensor.o
                0x080028e4                Wait_for_ADC_TimeOut_
 .text.P_Activate_ADC3
                0x0800290c       0xcc ApplicationSRC\sensor.o
                0x0800290c                P_Activate_ADC3
 .text.P_Activate_ADC2
                0x080029d8       0xcc ApplicationSRC\sensor.o
                0x080029d8                P_Activate_ADC2
 .text.P_Activate_ADC1
                0x08002aa4       0xd0 ApplicationSRC\sensor.o
                0x08002aa4                P_Activate_ADC1
 .text.P_ADC1_conf_strain
                0x08002b74      0x15c ApplicationSRC\sensor.o
                0x08002b74                P_ADC1_conf_strain
 .text.P_ADC_Sensor_GPIO_Init
                0x08002cd0       0x60 ApplicationSRC\sensor.o
                0x08002cd0                P_ADC_Sensor_GPIO_Init
 .text.WriteReg1
                0x08002d30       0x44 ApplicationSRC\sensor.o
                0x08002d30                WriteReg1
 .text.WriteReg1_imu2
                0x08002d74       0x44 ApplicationSRC\sensor.o
                0x08002d74                WriteReg1_imu2
 .text.MCP_write
                0x08002db8       0x48 ApplicationSRC\sensor.o
                0x08002db8                MCP_write
 .text.ReadRegs1
                0x08002e00       0x54 ApplicationSRC\sensor.o
                0x08002e00                ReadRegs1
 .text.Read_Loadcell1
                0x08002e54       0x58 ApplicationSRC\sensor.o
                0x08002e54                Read_Loadcell1
 .text.Read_Loadcell2
                0x08002eac       0x58 ApplicationSRC\sensor.o
                0x08002eac                Read_Loadcell2
 .text.F_Sensor_ADC_Store
                0x08002f04       0xc8 ApplicationSRC\sensor.o
                0x08002f04                F_Sensor_ADC_Store
 .text.ACC_GPIO_INIT
                0x08002fcc       0x9a ApplicationSRC\sensor.o
                0x08002fcc                ACC_GPIO_INIT
 *fill*         0x08003066        0x2 
 .text.P_IMU1_SPI1_Init
                0x08003068       0x80 ApplicationSRC\sensor.o
                0x08003068                P_IMU1_SPI1_Init
 .text.P_IMU3_SPI2_Init
                0x080030e8       0xec ApplicationSRC\sensor.o
                0x080030e8                P_IMU3_SPI2_Init
 .text.MCP_SPI2_Initialization_at_reset
                0x080031d4       0x24 ApplicationSRC\sensor.o
                0x080031d4                MCP_SPI2_Initialization_at_reset
 .text.Configure_USART_1
                0x080031f8       0x74 ApplicationSRC\sensor.o
                0x080031f8                Configure_USART_1
 .text.USART1_wr_print
                0x0800326c       0x2c ApplicationSRC\sensor.o
                0x0800326c                USART1_wr_print
 .text.Clear_ErrorTimestamp_Buffer
                0x08003298       0x14 ApplicationSRC\sensor.o
                0x08003298                Clear_ErrorTimestamp_Buffer
 .text.Reset_All
                0x080032ac       0x54 ApplicationSRC\sensor.o
                0x080032ac                Reset_All
 .text.Save_ErrorTimestamp_Buffer
                0x08003300       0x98 ApplicationSRC\sensor.o
                0x08003300                Save_ErrorTimestamp_Buffer
 .text.AIM_Error_Handler
                0x08003398       0xf4 ApplicationSRC\sensor.o
                0x08003398                AIM_Error_Handler
 .text.FATFS_Init
                0x0800348c       0x40 ApplicationSRC\sensor.o
                0x0800348c                FATFS_Init
 .text.Check_SD_Command_File
                0x080034cc      0x100 ApplicationSRC\sensor.o
                0x080034cc                Check_SD_Command_File
 .text.Execute_VCP_Command
                0x080035cc       0x5c ApplicationSRC\sensor.o
                0x080035cc                Execute_VCP_Command
 .text.Open_File_For_Sensor_Write
                0x08003628       0x74 ApplicationSRC\sensor.o
                0x08003628                Open_File_For_Sensor_Write
 .text.Datalog_Sensor_Initialization
                0x0800369c       0x20 ApplicationSRC\sensor.o
                0x0800369c                Datalog_Sensor_Initialization
 .text.Prepare_Data_Log_State
                0x080036bc       0x68 ApplicationSRC\sensor.o
                0x080036bc                Prepare_Data_Log_State
 .text.USB_Init_Start
                0x08003724       0xdc ApplicationSRC\sensor.o
                0x08003724                USB_Init_Start
 .text.SD_Sensor_write
                0x08003800       0x80 ApplicationSRC\sensor.o
                0x08003800                SD_Sensor_write
 .text.AIM_DataStart_at_Reset
                0x08003880       0x5c ApplicationSRC\sensor.o
                0x08003880                AIM_DataStart_at_Reset
 .text.IMU1_read
                0x080038dc       0x82 ApplicationSRC\sensor.o
                0x080038dc                IMU1_read
 *fill*         0x0800395e        0x2 
 .text.Knee_data_storeIMU
                0x08003960       0x7c ApplicationSRC\sensor.o
                0x08003960                Knee_data_storeIMU
 .text.Knee_data_store
                0x080039dc       0x60 ApplicationSRC\sensor.o
                0x080039dc                Knee_data_store
 .text.Knee_data_store1
                0x08003a3c       0x68 ApplicationSRC\sensor.o
                0x08003a3c                Knee_data_store1
 .text.MPU1_SPI1_init
                0x08003aa4       0xec ApplicationSRC\sensor.o
                0x08003aa4                MPU1_SPI1_init
 .text.MPU2_SPI1_init
                0x08003b90       0xec ApplicationSRC\sensor.o
                0x08003b90                MPU2_SPI1_init
 .text.P_IMU1_SPI1_Initialization_at_reset
                0x08003c7c       0x1a ApplicationSRC\sensor.o
                0x08003c7c                P_IMU1_SPI1_Initialization_at_reset
 *fill*         0x08003c96        0x2 
 .text.Mag_Enc2_Store
                0x08003c98       0x94 ApplicationSRC\sensor.o
                0x08003c98                Mag_Enc2_Store
 .text.Enc2_GetPosition
                0x08003d2c       0x74 ApplicationSRC\sensor.o
                0x08003d2c                Enc2_GetPosition
 .text.knee_angle
                0x08003da0       0x30 ApplicationSRC\sensor.o
                0x08003da0                knee_angle
 .text.IMU_orientation
                0x08003dd0      0x304 ApplicationSRC\sensor.o
                0x08003dd0                IMU_orientation
 .text.HAL_MspInit
                0x080040d4       0x8c ApplicationSRC\stm32l4xx_hal_msp.o
                0x080040d4                HAL_MspInit
 .text.HAL_SD_MspInit
                0x08004160       0x68 ApplicationSRC\stm32l4xx_hal_msp.o
                0x08004160                HAL_SD_MspInit
 .text.NMI_Handler
                0x080041c8        0x2 ApplicationSRC\stm32l4xx_it.o
                0x080041c8                NMI_Handler
 .text.HardFault_Handler
                0x080041ca        0x2 ApplicationSRC\stm32l4xx_it.o
                0x080041ca                HardFault_Handler
 .text.MemManage_Handler
                0x080041cc        0x2 ApplicationSRC\stm32l4xx_it.o
                0x080041cc                MemManage_Handler
 .text.BusFault_Handler
                0x080041ce        0x2 ApplicationSRC\stm32l4xx_it.o
                0x080041ce                BusFault_Handler
 .text.UsageFault_Handler
                0x080041d0        0x2 ApplicationSRC\stm32l4xx_it.o
                0x080041d0                UsageFault_Handler
 .text.SVC_Handler
                0x080041d2        0x2 ApplicationSRC\stm32l4xx_it.o
                0x080041d2                SVC_Handler
 .text.DebugMon_Handler
                0x080041d4        0x2 ApplicationSRC\stm32l4xx_it.o
                0x080041d4                DebugMon_Handler
 .text.PendSV_Handler
                0x080041d6        0x2 ApplicationSRC\stm32l4xx_it.o
                0x080041d6                PendSV_Handler
 .text.SysTick_Handler
                0x080041d8        0xe ApplicationSRC\stm32l4xx_it.o
                0x080041d8                SysTick_Handler
 *fill*         0x080041e6        0x2 
 .text.OTG_FS_IRQHandler
                0x080041e8        0xc ApplicationSRC\stm32l4xx_it.o
                0x080041e8                OTG_FS_IRQHandler
 .text.DMA2_Channel4_IRQHandler
                0x080041f4       0x18 ApplicationSRC\stm32l4xx_it.o
                0x080041f4                DMA2_Channel4_IRQHandler
 .text.SDMMC1_IRQHandler
                0x0800420c        0x4 ApplicationSRC\stm32l4xx_it.o
                0x0800420c                SDMMC1_IRQHandler
 .text.SystemInit
                0x08004210       0x48 ApplicationSRC\system_stm32l4xx.o
                0x08004210                SystemInit
 .text.LL_APB1_GRP1_EnableClock
                0x08004258       0x1c ApplicationSRC\time_functions.o
 .text.LL_RCC_SetUSBClockSource.constprop.3
                0x08004274       0x14 ApplicationSRC\time_functions.o
 .text.delay_us
                0x08004288       0x14 ApplicationSRC\time_functions.o
                0x08004288                delay_us
 .text.Start_LPTIMCounter2
                0x0800429c       0x28 ApplicationSRC\time_functions.o
                0x0800429c                Start_LPTIMCounter2
 .text.LSE_ON   0x080042c4       0x1c ApplicationSRC\time_functions.o
                0x080042c4                LSE_ON
 .text.EnterStop
                0x080042e0       0x2c ApplicationSRC\time_functions.o
                0x080042e0                EnterStop
 .text.SystemClock_Config_MSI_80MHz
                0x0800430c       0xe0 ApplicationSRC\time_functions.o
                0x0800430c                SystemClock_Config_MSI_80MHz
 .text.Configure_LPTIM2_Int
                0x080043ec       0x4c ApplicationSRC\time_functions.o
                0x080043ec                Configure_LPTIM2_Int
 .text.HAL_PCD_MspInit
                0x08004438       0x7c ApplicationSRC\usbd_conf.o
                0x08004438                HAL_PCD_MspInit
 .text.HAL_PCD_MspDeInit
                0x080044b4       0x18 ApplicationSRC\usbd_conf.o
                0x080044b4                HAL_PCD_MspDeInit
 .text.HAL_PCD_SetupStageCallback
                0x080044cc        0xc ApplicationSRC\usbd_conf.o
                0x080044cc                HAL_PCD_SetupStageCallback
 .text.HAL_PCD_DataOutStageCallback
                0x080044d8       0x12 ApplicationSRC\usbd_conf.o
                0x080044d8                HAL_PCD_DataOutStageCallback
 .text.HAL_PCD_DataInStageCallback
                0x080044ea       0x10 ApplicationSRC\usbd_conf.o
                0x080044ea                HAL_PCD_DataInStageCallback
 .text.HAL_PCD_SOFCallback
                0x080044fa        0x8 ApplicationSRC\usbd_conf.o
                0x080044fa                HAL_PCD_SOFCallback
 .text.HAL_PCD_ResetCallback
                0x08004502       0x1a ApplicationSRC\usbd_conf.o
                0x08004502                HAL_PCD_ResetCallback
 .text.HAL_PCD_SuspendCallback
                0x0800451c        0x8 ApplicationSRC\usbd_conf.o
                0x0800451c                HAL_PCD_SuspendCallback
 .text.HAL_PCD_ResumeCallback
                0x08004524        0x8 ApplicationSRC\usbd_conf.o
                0x08004524                HAL_PCD_ResumeCallback
 .text.HAL_PCD_ISOOUTIncompleteCallback
                0x0800452c        0x8 ApplicationSRC\usbd_conf.o
                0x0800452c                HAL_PCD_ISOOUTIncompleteCallback
 .text.HAL_PCD_ISOINIncompleteCallback
                0x08004534        0x8 ApplicationSRC\usbd_conf.o
                0x08004534                HAL_PCD_ISOINIncompleteCallback
 .text.HAL_PCD_ConnectCallback
                0x0800453c        0x8 ApplicationSRC\usbd_conf.o
                0x0800453c                HAL_PCD_ConnectCallback
 .text.HAL_PCD_DisconnectCallback
                0x08004544        0x8 ApplicationSRC\usbd_conf.o
                0x08004544                HAL_PCD_DisconnectCallback
 .text.USBD_LL_Init
                0x0800454c       0x5c ApplicationSRC\usbd_conf.o
                0x0800454c                USBD_LL_Init
 .text.USBD_LL_DeInit
                0x080045a8        0xe ApplicationSRC\usbd_conf.o
                0x080045a8                USBD_LL_DeInit
 .text.USBD_LL_Start
                0x080045b6        0xe ApplicationSRC\usbd_conf.o
                0x080045b6                USBD_LL_Start
 .text.USBD_LL_Stop
                0x080045c4        0xe ApplicationSRC\usbd_conf.o
                0x080045c4                USBD_LL_Stop
 .text.USBD_LL_OpenEP
                0x080045d2       0x14 ApplicationSRC\usbd_conf.o
                0x080045d2                USBD_LL_OpenEP
 .text.USBD_LL_CloseEP
                0x080045e6        0xe ApplicationSRC\usbd_conf.o
                0x080045e6                USBD_LL_CloseEP
 .text.USBD_LL_FlushEP
                0x080045f4        0xe ApplicationSRC\usbd_conf.o
                0x080045f4                USBD_LL_FlushEP
 .text.USBD_LL_StallEP
                0x08004602        0xe ApplicationSRC\usbd_conf.o
                0x08004602                USBD_LL_StallEP
 .text.USBD_LL_ClearStallEP
                0x08004610        0xe ApplicationSRC\usbd_conf.o
                0x08004610                USBD_LL_ClearStallEP
 .text.USBD_LL_IsStallEP
                0x0800461e       0x26 ApplicationSRC\usbd_conf.o
                0x0800461e                USBD_LL_IsStallEP
 .text.USBD_LL_SetUSBAddress
                0x08004644        0xe ApplicationSRC\usbd_conf.o
                0x08004644                USBD_LL_SetUSBAddress
 .text.USBD_LL_Transmit
                0x08004652        0xe ApplicationSRC\usbd_conf.o
                0x08004652                USBD_LL_Transmit
 .text.USBD_LL_PrepareReceive
                0x08004660        0xe ApplicationSRC\usbd_conf.o
                0x08004660                USBD_LL_PrepareReceive
 .text.USBD_LL_GetRxDataSize
                0x0800466e        0xc ApplicationSRC\usbd_conf.o
                0x0800466e                USBD_LL_GetRxDataSize
 *fill*         0x0800467a        0x2 
 .text.USBD_VCP_DeviceDescriptor
                0x0800467c        0xc ApplicationSRC\usbd_desc.o
                0x0800467c                USBD_VCP_DeviceDescriptor
 .text.USBD_MSC_DeviceDescriptor
                0x08004688        0xc ApplicationSRC\usbd_desc.o
                0x08004688                USBD_MSC_DeviceDescriptor
 .text.USBD_MSC_LangIDStrDescriptor
                0x08004694        0xc ApplicationSRC\usbd_desc.o
                0x08004694                USBD_MSC_LangIDStrDescriptor
 .text.IntToUnicode
                0x080046a0       0x28 ApplicationSRC\usbd_desc.o
 .text.USBD_VCP_SerialStrDescriptor
                0x080046c8       0x40 ApplicationSRC\usbd_desc.o
                0x080046c8                USBD_VCP_SerialStrDescriptor
 .text.USBD_MSC_SerialStrDescriptor
                0x08004708       0x40 ApplicationSRC\usbd_desc.o
                0x08004708                USBD_MSC_SerialStrDescriptor
 .text.USBD_VCP_ProductStrDescriptor
                0x08004748       0x1c ApplicationSRC\usbd_desc.o
                0x08004748                USBD_VCP_ProductStrDescriptor
 .text.USBD_MSC_ProductStrDescriptor
                0x08004764       0x1c ApplicationSRC\usbd_desc.o
                0x08004764                USBD_MSC_ProductStrDescriptor
 .text.USBD_MSC_ManufacturerStrDescriptor
                0x08004780       0x1c ApplicationSRC\usbd_desc.o
                0x08004780                USBD_MSC_ManufacturerStrDescriptor
 .text.USBD_VCP_ConfigStrDescriptor
                0x0800479c       0x1c ApplicationSRC\usbd_desc.o
                0x0800479c                USBD_VCP_ConfigStrDescriptor
 .text.USBD_MSC_ConfigStrDescriptor
                0x080047b8       0x1c ApplicationSRC\usbd_desc.o
                0x080047b8                USBD_MSC_ConfigStrDescriptor
 .text.USBD_VCP_InterfaceStrDescriptor
                0x080047d4       0x1c ApplicationSRC\usbd_desc.o
                0x080047d4                USBD_VCP_InterfaceStrDescriptor
 .text.USBD_MSC_InterfaceStrDescriptor
                0x080047f0       0x1c ApplicationSRC\usbd_desc.o
                0x080047f0                USBD_MSC_InterfaceStrDescriptor
 .text.USBD_VCP_LangIDStrDescriptor
                0x0800480c        0xc ApplicationSRC\usbd_desc.o
                0x0800480c                USBD_VCP_LangIDStrDescriptor
 .text.USBD_VCP_ManufacturerStrDescriptor
                0x08004818       0x1c ApplicationSRC\usbd_desc.o
                0x08004818                USBD_VCP_ManufacturerStrDescriptor
 .text.STORAGE_IsWriteProtected
                0x08004834        0x4 ApplicationSRC\usbd_storage.o
                0x08004834                STORAGE_IsWriteProtected
 .text.STORAGE_GetMaxLun
                0x08004838        0x4 ApplicationSRC\usbd_storage.o
                0x08004838                STORAGE_GetMaxLun
 .text.USBD_CDC_DataIn
                0x0800483c       0x12 ApplicationSRC\usbd_storage.o
 .text.USBD_CDC_EP0_RxReady
                0x0800484e       0x28 ApplicationSRC\usbd_storage.o
 *fill*         0x08004876        0x2 
 .text.USBD_CDC_GetFSCfgDesc
                0x08004878        0xc ApplicationSRC\usbd_storage.o
 .text.USBD_CDC_GetHSCfgDesc
                0x08004884        0xc ApplicationSRC\usbd_storage.o
 .text.USBD_CDC_GetOtherSpeedCfgDesc
                0x08004890        0xc ApplicationSRC\usbd_storage.o
 .text.USBD_CDC_GetDeviceQualifierDescriptor
                0x0800489c        0xc ApplicationSRC\usbd_storage.o
                0x0800489c                USBD_CDC_GetDeviceQualifierDescriptor
 .text.STORAGE_Init
                0x080048a8        0xa ApplicationSRC\usbd_storage.o
                0x080048a8                STORAGE_Init
 .text.STORAGE_GetCapacity
                0x080048b2       0x34 ApplicationSRC\usbd_storage.o
                0x080048b2                STORAGE_GetCapacity
 .text.STORAGE_Read
                0x080048e6       0x2c ApplicationSRC\usbd_storage.o
                0x080048e6                STORAGE_Read
 .text.STORAGE_Write
                0x08004912       0x2c ApplicationSRC\usbd_storage.o
                0x08004912                STORAGE_Write
 .text.USBD_CDC_DataOut
                0x0800493e       0x2e ApplicationSRC\usbd_storage.o
 .text.USBD_CDC_Setup
                0x0800496c       0x68 ApplicationSRC\usbd_storage.o
 .text.USBD_CDC_DeInit
                0x080049d4       0x3a ApplicationSRC\usbd_storage.o
 .text.USBD_CDC_Init
                0x08004a0e       0x8c ApplicationSRC\usbd_storage.o
 *fill*         0x08004a9a        0x2 
 .text.CDC_Itf_DeInit
                0x08004a9c       0x10 ApplicationSRC\usbd_storage.o
 .text.CDC_Itf_Init
                0x08004aac       0x80 ApplicationSRC\usbd_storage.o
 .text.STORAGE_IsReady
                0x08004b2c       0x38 ApplicationSRC\usbd_storage.o
                0x08004b2c                STORAGE_IsReady
 .text.CDC_Itf_Control
                0x08004b64       0xd0 ApplicationSRC\usbd_storage.o
 .text.LL_RTC_DATE_GetDay.constprop.2
                0x08004c34       0x30 ApplicationSRC\usbd_storage.o
 .text.LL_RTC_DATE_GetMonth.constprop.3
                0x08004c64       0x34 ApplicationSRC\usbd_storage.o
 .text.LL_RTC_DATE_GetYear.constprop.4
                0x08004c98       0x34 ApplicationSRC\usbd_storage.o
 .text.LL_RTC_TIME_GetSecond.constprop.5
                0x08004ccc       0x30 ApplicationSRC\usbd_storage.o
 .text.LL_RTC_TIME_GetMinute.constprop.6
                0x08004cfc       0x34 ApplicationSRC\usbd_storage.o
 .text.LL_RTC_TIME_GetHour.constprop.7
                0x08004d30       0x34 ApplicationSRC\usbd_storage.o
 .text.USBD_CDC_RegisterInterface
                0x08004d64        0xe ApplicationSRC\usbd_storage.o
                0x08004d64                USBD_CDC_RegisterInterface
 .text.USBD_CDC_TransmitPacket
                0x08004d72       0x2e ApplicationSRC\usbd_storage.o
                0x08004d72                USBD_CDC_TransmitPacket
 .text.USBD_CDC_ReceivePacket
                0x08004da0       0x26 ApplicationSRC\usbd_storage.o
                0x08004da0                USBD_CDC_ReceivePacket
 *fill*         0x08004dc6        0x2 
 .text.CDC_Itf_Receive
                0x08004dc8      0x434 ApplicationSRC\usbd_storage.o
 .text.Reboot_Handler
                0x080051fc       0x24 Drivers\CMSIS\Device\ST\STM32L4xx\Source\Templates\gcc\startup_stm32l476xx.o
 .text.Reset_Handler
                0x08005220       0x68 Drivers\CMSIS\Device\ST\STM32L4xx\Source\Templates\gcc\startup_stm32l476xx.o
                0x08005220                Reset_Handler
 .text.Default_Handler
                0x08005288        0x2 Drivers\CMSIS\Device\ST\STM32L4xx\Source\Templates\gcc\startup_stm32l476xx.o
                0x08005288                RTC_Alarm_IRQHandler
                0x08005288                EXTI2_IRQHandler
                0x08005288                TIM8_TRG_COM_IRQHandler
                0x08005288                TIM8_CC_IRQHandler
                0x08005288                TIM1_CC_IRQHandler
                0x08005288                TSC_IRQHandler
                0x08005288                TAMP_STAMP_IRQHandler
                0x08005288                EXTI3_IRQHandler
                0x08005288                DFSDM1_FLT1_IRQHandler
                0x08005288                I2C3_ER_IRQHandler
                0x08005288                DFSDM1_FLT2_IRQHandler
                0x08005288                EXTI0_IRQHandler
                0x08005288                I2C2_EV_IRQHandler
                0x08005288                CAN1_RX0_IRQHandler
                0x08005288                FPU_IRQHandler
                0x08005288                TIM1_UP_TIM16_IRQHandler
                0x08005288                ADC1_2_IRQHandler
                0x08005288                SPI1_IRQHandler
                0x08005288                TIM6_DAC_IRQHandler
                0x08005288                TIM8_UP_IRQHandler
                0x08005288                DMA2_Channel2_IRQHandler
                0x08005288                DMA1_Channel4_IRQHandler
                0x08005288                SAI2_IRQHandler
                0x08005288                DFSDM1_FLT3_IRQHandler
                0x08005288                USART3_IRQHandler
                0x08005288                DMA1_Channel7_IRQHandler
                0x08005288                CAN1_RX1_IRQHandler
                0x08005288                LCD_IRQHandler
                0x08005288                UART5_IRQHandler
                0x08005288                ADC3_IRQHandler
                0x08005288                TIM4_IRQHandler
                0x08005288                DMA2_Channel1_IRQHandler
                0x08005288                QUADSPI_IRQHandler
                0x08005288                I2C1_EV_IRQHandler
                0x08005288                DMA1_Channel6_IRQHandler
                0x08005288                UART4_IRQHandler
                0x08005288                TIM3_IRQHandler
                0x08005288                RCC_IRQHandler
                0x08005288                DMA1_Channel1_IRQHandler
                0x08005288                Default_Handler
                0x08005288                DMA2_Channel7_IRQHandler
                0x08005288                EXTI15_10_IRQHandler
                0x08005288                TIM7_IRQHandler
                0x08005288                TIM5_IRQHandler
                0x08005288                I2C3_EV_IRQHandler
                0x08005288                RTC_WKUP_IRQHandler
                0x08005288                PVD_PVM_IRQHandler
                0x08005288                SPI2_IRQHandler
                0x08005288                CAN1_TX_IRQHandler
                0x08005288                DMA2_Channel5_IRQHandler
                0x08005288                DMA1_Channel5_IRQHandler
                0x08005288                EXTI4_IRQHandler
                0x08005288                RNG_IRQHandler
                0x08005288                TIM1_TRG_COM_TIM17_IRQHandler
                0x08005288                DMA1_Channel3_IRQHandler
                0x08005288                COMP_IRQHandler
                0x08005288                WWDG_IRQHandler
                0x08005288                LPUART1_IRQHandler
                0x08005288                DMA2_Channel6_IRQHandler
                0x08005288                TIM2_IRQHandler
                0x08005288                EXTI1_IRQHandler
                0x08005288                USART2_IRQHandler
                0x08005288                DFSDM1_FLT0_IRQHandler
                0x08005288                I2C2_ER_IRQHandler
                0x08005288                DMA1_Channel2_IRQHandler
                0x08005288                TIM8_BRK_IRQHandler
                0x08005288                CAN1_SCE_IRQHandler
                0x08005288                FLASH_IRQHandler
                0x08005288                USART1_IRQHandler
                0x08005288                SPI3_IRQHandler
                0x08005288                I2C1_ER_IRQHandler
                0x08005288                FMC_IRQHandler
                0x08005288                SWPMI1_IRQHandler
                0x08005288                LPTIM1_IRQHandler
                0x08005288                SAI1_IRQHandler
                0x08005288                DMA2_Channel3_IRQHandler
                0x08005288                TIM1_BRK_TIM15_IRQHandler
 *fill*         0x0800528a        0x2 
 .text.HAL_InitTick
                0x0800528c       0x28 Drivers\STM32L4xx_HAL_Driver\Src\stm32l4xx_hal.o
                0x0800528c                HAL_InitTick
 .text.HAL_Init
                0x080052b4       0x16 Drivers\STM32L4xx_HAL_Driver\Src\stm32l4xx_hal.o
                0x080052b4                HAL_Init
 *fill*         0x080052ca        0x2 
 .text.HAL_IncTick
                0x080052cc       0x10 Drivers\STM32L4xx_HAL_Driver\Src\stm32l4xx_hal.o
                0x080052cc                HAL_IncTick
 .text.HAL_GetTick
                0x080052dc        0xc Drivers\STM32L4xx_HAL_Driver\Src\stm32l4xx_hal.o
                0x080052dc                HAL_GetTick
 .text.HAL_Delay
                0x080052e8       0x16 Drivers\STM32L4xx_HAL_Driver\Src\stm32l4xx_hal.o
                0x080052e8                HAL_Delay
 *fill*         0x080052fe        0x2 
 .text.HAL_SuspendTick
                0x08005300       0x10 Drivers\STM32L4xx_HAL_Driver\Src\stm32l4xx_hal.o
                0x08005300                HAL_SuspendTick
 .text.HAL_ResumeTick
                0x08005310       0x10 Drivers\STM32L4xx_HAL_Driver\Src\stm32l4xx_hal.o
                0x08005310                HAL_ResumeTick
 .text.HAL_NVIC_SetPriorityGrouping
                0x08005320       0x24 Drivers\STM32L4xx_HAL_Driver\Src\stm32l4xx_hal_cortex.o
                0x08005320                HAL_NVIC_SetPriorityGrouping
 .text.HAL_NVIC_SetPriority
                0x08005344       0x68 Drivers\STM32L4xx_HAL_Driver\Src\stm32l4xx_hal_cortex.o
                0x08005344                HAL_NVIC_SetPriority
 .text.HAL_NVIC_EnableIRQ
                0x080053ac       0x18 Drivers\STM32L4xx_HAL_Driver\Src\stm32l4xx_hal_cortex.o
                0x080053ac                HAL_NVIC_EnableIRQ
 .text.HAL_SYSTICK_Config
                0x080053c4       0x2c Drivers\STM32L4xx_HAL_Driver\Src\stm32l4xx_hal_cortex.o
                0x080053c4                HAL_SYSTICK_Config
 .text.HAL_SYSTICK_Callback
                0x080053f0        0x2 Drivers\STM32L4xx_HAL_Driver\Src\stm32l4xx_hal_cortex.o
                0x080053f0                HAL_SYSTICK_Callback
 .text.HAL_SYSTICK_IRQHandler
                0x080053f2        0x8 Drivers\STM32L4xx_HAL_Driver\Src\stm32l4xx_hal_cortex.o
                0x080053f2                HAL_SYSTICK_IRQHandler
 *fill*         0x080053fa        0x2 
 .text.HAL_DMA_Init
                0x080053fc       0xe0 Drivers\STM32L4xx_HAL_Driver\Src\stm32l4xx_hal_dma.o
                0x080053fc                HAL_DMA_Init
 .text.HAL_DMA_DeInit
                0x080054dc       0x90 Drivers\STM32L4xx_HAL_Driver\Src\stm32l4xx_hal_dma.o
                0x080054dc                HAL_DMA_DeInit
 .text.HAL_DMA_Start_IT
                0x0800556c       0x7c Drivers\STM32L4xx_HAL_Driver\Src\stm32l4xx_hal_dma.o
                0x0800556c                HAL_DMA_Start_IT
 .text.HAL_DMA_Abort
                0x080055e8       0x3c Drivers\STM32L4xx_HAL_Driver\Src\stm32l4xx_hal_dma.o
                0x080055e8                HAL_DMA_Abort
 .text.HAL_DMA_IRQHandler
                0x08005624       0x90 Drivers\STM32L4xx_HAL_Driver\Src\stm32l4xx_hal_dma.o
                0x08005624                HAL_DMA_IRQHandler
 .text.HAL_GPIO_Init
                0x080056b4      0x1b8 Drivers\STM32L4xx_HAL_Driver\Src\stm32l4xx_hal_gpio.o
                0x080056b4                HAL_GPIO_Init
 .text.HAL_PCD_Init
                0x0800586c      0x10a Drivers\STM32L4xx_HAL_Driver\Src\stm32l4xx_hal_pcd.o
                0x0800586c                HAL_PCD_Init
 .text.HAL_PCD_Start
                0x08005976       0x2a Drivers\STM32L4xx_HAL_Driver\Src\stm32l4xx_hal_pcd.o
                0x08005976                HAL_PCD_Start
 .text.HAL_PCD_Stop
                0x080059a0       0x30 Drivers\STM32L4xx_HAL_Driver\Src\stm32l4xx_hal_pcd.o
                0x080059a0                HAL_PCD_Stop
 .text.HAL_PCD_DeInit
                0x080059d0       0x22 Drivers\STM32L4xx_HAL_Driver\Src\stm32l4xx_hal_pcd.o
                0x080059d0                HAL_PCD_DeInit
 *fill*         0x080059f2        0x2 
 .text.HAL_PCD_IRQHandler
                0x080059f4      0x620 Drivers\STM32L4xx_HAL_Driver\Src\stm32l4xx_hal_pcd.o
                0x080059f4                HAL_PCD_IRQHandler
 .text.HAL_PCD_SetAddress
                0x08006014       0x28 Drivers\STM32L4xx_HAL_Driver\Src\stm32l4xx_hal_pcd.o
                0x08006014                HAL_PCD_SetAddress
 .text.HAL_PCD_EP_Open
                0x0800603c       0x4a Drivers\STM32L4xx_HAL_Driver\Src\stm32l4xx_hal_pcd.o
                0x0800603c                HAL_PCD_EP_Open
 .text.HAL_PCD_EP_Close
                0x08006086       0x46 Drivers\STM32L4xx_HAL_Driver\Src\stm32l4xx_hal_pcd.o
                0x08006086                HAL_PCD_EP_Close
 .text.HAL_PCD_EP_Receive
                0x080060cc       0x54 Drivers\STM32L4xx_HAL_Driver\Src\stm32l4xx_hal_pcd.o
                0x080060cc                HAL_PCD_EP_Receive
 .text.HAL_PCD_EP_GetRxCount
                0x08006120       0x10 Drivers\STM32L4xx_HAL_Driver\Src\stm32l4xx_hal_pcd.o
                0x08006120                HAL_PCD_EP_GetRxCount
 .text.HAL_PCD_EP_Transmit
                0x08006130       0x4e Drivers\STM32L4xx_HAL_Driver\Src\stm32l4xx_hal_pcd.o
                0x08006130                HAL_PCD_EP_Transmit
 .text.HAL_PCD_EP_SetStall
                0x0800617e       0x58 Drivers\STM32L4xx_HAL_Driver\Src\stm32l4xx_hal_pcd.o
                0x0800617e                HAL_PCD_EP_SetStall
 .text.HAL_PCD_EP_ClrStall
                0x080061d6       0x4a Drivers\STM32L4xx_HAL_Driver\Src\stm32l4xx_hal_pcd.o
                0x080061d6                HAL_PCD_EP_ClrStall
 .text.HAL_PCD_EP_Flush
                0x08006220       0x34 Drivers\STM32L4xx_HAL_Driver\Src\stm32l4xx_hal_pcd.o
                0x08006220                HAL_PCD_EP_Flush
 .text.HAL_PCDEx_SetTxFiFo
                0x08006254       0x42 Drivers\STM32L4xx_HAL_Driver\Src\stm32l4xx_hal_pcd_ex.o
                0x08006254                HAL_PCDEx_SetTxFiFo
 .text.HAL_PCDEx_SetRxFiFo
                0x08006296        0x8 Drivers\STM32L4xx_HAL_Driver\Src\stm32l4xx_hal_pcd_ex.o
                0x08006296                HAL_PCDEx_SetRxFiFo
 .text.HAL_PCDEx_ActivateLPM
                0x0800629e       0x26 Drivers\STM32L4xx_HAL_Driver\Src\stm32l4xx_hal_pcd_ex.o
                0x0800629e                HAL_PCDEx_ActivateLPM
 .text.HAL_PCDEx_ActivateBCD
                0x080062c4       0x14 Drivers\STM32L4xx_HAL_Driver\Src\stm32l4xx_hal_pcd_ex.o
                0x080062c4                HAL_PCDEx_ActivateBCD
 .text.HAL_PCDEx_LPM_Callback
                0x080062d8        0x2 Drivers\STM32L4xx_HAL_Driver\Src\stm32l4xx_hal_pcd_ex.o
                0x080062d8                HAL_PCDEx_LPM_Callback
 *fill*         0x080062da        0x2 
 .text.HAL_PWREx_GetVoltageRange
                0x080062dc       0x10 Drivers\STM32L4xx_HAL_Driver\Src\stm32l4xx_hal_pwr_ex.o
                0x080062dc                HAL_PWREx_GetVoltageRange
 .text.RCC_SetFlashLatencyFromMSIRange
                0x080062ec       0x84 Drivers\STM32L4xx_HAL_Driver\Src\stm32l4xx_hal_rcc.o
 .text.HAL_RCC_GetSysClockFreq
                0x08006370      0x12c Drivers\STM32L4xx_HAL_Driver\Src\stm32l4xx_hal_rcc.o
                0x08006370                HAL_RCC_GetSysClockFreq
 .text.HAL_RCC_OscConfig
                0x0800649c      0x47c Drivers\STM32L4xx_HAL_Driver\Src\stm32l4xx_hal_rcc.o
                0x0800649c                HAL_RCC_OscConfig
 .text.HAL_RCC_GetHCLKFreq
                0x08006918        0xc Drivers\STM32L4xx_HAL_Driver\Src\stm32l4xx_hal_rcc.o
                0x08006918                HAL_RCC_GetHCLKFreq
 .text.HAL_RCC_GetPCLK1Freq
                0x08006924       0x30 Drivers\STM32L4xx_HAL_Driver\Src\stm32l4xx_hal_rcc.o
                0x08006924                HAL_RCC_GetPCLK1Freq
 .text.HAL_RCC_GetPCLK2Freq
                0x08006954       0x30 Drivers\STM32L4xx_HAL_Driver\Src\stm32l4xx_hal_rcc.o
                0x08006954                HAL_RCC_GetPCLK2Freq
 .text.HAL_RCCEx_EnableMSIPLLMode
                0x08006984       0x10 Drivers\STM32L4xx_HAL_Driver\Src\stm32l4xx_hal_rcc_ex.o
                0x08006984                HAL_RCCEx_EnableMSIPLLMode
 .text.SD_CmdResp2Error
                0x08006994       0x2c Drivers\STM32L4xx_HAL_Driver\Src\stm32l4xx_hal_sd.o
 .text.SD_CmdResp1Error
                0x080069c0       0xec Drivers\STM32L4xx_HAL_Driver\Src\stm32l4xx_hal_sd.o
 .text.SD_FindSCR
                0x08006aac       0xf0 Drivers\STM32L4xx_HAL_Driver\Src\stm32l4xx_hal_sd.o
 .text.HAL_SD_ReadBlocks_DMA
                0x08006b9c       0xf4 Drivers\STM32L4xx_HAL_Driver\Src\stm32l4xx_hal_sd.o
                0x08006b9c                HAL_SD_ReadBlocks_DMA
 .text.HAL_SD_WriteBlocks_DMA
                0x08006c90       0xfc Drivers\STM32L4xx_HAL_Driver\Src\stm32l4xx_hal_sd.o
                0x08006c90                HAL_SD_WriteBlocks_DMA
 .text.HAL_SD_XferCpltCallback
                0x08006d8c        0x2 Drivers\STM32L4xx_HAL_Driver\Src\stm32l4xx_hal_sd.o
                0x08006d8c                HAL_SD_XferCpltCallback
 .text.HAL_SD_XferErrorCallback
                0x08006d8e        0x2 Drivers\STM32L4xx_HAL_Driver\Src\stm32l4xx_hal_sd.o
                0x08006d8e                HAL_SD_XferErrorCallback
 .text.HAL_SD_IRQHandler
                0x08006d90       0x6c Drivers\STM32L4xx_HAL_Driver\Src\stm32l4xx_hal_sd.o
                0x08006d90                HAL_SD_IRQHandler
 .text.HAL_SD_DMA_RxCpltCallback
                0x08006dfc        0x2 Drivers\STM32L4xx_HAL_Driver\Src\stm32l4xx_hal_sd.o
                0x08006dfc                HAL_SD_DMA_RxCpltCallback
 .text.SD_DMA_RxCplt
                0x08006dfe       0x1a Drivers\STM32L4xx_HAL_Driver\Src\stm32l4xx_hal_sd.o
 .text.HAL_SD_DMA_RxErrorCallback
                0x08006e18        0x2 Drivers\STM32L4xx_HAL_Driver\Src\stm32l4xx_hal_sd.o
                0x08006e18                HAL_SD_DMA_RxErrorCallback
 .text.SD_DMA_RxError
                0x08006e1a        0xc Drivers\STM32L4xx_HAL_Driver\Src\stm32l4xx_hal_sd.o
 .text.HAL_SD_DMA_TxCpltCallback
                0x08006e26        0x2 Drivers\STM32L4xx_HAL_Driver\Src\stm32l4xx_hal_sd.o
                0x08006e26                HAL_SD_DMA_TxCpltCallback
 .text.SD_DMA_TxCplt
                0x08006e28       0x1a Drivers\STM32L4xx_HAL_Driver\Src\stm32l4xx_hal_sd.o
 .text.HAL_SD_DMA_TxErrorCallback
                0x08006e42        0x2 Drivers\STM32L4xx_HAL_Driver\Src\stm32l4xx_hal_sd.o
                0x08006e42                HAL_SD_DMA_TxErrorCallback
 .text.SD_DMA_TxError
                0x08006e44        0xc Drivers\STM32L4xx_HAL_Driver\Src\stm32l4xx_hal_sd.o
 .text.HAL_SD_Get_CardInfo
                0x08006e50      0x274 Drivers\STM32L4xx_HAL_Driver\Src\stm32l4xx_hal_sd.o
                0x08006e50                HAL_SD_Get_CardInfo
 .text.HAL_SD_Init
                0x080070c4      0x3b0 Drivers\STM32L4xx_HAL_Driver\Src\stm32l4xx_hal_sd.o
                0x080070c4                HAL_SD_Init
 .text.HAL_SD_WideBusOperation_Config
                0x08007474      0x128 Drivers\STM32L4xx_HAL_Driver\Src\stm32l4xx_hal_sd.o
                0x08007474                HAL_SD_WideBusOperation_Config
 .text.HAL_SD_StopTransfer
                0x0800759c       0x2e Drivers\STM32L4xx_HAL_Driver\Src\stm32l4xx_hal_sd.o
                0x0800759c                HAL_SD_StopTransfer
 .text.HAL_SD_CheckReadOperation
                0x080075ca       0x62 Drivers\STM32L4xx_HAL_Driver\Src\stm32l4xx_hal_sd.o
                0x080075ca                HAL_SD_CheckReadOperation
 .text.HAL_SD_GetStatus
                0x0800762c       0x4a Drivers\STM32L4xx_HAL_Driver\Src\stm32l4xx_hal_sd.o
                0x0800762c                HAL_SD_GetStatus
 .text.HAL_SD_CheckWriteOperation
                0x08007676       0x70 Drivers\STM32L4xx_HAL_Driver\Src\stm32l4xx_hal_sd.o
                0x08007676                HAL_SD_CheckWriteOperation
 .text.HAL_TIM_Base_MspInit
                0x080076e6        0x2 Drivers\STM32L4xx_HAL_Driver\Src\stm32l4xx_hal_tim.o
                0x080076e6                HAL_TIM_Base_MspInit
 .text.HAL_TIM_Base_Start_IT
                0x080076e8       0x16 Drivers\STM32L4xx_HAL_Driver\Src\stm32l4xx_hal_tim.o
                0x080076e8                HAL_TIM_Base_Start_IT
 *fill*         0x080076fe        0x2 
 .text.TIM_Base_SetConfig
                0x08007700       0xc4 Drivers\STM32L4xx_HAL_Driver\Src\stm32l4xx_hal_tim.o
                0x08007700                TIM_Base_SetConfig
 .text.HAL_TIM_Base_Init
                0x080077c4       0x34 Drivers\STM32L4xx_HAL_Driver\Src\stm32l4xx_hal_tim.o
                0x080077c4                HAL_TIM_Base_Init
 .text.HAL_UART_MspInit
                0x080077f8        0x2 Drivers\STM32L4xx_HAL_Driver\Src\stm32l4xx_hal_uart.o
                0x080077f8                HAL_UART_MspInit
 .text.HAL_UART_MspDeInit
                0x080077fa        0x2 Drivers\STM32L4xx_HAL_Driver\Src\stm32l4xx_hal_uart.o
                0x080077fa                HAL_UART_MspDeInit
 .text.HAL_UART_DeInit
                0x080077fc       0x34 Drivers\STM32L4xx_HAL_Driver\Src\stm32l4xx_hal_uart.o
                0x080077fc                HAL_UART_DeInit
 .text.HAL_UART_Receive_IT
                0x08007830       0xa4 Drivers\STM32L4xx_HAL_Driver\Src\stm32l4xx_hal_uart.o
                0x08007830                HAL_UART_Receive_IT
 .text.UART_SetConfig
                0x080078d4      0x308 Drivers\STM32L4xx_HAL_Driver\Src\stm32l4xx_hal_uart.o
                0x080078d4                UART_SetConfig
 .text.UART_AdvFeatureConfig
                0x08007bdc       0xa8 Drivers\STM32L4xx_HAL_Driver\Src\stm32l4xx_hal_uart.o
                0x08007bdc                UART_AdvFeatureConfig
 .text.UART_WaitOnFlagUntilTimeout
                0x08007c84       0x88 Drivers\STM32L4xx_HAL_Driver\Src\stm32l4xx_hal_uart.o
                0x08007c84                UART_WaitOnFlagUntilTimeout
 .text.UART_CheckIdleState
                0x08007d0c       0x4c Drivers\STM32L4xx_HAL_Driver\Src\stm32l4xx_hal_uart.o
                0x08007d0c                UART_CheckIdleState
 .text.HAL_UART_Init
                0x08007d58       0x64 Drivers\STM32L4xx_HAL_Driver\Src\stm32l4xx_hal_uart.o
                0x08007d58                HAL_UART_Init
 .text.LL_GPIO_Init
                0x08007dbc      0x144 Drivers\STM32L4xx_HAL_Driver\Src\stm32l4xx_ll_gpio.o
                0x08007dbc                LL_GPIO_Init
 .text.LL_RTC_TIME_Config
                0x08007f00       0xa6 Drivers\STM32L4xx_HAL_Driver\Src\stm32l4xx_ll_rtc.o
 *fill*         0x08007fa6        0x2 
 .text.LL_RTC_DATE_Config
                0x08007fa8       0xb8 Drivers\STM32L4xx_HAL_Driver\Src\stm32l4xx_ll_rtc.o
 .text.LL_RTC_EnterInitMode
                0x08008060       0x50 Drivers\STM32L4xx_HAL_Driver\Src\stm32l4xx_ll_rtc.o
                0x08008060                LL_RTC_EnterInitMode
 .text.LL_RTC_Init
                0x080080b0       0x58 Drivers\STM32L4xx_HAL_Driver\Src\stm32l4xx_ll_rtc.o
                0x080080b0                LL_RTC_Init
 .text.LL_RTC_WaitForSynchro
                0x08008108       0x88 Drivers\STM32L4xx_HAL_Driver\Src\stm32l4xx_ll_rtc.o
                0x08008108                LL_RTC_WaitForSynchro
 .text.LL_RTC_TIME_Init
                0x08008190       0x88 Drivers\STM32L4xx_HAL_Driver\Src\stm32l4xx_ll_rtc.o
                0x08008190                LL_RTC_TIME_Init
 .text.LL_RTC_DATE_Init
                0x08008218       0x90 Drivers\STM32L4xx_HAL_Driver\Src\stm32l4xx_ll_rtc.o
                0x08008218                LL_RTC_DATE_Init
 .text.SDMMC_Init
                0x080082a8       0x38 Drivers\STM32L4xx_HAL_Driver\Src\stm32l4xx_ll_sdmmc.o
                0x080082a8                SDMMC_Init
 .text.SDMMC_ReadFIFO
                0x080082e0        0x6 Drivers\STM32L4xx_HAL_Driver\Src\stm32l4xx_ll_sdmmc.o
                0x080082e0                SDMMC_ReadFIFO
 .text.SDMMC_PowerState_ON
                0x080082e6        0x8 Drivers\STM32L4xx_HAL_Driver\Src\stm32l4xx_ll_sdmmc.o
                0x080082e6                SDMMC_PowerState_ON
 .text.SDMMC_GetPowerState
                0x080082ee        0x8 Drivers\STM32L4xx_HAL_Driver\Src\stm32l4xx_ll_sdmmc.o
                0x080082ee                SDMMC_GetPowerState
 .text.SDMMC_SendCommand
                0x080082f6       0x24 Drivers\STM32L4xx_HAL_Driver\Src\stm32l4xx_ll_sdmmc.o
                0x080082f6                SDMMC_SendCommand
 .text.SDMMC_GetCommandResponse
                0x0800831a        0x6 Drivers\STM32L4xx_HAL_Driver\Src\stm32l4xx_ll_sdmmc.o
                0x0800831a                SDMMC_GetCommandResponse
 .text.SDMMC_GetResponse
                0x08008320       0x14 Drivers\STM32L4xx_HAL_Driver\Src\stm32l4xx_ll_sdmmc.o
                0x08008320                SDMMC_GetResponse
 .text.SDMMC_DataConfig
                0x08008334       0x24 Drivers\STM32L4xx_HAL_Driver\Src\stm32l4xx_ll_sdmmc.o
                0x08008334                SDMMC_DataConfig
 .text.LL_SPI_Init
                0x08008358       0x5a Drivers\STM32L4xx_HAL_Driver\Src\stm32l4xx_ll_spi.o
                0x08008358                LL_SPI_Init
 .text.USB_CoreInit
                0x080083b2       0x28 Drivers\STM32L4xx_HAL_Driver\Src\stm32l4xx_ll_usb.o
                0x080083b2                USB_CoreInit
 .text.USB_EnableGlobalInt
                0x080083da        0xc Drivers\STM32L4xx_HAL_Driver\Src\stm32l4xx_ll_usb.o
                0x080083da                USB_EnableGlobalInt
 .text.USB_DisableGlobalInt
                0x080083e6        0xc Drivers\STM32L4xx_HAL_Driver\Src\stm32l4xx_ll_usb.o
                0x080083e6                USB_DisableGlobalInt
 .text.USB_SetCurrentMode
                0x080083f2       0x2e Drivers\STM32L4xx_HAL_Driver\Src\stm32l4xx_ll_usb.o
                0x080083f2                USB_SetCurrentMode
 .text.USB_DevInit
                0x08008420      0x130 Drivers\STM32L4xx_HAL_Driver\Src\stm32l4xx_ll_usb.o
                0x08008420                USB_DevInit
 .text.USB_FlushTxFifo
                0x08008550       0x24 Drivers\STM32L4xx_HAL_Driver\Src\stm32l4xx_ll_usb.o
                0x08008550                USB_FlushTxFifo
 .text.USB_FlushRxFifo
                0x08008574       0x20 Drivers\STM32L4xx_HAL_Driver\Src\stm32l4xx_ll_usb.o
                0x08008574                USB_FlushRxFifo
 .text.USB_SetDevSpeed
                0x08008594        0xe Drivers\STM32L4xx_HAL_Driver\Src\stm32l4xx_ll_usb.o
                0x08008594                USB_SetDevSpeed
 .text.USB_ActivateEndpoint
                0x080085a2       0x7e Drivers\STM32L4xx_HAL_Driver\Src\stm32l4xx_ll_usb.o
                0x080085a2                USB_ActivateEndpoint
 .text.USB_DeactivateEndpoint
                0x08008620       0x5a Drivers\STM32L4xx_HAL_Driver\Src\stm32l4xx_ll_usb.o
                0x08008620                USB_DeactivateEndpoint
 *fill*         0x0800867a        0x2 
 .text.USB_EPStartXfer
                0x0800867c      0x170 Drivers\STM32L4xx_HAL_Driver\Src\stm32l4xx_ll_usb.o
                0x0800867c                USB_EPStartXfer
 .text.USB_EP0StartXfer
                0x080087ec       0xc8 Drivers\STM32L4xx_HAL_Driver\Src\stm32l4xx_ll_usb.o
                0x080087ec                USB_EP0StartXfer
 .text.USB_WritePacket
                0x080088b4       0x22 Drivers\STM32L4xx_HAL_Driver\Src\stm32l4xx_ll_usb.o
                0x080088b4                USB_WritePacket
 .text.USB_ReadPacket
                0x080088d6       0x20 Drivers\STM32L4xx_HAL_Driver\Src\stm32l4xx_ll_usb.o
                0x080088d6                USB_ReadPacket
 .text.USB_EPSetStall
                0x080088f6       0x3e Drivers\STM32L4xx_HAL_Driver\Src\stm32l4xx_ll_usb.o
                0x080088f6                USB_EPSetStall
 .text.USB_EPClearStall
                0x08008934       0x32 Drivers\STM32L4xx_HAL_Driver\Src\stm32l4xx_ll_usb.o
                0x08008934                USB_EPClearStall
 .text.USB_StopDevice
                0x08008966       0x42 Drivers\STM32L4xx_HAL_Driver\Src\stm32l4xx_ll_usb.o
                0x08008966                USB_StopDevice
 .text.USB_SetDevAddress
                0x080089a8       0x20 Drivers\STM32L4xx_HAL_Driver\Src\stm32l4xx_ll_usb.o
                0x080089a8                USB_SetDevAddress
 .text.USB_DevConnect
                0x080089c8       0x18 Drivers\STM32L4xx_HAL_Driver\Src\stm32l4xx_ll_usb.o
                0x080089c8                USB_DevConnect
 .text.USB_DevDisconnect
                0x080089e0       0x18 Drivers\STM32L4xx_HAL_Driver\Src\stm32l4xx_ll_usb.o
                0x080089e0                USB_DevDisconnect
 .text.USB_ReadInterrupts
                0x080089f8        0x8 Drivers\STM32L4xx_HAL_Driver\Src\stm32l4xx_ll_usb.o
                0x080089f8                USB_ReadInterrupts
 .text.USB_ReadDevAllOutEpInterrupt
                0x08008a00       0x10 Drivers\STM32L4xx_HAL_Driver\Src\stm32l4xx_ll_usb.o
                0x08008a00                USB_ReadDevAllOutEpInterrupt
 .text.USB_ReadDevAllInEpInterrupt
                0x08008a10       0x10 Drivers\STM32L4xx_HAL_Driver\Src\stm32l4xx_ll_usb.o
                0x08008a10                USB_ReadDevAllInEpInterrupt
 .text.USB_ReadDevOutEPInterrupt
                0x08008a20       0x14 Drivers\STM32L4xx_HAL_Driver\Src\stm32l4xx_ll_usb.o
                0x08008a20                USB_ReadDevOutEPInterrupt
 .text.USB_ReadDevInEPInterrupt
                0x08008a34       0x20 Drivers\STM32L4xx_HAL_Driver\Src\stm32l4xx_ll_usb.o
                0x08008a34                USB_ReadDevInEPInterrupt
 .text.USB_GetMode
                0x08008a54        0x8 Drivers\STM32L4xx_HAL_Driver\Src\stm32l4xx_ll_usb.o
                0x08008a54                USB_GetMode
 .text.USB_ActivateSetup
                0x08008a5c       0x36 Drivers\STM32L4xx_HAL_Driver\Src\stm32l4xx_ll_usb.o
                0x08008a5c                USB_ActivateSetup
 .text.USB_EP0_OutStart
                0x08008a92       0x22 Drivers\STM32L4xx_HAL_Driver\Src\stm32l4xx_ll_usb.o
                0x08008a92                USB_EP0_OutStart
 .text.USB_CoreReset
                0x08008ab4       0x68 Drivers\STM32L4xx_HAL_Driver\Src\stm32l4xx_ll_usb.o
 .text.LL_mDelay
                0x08008b1c       0x28 Drivers\STM32L4xx_HAL_Driver\Src\stm32l4xx_ll_utils.o
                0x08008b1c                LL_mDelay
 .text.USBD_MSC_GetHSCfgDesc
                0x08008b44        0xc Middlewares\ST\STM32_USB_Device_Library\Class\MSC\Src\usbd_msc.o
                0x08008b44                USBD_MSC_GetHSCfgDesc
 .text.USBD_MSC_GetFSCfgDesc
                0x08008b50        0xc Middlewares\ST\STM32_USB_Device_Library\Class\MSC\Src\usbd_msc.o
                0x08008b50                USBD_MSC_GetFSCfgDesc
 .text.USBD_MSC_GetOtherSpeedCfgDesc
                0x08008b5c        0xc Middlewares\ST\STM32_USB_Device_Library\Class\MSC\Src\usbd_msc.o
                0x08008b5c                USBD_MSC_GetOtherSpeedCfgDesc
 .text.USBD_MSC_GetDeviceQualifierDescriptor
                0x08008b68        0xc Middlewares\ST\STM32_USB_Device_Library\Class\MSC\Src\usbd_msc.o
                0x08008b68                USBD_MSC_GetDeviceQualifierDescriptor
 .text.USBD_MSC_Init
                0x08008b74       0x4c Middlewares\ST\STM32_USB_Device_Library\Class\MSC\Src\usbd_msc.o
                0x08008b74                USBD_MSC_Init
 .text.USBD_MSC_DeInit
                0x08008bc0       0x2c Middlewares\ST\STM32_USB_Device_Library\Class\MSC\Src\usbd_msc.o
                0x08008bc0                USBD_MSC_DeInit
 .text.USBD_MSC_Setup
                0x08008bec       0xd6 Middlewares\ST\STM32_USB_Device_Library\Class\MSC\Src\usbd_msc.o
                0x08008bec                USBD_MSC_Setup
 .text.USBD_MSC_DataIn
                0x08008cc2        0xa Middlewares\ST\STM32_USB_Device_Library\Class\MSC\Src\usbd_msc.o
                0x08008cc2                USBD_MSC_DataIn
 .text.USBD_MSC_DataOut
                0x08008ccc        0xa Middlewares\ST\STM32_USB_Device_Library\Class\MSC\Src\usbd_msc.o
                0x08008ccc                USBD_MSC_DataOut
 .text.USBD_MSC_RegisterStorage
                0x08008cd6        0xa Middlewares\ST\STM32_USB_Device_Library\Class\MSC\Src\usbd_msc.o
                0x08008cd6                USBD_MSC_RegisterStorage
 .text.MSC_BOT_Abort
                0x08008ce0       0x46 Middlewares\ST\STM32_USB_Device_Library\Class\MSC\Src\usbd_msc_bot.o
 .text.MSC_BOT_Init
                0x08008d26       0x46 Middlewares\ST\STM32_USB_Device_Library\Class\MSC\Src\usbd_msc_bot.o
                0x08008d26                MSC_BOT_Init
 .text.MSC_BOT_Reset
                0x08008d6c       0x18 Middlewares\ST\STM32_USB_Device_Library\Class\MSC\Src\usbd_msc_bot.o
                0x08008d6c                MSC_BOT_Reset
 .text.MSC_BOT_DeInit
                0x08008d84        0xa Middlewares\ST\STM32_USB_Device_Library\Class\MSC\Src\usbd_msc_bot.o
                0x08008d84                MSC_BOT_DeInit
 *fill*         0x08008d8e        0x2 
 .text.MSC_BOT_SendCSW
                0x08008d90       0x3c Middlewares\ST\STM32_USB_Device_Library\Class\MSC\Src\usbd_msc_bot.o
                0x08008d90                MSC_BOT_SendCSW
 .text.MSC_BOT_DataIn
                0x08008dcc       0x3c Middlewares\ST\STM32_USB_Device_Library\Class\MSC\Src\usbd_msc_bot.o
                0x08008dcc                MSC_BOT_DataIn
 .text.MSC_BOT_DataOut
                0x08008e08       0xf4 Middlewares\ST\STM32_USB_Device_Library\Class\MSC\Src\usbd_msc_bot.o
                0x08008e08                MSC_BOT_DataOut
 .text.MSC_BOT_CplClrFeature
                0x08008efc       0x2c Middlewares\ST\STM32_USB_Device_Library\Class\MSC\Src\usbd_msc_bot.o
                0x08008efc                MSC_BOT_CplClrFeature
 .text.SCSI_SenseCode.constprop.8
                0x08008f28       0x2e Middlewares\ST\STM32_USB_Device_Library\Class\MSC\Src\usbd_msc_scsi.o
 *fill*         0x08008f56        0x2 
 .text.SCSI_ProcessCmd
                0x08008f58      0x4a0 Middlewares\ST\STM32_USB_Device_Library\Class\MSC\Src\usbd_msc_scsi.o
                0x08008f58                SCSI_ProcessCmd
 .text.SCSI_SenseCode
                0x080093f8       0x2e Middlewares\ST\STM32_USB_Device_Library\Class\MSC\Src\usbd_msc_scsi.o
                0x080093f8                SCSI_SenseCode
 .text.USBD_Init
                0x08009426       0x2a Middlewares\ST\STM32_USB_Device_Library\Core\Src\usbd_core.o
                0x08009426                USBD_Init
 .text.Battey_Charge_Mode
                0x08009450        0xe Middlewares\ST\STM32_USB_Device_Library\Core\Src\usbd_core.o
                0x08009450                Battey_Charge_Mode
 .text.USBD_DeInit
                0x0800945e       0x24 Middlewares\ST\STM32_USB_Device_Library\Core\Src\usbd_core.o
                0x0800945e                USBD_DeInit
 .text.USBD_RegisterClass
                0x08009482        0xe Middlewares\ST\STM32_USB_Device_Library\Core\Src\usbd_core.o
                0x08009482                USBD_RegisterClass
 .text.USBD_Start
                0x08009490        0xa Middlewares\ST\STM32_USB_Device_Library\Core\Src\usbd_core.o
                0x08009490                USBD_Start
 .text.USBD_Stop
                0x0800949a       0x18 Middlewares\ST\STM32_USB_Device_Library\Core\Src\usbd_core.o
                0x0800949a                USBD_Stop
 .text.USBD_SetClassConfig
                0x080094b2       0x16 Middlewares\ST\STM32_USB_Device_Library\Core\Src\usbd_core.o
                0x080094b2                USBD_SetClassConfig
 .text.USBD_ClrClassConfig
                0x080094c8        0xe Middlewares\ST\STM32_USB_Device_Library\Core\Src\usbd_core.o
                0x080094c8                USBD_ClrClassConfig
 .text.USBD_LL_SetupStage
                0x080094d6       0x5a Middlewares\ST\STM32_USB_Device_Library\Core\Src\usbd_core.o
                0x080094d6                USBD_LL_SetupStage
 .text.USBD_LL_DataOutStage
                0x08009530       0x64 Middlewares\ST\STM32_USB_Device_Library\Core\Src\usbd_core.o
                0x08009530                USBD_LL_DataOutStage
 .text.USBD_LL_DataInStage
                0x08009594       0x9e Middlewares\ST\STM32_USB_Device_Library\Core\Src\usbd_core.o
                0x08009594                USBD_LL_DataInStage
 .text.USBD_LL_Reset
                0x08009632       0x3e Middlewares\ST\STM32_USB_Device_Library\Core\Src\usbd_core.o
                0x08009632                USBD_LL_Reset
 .text.USBD_LL_SetSpeed
                0x08009670        0x6 Middlewares\ST\STM32_USB_Device_Library\Core\Src\usbd_core.o
                0x08009670                USBD_LL_SetSpeed
 .text.USBD_LL_Suspend
                0x08009676       0x12 Middlewares\ST\STM32_USB_Device_Library\Core\Src\usbd_core.o
                0x08009676                USBD_LL_Suspend
 .text.USBD_LL_Resume
                0x08009688        0xc Middlewares\ST\STM32_USB_Device_Library\Core\Src\usbd_core.o
                0x08009688                USBD_LL_Resume
 .text.USBD_LL_SOF
                0x08009694       0x18 Middlewares\ST\STM32_USB_Device_Library\Core\Src\usbd_core.o
                0x08009694                USBD_LL_SOF
 .text.USBD_LL_IsoINIncomplete
                0x080096ac        0x4 Middlewares\ST\STM32_USB_Device_Library\Core\Src\usbd_core.o
                0x080096ac                USBD_LL_IsoINIncomplete
 .text.USBD_LL_IsoOUTIncomplete
                0x080096b0        0x4 Middlewares\ST\STM32_USB_Device_Library\Core\Src\usbd_core.o
                0x080096b0                USBD_LL_IsoOUTIncomplete
 .text.USBD_LL_DevConnected
                0x080096b4        0x4 Middlewares\ST\STM32_USB_Device_Library\Core\Src\usbd_core.o
                0x080096b4                USBD_LL_DevConnected
 .text.USBD_LL_DevDisconnected
                0x080096b8       0x16 Middlewares\ST\STM32_USB_Device_Library\Core\Src\usbd_core.o
                0x080096b8                USBD_LL_DevDisconnected
 .text.USBD_CtlError.constprop.0
                0x080096ce       0x16 Middlewares\ST\STM32_USB_Device_Library\Core\Src\usbd_ctlreq.o
 .text.USBD_StdDevReq
                0x080096e4      0x1f4 Middlewares\ST\STM32_USB_Device_Library\Core\Src\usbd_ctlreq.o
                0x080096e4                USBD_StdDevReq
 .text.USBD_StdItfReq
                0x080098d8       0x30 Middlewares\ST\STM32_USB_Device_Library\Core\Src\usbd_ctlreq.o
                0x080098d8                USBD_StdItfReq
 .text.USBD_StdEPReq
                0x08009908       0xc6 Middlewares\ST\STM32_USB_Device_Library\Core\Src\usbd_ctlreq.o
                0x08009908                USBD_StdEPReq
 .text.USBD_ParseSetupRequest
                0x080099ce       0x28 Middlewares\ST\STM32_USB_Device_Library\Core\Src\usbd_ctlreq.o
                0x080099ce                USBD_ParseSetupRequest
 .text.USBD_CtlError
                0x080099f6       0x16 Middlewares\ST\STM32_USB_Device_Library\Core\Src\usbd_ctlreq.o
                0x080099f6                USBD_CtlError
 .text.USBD_GetString
                0x08009a0c       0x38 Middlewares\ST\STM32_USB_Device_Library\Core\Src\usbd_ctlreq.o
                0x08009a0c                USBD_GetString
 .text.USBD_CtlSendData
                0x08009a44       0x1a Middlewares\ST\STM32_USB_Device_Library\Core\Src\usbd_ioreq.o
                0x08009a44                USBD_CtlSendData
 .text.USBD_CtlContinueSendData
                0x08009a5e       0x10 Middlewares\ST\STM32_USB_Device_Library\Core\Src\usbd_ioreq.o
                0x08009a5e                USBD_CtlContinueSendData
 .text.USBD_CtlPrepareRx
                0x08009a6e       0x1e Middlewares\ST\STM32_USB_Device_Library\Core\Src\usbd_ioreq.o
                0x08009a6e                USBD_CtlPrepareRx
 .text.USBD_CtlContinueRx
                0x08009a8c       0x10 Middlewares\ST\STM32_USB_Device_Library\Core\Src\usbd_ioreq.o
                0x08009a8c                USBD_CtlContinueRx
 .text.USBD_CtlSendStatus
                0x08009a9c       0x16 Middlewares\ST\STM32_USB_Device_Library\Core\Src\usbd_ioreq.o
                0x08009a9c                USBD_CtlSendStatus
 .text.USBD_CtlReceiveStatus
                0x08009ab2       0x16 Middlewares\ST\STM32_USB_Device_Library\Core\Src\usbd_ioreq.o
                0x08009ab2                USBD_CtlReceiveStatus
 .text.disk_status
                0x08009ac8       0x14 Middlewares\Third_Party\FatFs\src\diskio.o
                0x08009ac8                disk_status
 .text.disk_initialize
                0x08009adc       0x20 Middlewares\Third_Party\FatFs\src\diskio.o
                0x08009adc                disk_initialize
 .text.disk_read
                0x08009afc       0x1c Middlewares\Third_Party\FatFs\src\diskio.o
                0x08009afc                disk_read
 .text.disk_write
                0x08009b18       0x1c Middlewares\Third_Party\FatFs\src\diskio.o
                0x08009b18                disk_write
 .text.disk_ioctl
                0x08009b34       0x1c Middlewares\Third_Party\FatFs\src\diskio.o
                0x08009b34                disk_ioctl
 .text.SD_initialize
                0x08009b50       0x20 Middlewares\Third_Party\FatFs\src\drivers\sd_diskio.o
                0x08009b50                SD_initialize
 .text.SD_status
                0x08009b70       0x20 Middlewares\Third_Party\FatFs\src\drivers\sd_diskio.o
                0x08009b70                SD_status
 .text.SD_read  0x08009b90       0x20 Middlewares\Third_Party\FatFs\src\drivers\sd_diskio.o
                0x08009b90                SD_read
 .text.SD_write
                0x08009bb0       0x20 Middlewares\Third_Party\FatFs\src\drivers\sd_diskio.o
                0x08009bb0                SD_write
 .text.SD_ioctl
                0x08009bd0       0x50 Middlewares\Third_Party\FatFs\src\drivers\sd_diskio.o
                0x08009bd0                SD_ioctl
 .text.mem_cpy  0x08009c20       0x14 Middlewares\Third_Party\FatFs\src\ff.o
 .text.mem_set  0x08009c34        0xe Middlewares\Third_Party\FatFs\src\ff.o
 *fill*         0x08009c42        0x2 
 .text.chk_lock
                0x08009c44       0x64 Middlewares\Third_Party\FatFs\src\ff.o
 .text.inc_lock
                0x08009ca8       0x88 Middlewares\Third_Party\FatFs\src\ff.o
 .text.dec_lock
                0x08009d30       0x38 Middlewares\Third_Party\FatFs\src\ff.o
 .text.clmt_clust
                0x08009d68       0x28 Middlewares\Third_Party\FatFs\src\ff.o
 .text.get_fileinfo
                0x08009d90       0x5c Middlewares\Third_Party\FatFs\src\ff.o
 .text.get_ldnumber
                0x08009dec       0x30 Middlewares\Third_Party\FatFs\src\ff.o
 .text.validate
                0x08009e1c       0x2e Middlewares\Third_Party\FatFs\src\ff.o
 .text.ld_clust.isra.0
                0x08009e4a       0x1c Middlewares\Third_Party\FatFs\src\ff.o
 .text.sync_window.part.2
                0x08009e66       0x52 Middlewares\Third_Party\FatFs\src\ff.o
 .text.sync_window
                0x08009eb8        0xe Middlewares\Third_Party\FatFs\src\ff.o
 .text.sync_fs  0x08009ec6       0xba Middlewares\Third_Party\FatFs\src\ff.o
 .text.move_window
                0x08009f80       0x3a Middlewares\Third_Party\FatFs\src\ff.o
 *fill*         0x08009fba        0x2 
 .text.check_fs
                0x08009fbc       0x58 Middlewares\Third_Party\FatFs\src\ff.o
 .text.find_volume
                0x0800a014      0x280 Middlewares\Third_Party\FatFs\src\ff.o
 .text.clust2sect
                0x0800a294       0x1c Middlewares\Third_Party\FatFs\src\ff.o
                0x0800a294                clust2sect
 .text.get_fat  0x0800a2b0       0xc2 Middlewares\Third_Party\FatFs\src\ff.o
                0x0800a2b0                get_fat
 .text.dir_sdi  0x0800a372       0x9e Middlewares\Third_Party\FatFs\src\ff.o
 .text.dir_remove
                0x0800a410       0x42 Middlewares\Third_Party\FatFs\src\ff.o
 .text.put_fat  0x0800a452       0xf4 Middlewares\Third_Party\FatFs\src\ff.o
                0x0800a452                put_fat
 .text.create_chain
                0x0800a546       0xb2 Middlewares\Third_Party\FatFs\src\ff.o
 .text.dir_next
                0x0800a5f8      0x11e Middlewares\Third_Party\FatFs\src\ff.o
 *fill*         0x0800a716        0x2 
 .text.follow_path
                0x0800a718      0x1a8 Middlewares\Third_Party\FatFs\src\ff.o
 .text.dir_read.constprop.13
                0x0800a8c0       0x58 Middlewares\Third_Party\FatFs\src\ff.o
 .text.dir_register
                0x0800a918       0x76 Middlewares\Third_Party\FatFs\src\ff.o
 .text.remove_chain
                0x0800a98e       0x64 Middlewares\Third_Party\FatFs\src\ff.o
 *fill*         0x0800a9f2        0x2 
 .text.f_mount  0x0800a9f4       0x6c Middlewares\Third_Party\FatFs\src\ff.o
                0x0800a9f4                f_mount
 .text.f_open   0x0800aa60      0x1b0 Middlewares\Third_Party\FatFs\src\ff.o
                0x0800aa60                f_open
 .text.f_write  0x0800ac10      0x1de Middlewares\Third_Party\FatFs\src\ff.o
                0x0800ac10                f_write
 .text.f_sync   0x0800adee       0xc0 Middlewares\Third_Party\FatFs\src\ff.o
                0x0800adee                f_sync
 .text.f_close  0x0800aeae       0x22 Middlewares\Third_Party\FatFs\src\ff.o
                0x0800aeae                f_close
 .text.f_lseek  0x0800aed0      0x29e Middlewares\Third_Party\FatFs\src\ff.o
                0x0800aed0                f_lseek
 .text.f_opendir
                0x0800b16e       0x9c Middlewares\Third_Party\FatFs\src\ff.o
                0x0800b16e                f_opendir
 .text.f_readdir
                0x0800b20a       0x56 Middlewares\Third_Party\FatFs\src\ff.o
                0x0800b20a                f_readdir
 .text.f_unlink
                0x0800b260       0xa2 Middlewares\Third_Party\FatFs\src\ff.o
                0x0800b260                f_unlink
 .text.f_utime  0x0800b302       0x52 Middlewares\Third_Party\FatFs\src\ff.o
                0x0800b302                f_utime
 .text.FATFS_LinkDriverEx
                0x0800b354       0x44 Middlewares\Third_Party\FatFs\src\ff_gen_drv.o
                0x0800b354                FATFS_LinkDriverEx
 .text.FATFS_LinkDriver
                0x0800b398        0x6 Middlewares\Third_Party\FatFs\src\ff_gen_drv.o
                0x0800b398                FATFS_LinkDriver
 *fill*         0x0800b39e        0x2 
 .text.FATFS_UnLinkDriverEx
                0x0800b3a0       0x30 Middlewares\Third_Party\FatFs\src\ff_gen_drv.o
                0x0800b3a0                FATFS_UnLinkDriverEx
 .text.FATFS_UnLinkDriver
                0x0800b3d0        0x6 Middlewares\Third_Party\FatFs\src\ff_gen_drv.o
                0x0800b3d0                FATFS_UnLinkDriver
 *fill*         0x0800b3d6        0x2 
 .text.__libc_init_array
                0x0800b3d8       0x48 c:/program files (x86)/atollic/truestudio for stm32 9.3.0/armtools/bin/../lib/gcc/arm-atollic-eabi/6.3.1/../../../../arm-atollic-eabi/lib/armv7e-m/fpu\libc_nano.a(lib_a-init.o)
                0x0800b3d8                __libc_init_array
 .text.malloc   0x0800b420       0x10 c:/program files (x86)/atollic/truestudio for stm32 9.3.0/armtools/bin/../lib/gcc/arm-atollic-eabi/6.3.1/../../../../arm-atollic-eabi/lib/armv7e-m/fpu\libc_nano.a(lib_a-malloc.o)
                0x0800b420                malloc
 .text.free     0x0800b430       0x10 c:/program files (x86)/atollic/truestudio for stm32 9.3.0/armtools/bin/../lib/gcc/arm-atollic-eabi/6.3.1/../../../../arm-atollic-eabi/lib/armv7e-m/fpu\libc_nano.a(lib_a-malloc.o)
                0x0800b430                free
 .text.memcpy   0x0800b440       0x16 c:/program files (x86)/atollic/truestudio for stm32 9.3.0/armtools/bin/../lib/gcc/arm-atollic-eabi/6.3.1/../../../../arm-atollic-eabi/lib/armv7e-m/fpu\libc_nano.a(lib_a-memcpy-stub.o)
                0x0800b440                memcpy
 .text.memset   0x0800b456       0x10 c:/program files (x86)/atollic/truestudio for stm32 9.3.0/armtools/bin/../lib/gcc/arm-atollic-eabi/6.3.1/../../../../arm-atollic-eabi/lib/armv7e-m/fpu\libc_nano.a(lib_a-memset.o)
                0x0800b456                memset
 *fill*         0x0800b466        0x2 
 .text._free_r  0x0800b468       0x9c c:/program files (x86)/atollic/truestudio for stm32 9.3.0/armtools/bin/../lib/gcc/arm-atollic-eabi/6.3.1/../../../../arm-atollic-eabi/lib/armv7e-m/fpu\libc_nano.a(lib_a-nano-freer.o)
                0x0800b468                _free_r
 .text._malloc_r
                0x0800b504       0xbc c:/program files (x86)/atollic/truestudio for stm32 9.3.0/armtools/bin/../lib/gcc/arm-atollic-eabi/6.3.1/../../../../arm-atollic-eabi/lib/armv7e-m/fpu\libc_nano.a(lib_a-nano-mallocr.o)
                0x0800b504                _malloc_r
 .text._sbrk_r  0x0800b5c0       0x20 c:/program files (x86)/atollic/truestudio for stm32 9.3.0/armtools/bin/../lib/gcc/arm-atollic-eabi/6.3.1/../../../../arm-atollic-eabi/lib/armv7e-m/fpu\libc_nano.a(lib_a-sbrkr.o)
                0x0800b5c0                _sbrk_r
 .text.sprintf  0x0800b5e0       0x48 c:/program files (x86)/atollic/truestudio for stm32 9.3.0/armtools/bin/../lib/gcc/arm-atollic-eabi/6.3.1/../../../../arm-atollic-eabi/lib/armv7e-m/fpu\libc_nano.a(lib_a-sprintf.o)
                0x0800b5e0                siprintf
                0x0800b5e0                sprintf
 .text.sscanf   0x0800b628       0x54 c:/program files (x86)/atollic/truestudio for stm32 9.3.0/armtools/bin/../lib/gcc/arm-atollic-eabi/6.3.1/../../../../arm-atollic-eabi/lib/armv7e-m/fpu\libc_nano.a(lib_a-sscanf.o)
                0x0800b628                siscanf
                0x0800b628                sscanf
 .text.__seofread
                0x0800b67c        0x4 c:/program files (x86)/atollic/truestudio for stm32 9.3.0/armtools/bin/../lib/gcc/arm-atollic-eabi/6.3.1/../../../../arm-atollic-eabi/lib/armv7e-m/fpu\libc_nano.a(lib_a-stdio.o)
                0x0800b67c                __seofread
 .text.strcpy   0x0800b680       0x10 c:/program files (x86)/atollic/truestudio for stm32 9.3.0/armtools/bin/../lib/gcc/arm-atollic-eabi/6.3.1/../../../../arm-atollic-eabi/lib/armv7e-m/fpu\libc_nano.a(lib_a-strcpy.o)
                0x0800b680                strcpy
 .text.strstr   0x0800b690       0x36 c:/program files (x86)/atollic/truestudio for stm32 9.3.0/armtools/bin/../lib/gcc/arm-atollic-eabi/6.3.1/../../../../arm-atollic-eabi/lib/armv7e-m/fpu\libc_nano.a(lib_a-strstr.o)
                0x0800b690                strstr
 .text.__malloc_lock
                0x0800b6c6        0x2 c:/program files (x86)/atollic/truestudio for stm32 9.3.0/armtools/bin/../lib/gcc/arm-atollic-eabi/6.3.1/../../../../arm-atollic-eabi/lib/armv7e-m/fpu\libc_nano.a(lib_a-mlock.o)
                0x0800b6c6                __malloc_lock
 .text.__malloc_unlock
                0x0800b6c8        0x2 c:/program files (x86)/atollic/truestudio for stm32 9.3.0/armtools/bin/../lib/gcc/arm-atollic-eabi/6.3.1/../../../../arm-atollic-eabi/lib/armv7e-m/fpu\libc_nano.a(lib_a-mlock.o)
                0x0800b6c8                __malloc_unlock
 .text.__ssputs_r
                0x0800b6ca       0xb6 c:/program files (x86)/atollic/truestudio for stm32 9.3.0/armtools/bin/../lib/gcc/arm-atollic-eabi/6.3.1/../../../../arm-atollic-eabi/lib/armv7e-m/fpu\libc_nano.a(lib_a-nano-svfprintf.o)
                0x0800b6ca                __ssputs_r
 .text._svfprintf_r
                0x0800b780      0x1e8 c:/program files (x86)/atollic/truestudio for stm32 9.3.0/armtools/bin/../lib/gcc/arm-atollic-eabi/6.3.1/../../../../arm-atollic-eabi/lib/armv7e-m/fpu\libc_nano.a(lib_a-nano-svfprintf.o)
                0x0800b780                _svfiprintf_r
                0x0800b780                _svfprintf_r
 .text._sungetc_r
                0x0800b968       0x7a c:/program files (x86)/atollic/truestudio for stm32 9.3.0/armtools/bin/../lib/gcc/arm-atollic-eabi/6.3.1/../../../../arm-atollic-eabi/lib/armv7e-m/fpu\libc_nano.a(lib_a-nano-svfscanf.o)
                0x0800b968                _sungetc_r
 .text.__ssrefill_r
                0x0800b9e2       0x3a c:/program files (x86)/atollic/truestudio for stm32 9.3.0/armtools/bin/../lib/gcc/arm-atollic-eabi/6.3.1/../../../../arm-atollic-eabi/lib/armv7e-m/fpu\libc_nano.a(lib_a-nano-svfscanf.o)
                0x0800b9e2                __ssrefill_r
 .text.__ssvfscanf_r
                0x0800ba1c      0x2a8 c:/program files (x86)/atollic/truestudio for stm32 9.3.0/armtools/bin/../lib/gcc/arm-atollic-eabi/6.3.1/../../../../arm-atollic-eabi/lib/armv7e-m/fpu\libc_nano.a(lib_a-nano-svfscanf.o)
                0x0800ba1c                __ssvfiscanf_r
                0x0800ba1c                __ssvfscanf_r
 .text._printf_common
                0x0800bcc4       0xec c:/program files (x86)/atollic/truestudio for stm32 9.3.0/armtools/bin/../lib/gcc/arm-atollic-eabi/6.3.1/../../../../arm-atollic-eabi/lib/armv7e-m/fpu\libc_nano.a(lib_a-nano-vfprintf_i.o)
                0x0800bcc4                _printf_common
 .text._printf_i
                0x0800bdb0      0x240 c:/program files (x86)/atollic/truestudio for stm32 9.3.0/armtools/bin/../lib/gcc/arm-atollic-eabi/6.3.1/../../../../arm-atollic-eabi/lib/armv7e-m/fpu\libc_nano.a(lib_a-nano-vfprintf_i.o)
                0x0800bdb0                _printf_i
 .text._scanf_chars
                0x0800bff0       0xc8 c:/program files (x86)/atollic/truestudio for stm32 9.3.0/armtools/bin/../lib/gcc/arm-atollic-eabi/6.3.1/../../../../arm-atollic-eabi/lib/armv7e-m/fpu\libc_nano.a(lib_a-nano-vfscanf_i.o)
                0x0800bff0                _scanf_chars
 .text._scanf_i