stm32l4xx_ll_bus.h:477:22:LL_AHB2_GRP1_EnableClock	8	static
stm32l4xx_ll_gpio.h:296:22:LL_GPIO_SetPinMode	12	static
stm32l4xx_ll_gpio.h:507:22:LL_GPIO_SetPinPull	12	static
stm32l4xx_ll_gpio.h:436:22:LL_GPIO_SetPinSpeed	12	static
stm32l4xx_ll_gpio.h:579:22:LL_GPIO_SetAFPin_0_7	12	static
stm32l4xx_ll_gpio.h:656:22:LL_GPIO_SetAFPin_8_15	12	static
stm32l4xx_ll_rtc.h:1595:26:LL_RTC_DATE_GetDay.constprop	0	static
stm32l4xx_ll_rtc.h:1562:26:LL_RTC_DATE_GetMonth.constprop	0	static
stm32l4xx_ll_rtc.h:1466:26:LL_RTC_DATE_GetYear.constprop	0	static
stm32l4xx_ll_rtc.h:1275:26:LL_RTC_TIME_GetSecond.constprop	0	static
stm32l4xx_ll_rtc.h:1237:26:LL_RTC_TIME_GetMinute.constprop	0	static
stm32l4xx_ll_rtc.h:1199:26:LL_RTC_TIME_GetHour.constprop	0	static
main.c:435:6:Write_Timestamp_In_SD	32	static
main.c:449:9:DCMI_OV9655Config	8	static
main.c:468:6:BTN_PA10_Input_only_config	8	static
main.c:500:6:PB_Detect_PA15_Init	8	static
main.c:507:6:BTN_PA10_EXTI_conf	8	static
main.c:522:6:USB_PA9_EXTI_conf	8	static
main.c:579:6:Store_RTC_Time	32	static
main.c:586:6:Store_RTC_Date	32	static
main.c:596:5:GetNextIndex	584	static
main.c:535:6:Reset_All	16	static
main.c:549:6:Reint_SD	8	static
main.c:640:6:Pressure_Store_Buffer	32	static
main.c:661:6:EXTI15_10_IRQHandler	16	static
main.c:711:6:EXTI9_5_IRQHandler	0	static
main.c:723:6:Peripheral_Clock_Enable	0	static
main.c:737:6:LPTIM2_IRQHandler	0	static
main.c:814:6:FPGA_SPI2_Init	16	static
main.c:848:6:IMU_SPI1_Init	16	static
main.c:892:6:ACC_SPI_SendData	24	static
main.c:914:6:ACC_SPI_GetData	16	static
main.c:940:6:Acc_GetXYZ_Buf	32	static
main.c:979:6:Acc_GetXYZ_Demo	16	static
main.c:1020:6:LSM6DS3_SPI_Init	8	static
main.c:1060:6:LSM6DS3_SPI_Write	8	static
main.c:1081:6:LSM6DS3_Read_Buf	12	static
main.c:1126:6:LSM6DS3_Read	0	static
main.c:1151:6:Configure_USART_1	8	static
main.c:1181:9:USART1_read	0	static
main.c:1188:6:USART1_wr_print	12	static
main.c:617:7:Pressure_Store_Demo	24	static
main.c:1266:6:Enter_RTC_InitMode	0	static
main.c:1272:6:Exit_RTC_InitMode	0	static
main.c:1200:6:Configure_RTC	8	static
main.c:1231:6:Configure_RTC_Calendar	40	static
main.c:1282:6:Show_RTC_Calendar	40	static
main.c:1299:6:RTC_BAK_SetRegister	0	static
main.c:1310:10:RTC_BAK_GetRegister	0	static
main.c:1324:6:ADXL362_CS_conf_Disable	8	static
main.c:1333:6:LSM6DS3_CS_conf_Disable	8	static
main.c:475:6:IMU_LSM6DS3_Init	8	static
main.c:485:6:IMU_ADXL362_Init	8	static
main.c:1342:6:RGB_RA3_Init	8	static
main.c:1352:6:RGB_GA2_Init	8	static
main.c:1362:6:RGB_BB7_Init	8	static
main.c:1373:6:Camera_En_PC7_Init	8	static
main.c:1382:6:MCO_PA8_Init	8	static
main.c:1393:6:FPGA_En_PC6_Init	8	static
main.c:1402:6:SDCARD_PWR_EN_PH0_Init	8	static
main.c:1411:6:OSC_EN_PH1_Init	8	static
main.c:1420:9:Bcd2ToByte	0	static
main.c:1427:6:Read_RTC_Timestamp	8	static
main.c:1442:6:update_FATFS_time	8	static
main.c:1450:6:BATTERY_TEST_OD_PC13_Init	8	static
main.c:1459:6:SD_Detect_PA15_Init	8	static
main.c:1467:6:CPRT_READ_PB4_Init	8	static
main.c:1476:6:FPGA_RESET_PB15_Init	8	static
main.c:1485:6:CPTR_CMPL_PB14_Init	8	static
main.c:1491:6:READ_CMPL_PB11_Init	8	static
main.c:1499:6:EnterStopMode	0	static
main.c:108:5:main	8	static
main.c:1512:6:Comp1_Inp1_Strain_Rec_Enable	16	static
main.c:1543:6:HSI_Active	0	static
main.c:1583:6:ADC1_IN5_STRAIN_init	8	static
main.c:1628:6:Activate_ADC	8	static
main.c:1663:6:ConversionStartPoll_ADC_GrpRegular	0	static
main.c:1675:6:Gr_LED_Blinking_5s	16	static
main.c:1687:6:Blue_LED_Blinking_5s	16	static
main.c:1699:6:Red_LED_Blinking_5s	16	static
main.c:1712:6:Configure_I2C1	24	static
main.c:1767:6:MX_SPI2_Init	96	static
