stm32l4xx_it.c:54:6:NMI_Handler	0	static
stm32l4xx_it.c:67:6:HardFault_Handler	0	static
stm32l4xx_it.c:83:6:MemManage_Handler	0	static
stm32l4xx_it.c:99:6:BusFault_Handler	0	static
stm32l4xx_it.c:115:6:UsageFault_Handler	0	static
stm32l4xx_it.c:131:6:SVC_Handler	0	static
stm32l4xx_it.c:144:6:DebugMon_Handler	0	static
stm32l4xx_it.c:157:6:PendSV_Handler	0	static
stm32l4xx_it.c:170:6:SysTick_Handler	8	static
stm32l4xx_it.c:192:6:OTG_FS_IRQHandler	0	static
stm32l4xx_it.c:210:6:DMA2_Channel4_IRQHandler	0	static
stm32l4xx_it.c:227:6:SDMMC1_IRQHandler	0	static
