usbd_conf.c:73:6:HAL_PCD_MspInit	48	static
usbd_conf.c:117:6:HAL_PCD_MspDeInit	0	static
usbd_conf.c:133:6:HAL_PCD_SetupStageCallback	0	static
usbd_conf.c:144:6:HAL_PCD_DataOutStageCallback	0	static
usbd_conf.c:155:6:HAL_PCD_DataInStageCallback	0	static
usbd_conf.c:165:6:HAL_PCD_SOFCallback	0	static
usbd_conf.c:175:6:HAL_PCD_ResetCallback	8	static
usbd_conf.c:189:6:HAL_PCD_SuspendCallback	0	static
usbd_conf.c:199:6:HAL_PCD_ResumeCallback	0	static
usbd_conf.c:210:6:HAL_PCD_ISOOUTIncompleteCallback	0	static
usbd_conf.c:221:6:HAL_PCD_ISOINIncompleteCallback	0	static
usbd_conf.c:231:6:HAL_PCD_ConnectCallback	0	static
usbd_conf.c:241:6:HAL_PCD_DisconnectCallback	0	static
usbd_conf.c:256:20:USBD_LL_Init	24	static
usbd_conf.c:290:20:USBD_LL_DeInit	8	static
usbd_conf.c:301:20:USBD_LL_Start	8	static
usbd_conf.c:312:20:USBD_LL_Stop	8	static
usbd_conf.c:326:20:USBD_LL_OpenEP	8	static
usbd_conf.c:345:20:USBD_LL_CloseEP	8	static
usbd_conf.c:357:20:USBD_LL_FlushEP	8	static
usbd_conf.c:369:20:USBD_LL_StallEP	8	static
usbd_conf.c:381:20:USBD_LL_ClearStallEP	8	static
usbd_conf.c:393:9:USBD_LL_IsStallEP	0	static
usbd_conf.c:413:20:USBD_LL_SetUSBAddress	8	static
usbd_conf.c:427:20:USBD_LL_Transmit	8	static
usbd_conf.c:444:20:USBD_LL_PrepareReceive	8	static
usbd_conf.c:459:10:USBD_LL_GetRxDataSize	8	static
usbd_conf.c:468:6:HAL_GPIO_EXTI_Callback	0	static
usbd_conf.c:481:6:USBD_LL_Delay	0	static
