stm32l4xx_hal_sd.c:2870:28:SD_CmdResp2Error	0	static
stm32l4xx_hal_sd.c:3241:28:SD_IsCardProgramming	40	static
stm32l4xx_hal_sd.c:2694:28:SD_CmdResp1Error	16	static
stm32l4xx_hal_sd.c:3127:28:SD_FindSCR	80	static
stm32l4xx_hal_sd.c:415:13:HAL_SD_MspInit	0	static
stm32l4xx_hal_sd.c:430:13:HAL_SD_MspDeInit	0	static
stm32l4xx_hal_sd.c:397:19:HAL_SD_DeInit	8	static
stm32l4xx_hal_sd.c:856:21:HAL_SD_ReadBlocks_DMA	80	static
stm32l4xx_hal_sd.c:976:21:HAL_SD_WriteBlocks_DMA	72	static
stm32l4xx_hal_sd.c:1218:21:HAL_SD_Erase	56	static
stm32l4xx_hal_sd.c:1387:13:HAL_SD_XferCpltCallback	0	static
stm32l4xx_hal_sd.c:1402:13:HAL_SD_XferErrorCallback	0	static
stm32l4xx_hal_sd.c:1322:6:HAL_SD_IRQHandler	8	static
stm32l4xx_hal_sd.c:1418:13:HAL_SD_DMA_RxCpltCallback	0	static
stm32l4xx_hal_sd.c:2206:13:SD_DMA_RxCplt	8	static
stm32l4xx_hal_sd.c:1434:13:HAL_SD_DMA_RxErrorCallback	0	static
stm32l4xx_hal_sd.c:2231:13:SD_DMA_RxError	8	static
stm32l4xx_hal_sd.c:1450:13:HAL_SD_DMA_TxCpltCallback	0	static
stm32l4xx_hal_sd.c:2245:13:SD_DMA_TxCplt	8	static
stm32l4xx_hal_sd.c:1466:13:HAL_SD_DMA_TxErrorCallback	0	static
stm32l4xx_hal_sd.c:2270:13:SD_DMA_TxError	8	static
stm32l4xx_hal_sd.c:1502:21:HAL_SD_Get_CardInfo	20	static
stm32l4xx_hal_sd.c:342:21:HAL_SD_Init	104	static
stm32l4xx_hal_sd.c:1718:21:HAL_SD_WideBusOperation_Config	72	static
stm32l4xx_hal_sd.c:1772:21:HAL_SD_StopTransfer	40	static
stm32l4xx_hal_sd.c:470:21:HAL_SD_ReadBlocks	80	static
stm32l4xx_hal_sd.c:646:21:HAL_SD_WriteBlocks	80	static
stm32l4xx_hal_sd.c:1095:21:HAL_SD_CheckReadOperation	16	static
stm32l4xx_hal_sd.c:1799:21:HAL_SD_HighSpeed	144	static
stm32l4xx_hal_sd.c:1954:21:HAL_SD_SendSDStatus	72	static
stm32l4xx_hal_sd.c:2082:29:HAL_SD_GetStatus	40	static
stm32l4xx_hal_sd.c:1155:21:HAL_SD_CheckWriteOperation	16	static
stm32l4xx_hal_sd.c:2111:21:HAL_SD_GetCardStatus	72	static
