stm32l4xx_ll_rcc.h:1498:26:LL_RCC_HSI_IsReady	0	static
stm32l4xx_ll_rcc.h:1713:26:LL_RCC_LSE_IsReady	0	static
stm32l4xx_ll_rcc.h:1848:26:LL_RCC_MSI_IsEnabledRangeSelect	0	static
stm32l4xx_ll_rcc.h:2539:26:LL_RCC_GetI2CClockSource	0	static
stm32l4xx_ll_rcc.h:3002:26:LL_RCC_PLL_GetN	0	static
stm32l4xx_ll_rcc.h:3418:26:LL_RCC_PLLSAI1_GetN	0	static
stm32l4xx_ll_rcc.c:176:13:LL_RCC_DeInit	8	static
stm32l4xx_ll_rcc.c:1158:10:RCC_GetHCLKClockFreq	0	static
stm32l4xx_ll_rcc.c:1169:10:RCC_GetPCLK1ClockFreq	0	static
stm32l4xx_ll_rcc.c:1180:10:RCC_GetPCLK2ClockFreq	0	static
stm32l4xx_ll_rcc.c:1190:10:RCC_PLL_GetFreqDomain_SYS	8	static
stm32l4xx_ll_rcc.c:1116:10:RCC_GetSystemClockFreq	8	static
stm32l4xx_ll_rcc.c:274:6:LL_RCC_GetSystemClocksFreq	8	static
stm32l4xx_ll_rcc.c:300:10:LL_RCC_GetUSARTClockFreq	8	static
stm32l4xx_ll_rcc.c:411:10:LL_RCC_GetUARTClockFreq	8	static
stm32l4xx_ll_rcc.c:498:10:LL_RCC_GetI2CClockFreq	8	static
stm32l4xx_ll_rcc.c:614:10:LL_RCC_GetLPUARTClockFreq	8	static
stm32l4xx_ll_rcc.c:659:10:LL_RCC_GetLPTIMClockFreq	8	static
stm32l4xx_ll_rcc.c:1042:10:LL_RCC_GetSWPMIClockFreq	8	static
stm32l4xx_ll_rcc.c:1076:10:LL_RCC_GetDFSDMClockFreq	8	static
stm32l4xx_ll_rcc.c:1230:10:RCC_PLL_GetFreqDomain_SAI	8	static
stm32l4xx_ll_rcc.c:1271:10:RCC_PLL_GetFreqDomain_48M	8	static
stm32l4xx_ll_rcc.c:1312:10:RCC_PLLSAI1_GetFreqDomain_SAI	8	static
stm32l4xx_ll_rcc.c:1353:10:RCC_PLLSAI1_GetFreqDomain_48M	8	static
stm32l4xx_ll_rcc.c:944:10:LL_RCC_GetUSBClockFreq	8	static
stm32l4xx_ll_rcc.c:891:10:LL_RCC_GetRNGClockFreq	0	static
stm32l4xx_ll_rcc.c:840:10:LL_RCC_GetSDMMCClockFreq	0	static
stm32l4xx_ll_rcc.c:1394:10:RCC_PLLSAI1_GetFreqDomain_ADC	8	static
stm32l4xx_ll_rcc.c:1436:10:RCC_PLLSAI2_GetFreqDomain_SAI	16	static
stm32l4xx_ll_rcc.c:748:10:LL_RCC_GetSAIClockFreq	0	static
stm32l4xx_ll_rcc.c:1477:10:RCC_PLLSAI2_GetFreqDomain_ADC	24	static
stm32l4xx_ll_rcc.c:996:10:LL_RCC_GetADCClockFreq	0	static
