stm32l4xx_ll_rtc.h:1595:26:LL_RTC_DATE_GetDay.constprop	0	static
stm32l4xx_ll_rtc.h:1562:26:LL_RTC_DATE_GetMonth.constprop	0	static
stm32l4xx_ll_rtc.h:1466:26:LL_RTC_DATE_GetYear.constprop	0	static
stm32l4xx_ll_rtc.h:1275:26:LL_RTC_TIME_GetSecond.constprop	0	static
stm32l4xx_ll_rtc.h:1237:26:LL_RTC_TIME_GetMinute.constprop	0	static
stm32l4xx_ll_rtc.h:1199:26:LL_RTC_TIME_GetHour.constprop	0	static
camera.c:85:6:Wait_for_FPGA_SPI_TimeOut	0	static
camera.c:96:6:Wait_for_FPGA_TimeOut	0	static
camera.c:106:6:Wait_for_I2C_Camera_TimeOut	0	static
camera.c:174:6:FPGA_Reset	0	static
camera.c:307:6:frame_delay	24	static
camera.c:330:6:FPGA_capture_image	16	static
camera.c:350:6:Read_Image_Size	16	static
camera.c:367:6:FPGA_Reset_Power_On	8	static
camera.c:553:6:CAMERA_POWER_ON	0	static
camera.c:558:6:CAMERA_POWER_OFF	0	static
camera.c:564:6:FPGA_RESET_ON	0	static
camera.c:570:6:FPGA_RESET_OFF	0	static
camera.c:576:6:FPGA_POWER_ON	0	static
camera.c:582:6:FPGA_POWER_OFF	0	static
camera.c:590:6:FPGA_SWITCH2CAPTURE	0	static
camera.c:594:6:FPGA_SWITCH2READ	0	static
camera.c:742:6:DCMI_SingleRandomWrite	24	static
camera.c:201:6:OV5640_step_default	8	static
camera.c:599:9:DCMI_OV5642Config	8	static
camera.c:620:9:DCMI_OV5640Config	8	static
camera.c:645:6:DCMI_OV5642_Reset	0	static
camera.c:669:6:DCMI_OV5642_SetPrescaler	0	static
camera.c:698:6:DCMI_OV5642_SelectFormatResolution	0	static
camera.c:684:6:DCMI_OV5642_SelectOutputFormat	0	static
camera.c:709:6:DCMI_OV5642_SetRegister	0	static
camera.c:723:6:DCMI_OV5642_HREFControl	0	static
camera.c:737:6:DCMI_OV5642_SelectRGBOption	0	static
camera.c:780:9:DCMI_SingleRandomRead	32	static
camera.c:180:6:Night_mode_5640_on	8	static
camera.c:186:6:Night_mode_5640_off	8	static
camera.c:192:6:OV5640_step_manual	8	static
camera.c:376:6:Camera_Goto_Sleep	8	static
camera.c:383:6:Camera_WK_up	8	static
camera.c:404:6:Camera_Manual_Shut_Gain	8	static
camera.c:409:6:Camera_Auto_AEC_AGC	8	static
camera.c:655:6:DCMI_OV5642_ReadID	8	static
camera.c:850:6:Convert_Camera_FileName_Unix_Time	48	static
camera.c:869:6:update_Camera_FATFS_time	32	static
camera.c:116:6:STORE_IMAGE_SD	40	static
camera.c:890:5:Ov5640_Register_Conf	16	static
camera.c:209:6:DCMI_OV5640_Config_Masudul	8	static
camera.c:229:6:Camera_Init_Sleep	16	static
camera.c:252:6:Camera_ReInit	16	static
camera.c:260:6:Camera_Reset	16	static
camera.c:389:6:Re_img_process	8	static
camera.c:421:6:Image_Capture_Algorithm	16	static
camera.c:494:6:CAPTURE_IMAGE_Loop_Wk_Sleep	24	static
