stm32l4xx_ll_spi.h:1377:22:LL_SPI_TransmitData8	16	static
stm32l4xx_ll_gpio.h:966:22:LL_GPIO_SetOutputPin	16	static
stm32l4xx_ll_gpio.h:995:22:LL_GPIO_ResetOutputPin	16	static
mcp25625.c:18:22:clearChipSelect	8	static
mcp25625.c:23:22:setChipSelect	8	static
mcp25625.c:27:6:mcp25625_reset	16	static
mcp25625.c:48:6:mcp25625_writeRegister	24	static
mcp25625.c:74:9:mcp25625_readRegister	24	static
mcp25625.c:96:6:mcp25625_loadTXB	24	static
mcp25625.c:130:28:getTXB0CTRL	8	static
mcp25625.c:137:28:getTXB1CTRL	8	static
mcp25625.c:144:28:getTXB2CTRL	8	static
mcp25625.c:165:22:loadTXB2	16	static
mcp25625.c:172:22:loadTXB1	16	static
mcp25625.c:179:22:loadTXB0	16	static
mcp25625.c:186:22:setTXREQ2	8	static
mcp25625.c:193:22:setTXREQ1	8	static
mcp25625.c:200:22:setTXREQ0	8	static
mcp25625.c:207:6:mcp25625_readCAN	16	static
mcp25625.c:218:6:mcp25625_sendCAN	24	static
mcp25625.c:254:6:CAN_transmit	32	static
mcp25625.c:268:6:mcp25625_init	8	static
mcp25625.c:276:6:CAN_configure	24	static
