stm32l4xx_it.c:20:6:NMI_Handler	4	static
stm32l4xx_it.c:33:6:HardFault_Handler	4	static
stm32l4xx_it.c:49:6:MemManage_Handler	4	static
stm32l4xx_it.c:65:6:BusFault_Handler	4	static
stm32l4xx_it.c:81:6:UsageFault_Handler	4	static
stm32l4xx_it.c:97:6:SVC_Handler	4	static
stm32l4xx_it.c:110:6:DebugMon_Handler	4	static
stm32l4xx_it.c:123:6:PendSV_Handler	4	static
stm32l4xx_it.c:136:6:SysTick_Handler	8	static
stm32l4xx_it.c:158:6:OTG_FS_IRQHandler	8	static
stm32l4xx_it.c:176:6:DMA2_Channel4_IRQHandler	8	static
stm32l4xx_it.c:193:6:SDMMC1_IRQHandler	8	static
stm32l4xx_it.c:203:6:USARTx_DMA_TX_IRQHandler	8	static
stm32l4xx_it.c:213:6:USARTx_IRQHandler	8	static
stm32l4xx_it.c:223:6:TIMx_IRQHandler	8	static
