core_cm4.h:1626:22:NVIC_EnableIRQ	16	static
core_cm4.h:1637:22:NVIC_DisableIRQ	16	static
stm32l4xx_ll_lptim.h:359:22:LL_LPTIM_Enable	16	static
stm32l4xx_ll_lptim.h:370:22:LL_LPTIM_Disable	16	static
stm32l4xx_ll_lptim.h:399:22:LL_LPTIM_StartCounter	16	static
stm32l4xx_ll_lptim.h:445:22:LL_LPTIM_SetAutoReload	16	static
stm32l4xx_ll_lptim.h:1204:22:LL_LPTIM_EnableIT_ARRM	16	static
stm32l4xx_ll_lptim.h:1215:22:LL_LPTIM_DisableIT_ARRM	16	static
stm32l4xx_ll_rcc.h:1478:22:LL_RCC_HSI_Enable	4	static
stm32l4xx_ll_rcc.h:1488:22:LL_RCC_HSI_Disable	4	static
stm32l4xx_ll_rcc.h:1498:26:LL_RCC_HSI_IsReady	4	static
stm32l4xx_ll_rcc.h:1631:22:LL_RCC_LSE_Disable	4	static
stm32l4xx_ll_rcc.h:1779:22:LL_RCC_MSI_Enable	4	static
stm32l4xx_ll_rcc.h:1789:22:LL_RCC_MSI_Disable	4	static
stm32l4xx_ll_rcc.h:1799:26:LL_RCC_MSI_IsReady	4	static
stm32l4xx_ll_rcc.h:1871:22:LL_RCC_MSI_SetRange	16	static
stm32l4xx_ll_rcc.h:2032:22:LL_RCC_SetSysClkSource	16	static
stm32l4xx_ll_rcc.h:2066:22:LL_RCC_SetAHBPrescaler	16	static
stm32l4xx_ll_rcc.h:2082:22:LL_RCC_SetAPB1Prescaler	16	static
stm32l4xx_ll_rcc.h:2098:22:LL_RCC_SetAPB2Prescaler	16	static
stm32l4xx_ll_rcc.h:2161:22:LL_RCC_SetClkAfterWakeFromStop	16	static
stm32l4xx_ll_rcc.h:2324:22:LL_RCC_SetLPTIMClockSource	16	static
stm32l4xx_ll_rcc.h:2360:22:LL_RCC_SetSDMMCClockSource	16	static
stm32l4xx_ll_rcc.h:2391:22:LL_RCC_SetUSBClockSource	16	static
stm32l4xx_ll_bus.h:907:22:LL_APB1_GRP1_EnableClock	24	static
stm32l4xx_ll_bus.h:931:22:LL_APB1_GRP2_EnableClock	24	static
stm32l4xx_ll_system.h:1299:22:LL_FLASH_SetLatency	16	static
stm32l4xx_ll_system.h:1314:26:LL_FLASH_GetLatency	4	static
stm32l4xx_ll_cortex.h:339:22:LL_LPM_EnableDeepSleep	4	static
stm32l4xx_ll_pwr.h:288:22:LL_PWR_EnableLowPowerRunMode	4	static
stm32l4xx_ll_pwr.h:298:22:LL_PWR_DisableLowPowerRunMode	4	static
stm32l4xx_ll_pwr.h:341:22:LL_PWR_SetRegulVoltageScaling	16	static
stm32l4xx_ll_pwr.h:363:22:LL_PWR_EnableBkUpAccess	4	static
stm32l4xx_ll_pwr.h:399:22:LL_PWR_SetPowerMode	16	static
stm32l4xx_ll_pwr.h:425:22:LL_PWR_EnableVddUSB	4	static
stm32l4xx_ll_pwr.h:445:26:LL_PWR_IsEnabledVddUSB	4	static
stm32l4xx_ll_gpio.h:885:26:LL_GPIO_IsInputPinSet	16	static
time_functions.c:12:6:delay_us	24	static
time_functions.c:21:6:Wait_for_VCP	16	static
time_functions.c:36:6:Wait_for_MSC	16	static
time_functions.c:51:6:Wait_for_DFU	16	static
time_functions.c:67:6:Timeout_loop	16	static
time_functions.c:78:6:Start_LPTIMCounter2	16	static
time_functions.c:86:6:Start_LPTIMCounter1	16	static
time_functions.c:106:6:LSE_ON	4	static
time_functions.c:118:6:MSI_ON	8	static
time_functions.c:126:6:MSI_OFF	8	static
time_functions.c:131:6:LSE_OFF	8	static
time_functions.c:137:6:HSI_OFF	8	static
time_functions.c:142:6:HSI_ON	8	static
time_functions.c:151:6:EnterStop	8	static
time_functions.c:162:6:EnterLPS	8	static
time_functions.c:180:6:wakeUpFromLPS	8	static
time_functions.c:206:6:SystemClock_Config_MSI_80MHz	80	static
time_functions.c:252:6:SystemClock_Config_MSI_48MHz	80	static
time_functions.c:286:6:Configure_LPTIM2_Int	8	static
time_functions.c:297:6:Configure_LPTIM1_Int	8	static
