bsp_driver_sd.c:128:9:BSP_SD_Init	64	static
bsp_driver_sd.c:176:9:BSP_SD_ITConfig	32	static
bsp_driver_sd.c:198:9:BSP_SD_IsDetected	8	static
bsp_driver_sd.c:225:13:BSP_SD_DetectCallback	0	static
bsp_driver_sd.c:214:6:BSP_SD_DetectIT	8	static
bsp_driver_sd.c:241:9:BSP_SD_ReadBlocks	16	static
bsp_driver_sd.c:261:9:BSP_SD_WriteBlocks	16	static
bsp_driver_sd.c:345:9:BSP_SD_Erase	16	static
bsp_driver_sd.c:361:6:BSP_SD_IRQHandler	0	static
bsp_driver_sd.c:370:6:BSP_SD_DMA_Tx_IRQHandler	0	static
bsp_driver_sd.c:379:6:BSP_SD_DMA_Rx_IRQHandler	0	static
bsp_driver_sd.c:392:29:BSP_SD_GetStatus	0	static
bsp_driver_sd.c:402:6:BSP_SD_GetCardInfo	0	static
bsp_driver_sd.c:478:21:SD_DMAConfigRx	16	static
bsp_driver_sd.c:281:9:BSP_SD_ReadBlocks_DMA	32	static
bsp_driver_sd.c:518:21:SD_DMAConfigTx	16	static
bsp_driver_sd.c:314:9:BSP_SD_WriteBlocks_DMA	32	static
