stm32l4xx_ll_bus.h:477:22:LL_AHB2_GRP1_EnableClock	8	static
camera.c:72:6:CAMERA_GPIO_INIT	40	static
camera.c:92:6:CAMERA_POWER_ON	0	static
camera.c:97:6:CAMERA_POWER_OFF	0	static
camera.c:108:6:FPGA_GPIO_INIT	48	static
camera.c:149:6:FPGA_RESET_ON	0	static
camera.c:156:6:FPGA_RESET_OFF	0	static
camera.c:162:6:FPGA_POWER_ON	0	static
camera.c:168:6:FPGA_POWER_OFF	0	static
camera.c:176:6:FPGA_SWITCH2CAPTURE	0	static
camera.c:180:6:FPGA_SWITCH2READ	0	static
camera.c:1062:6:DCMI_SingleRandomWrite	32	static
camera.c:190:6:DCMI_OV9655_Reset	0	static
camera.c:196:6:OV5642_dvp_fmt_global_init	8	static
camera.c:766:6:OV5642_dvp_fmt_jpeg_5M	8	static
camera.c:893:6:OV5642_jpeg_5M_test	8	static
camera.c:989:6:DCMI_OV9655_SetPrescaler	0	static
camera.c:1018:6:DCMI_OV9655_SelectFormatResolution	0	static
camera.c:1004:6:DCMI_OV9655_SelectOutputFormat	0	static
camera.c:1029:6:DCMI_OV9655_SetRegister	0	static
camera.c:1043:6:DCMI_OV9655_HREFControl	0	static
camera.c:1057:6:DCMI_OV9655_SelectRGBOption	0	static
camera.c:1086:9:DCMI_SingleRandomRead	24	static
camera.c:975:6:DCMI_OV9655_ReadID	8	static
camera.c:1151:6:Arducam_JPEG	8	static
camera.c:1124:6:ArducamInit	8	static
