Archive member included to satisfy reference by file (symbol)

c:/program files (x86)/atollic/truestudio for stm32 9.3.0/armtools/bin/../lib/gcc/arm-atollic-eabi/6.3.1/../../../../arm-atollic-eabi/lib/armv7e-m/fpu\libc_nano.a(lib_a-init.o)
                              Drivers\CMSIS\Device\ST\STM32L4xx\Source\Templates\gcc\startup_stm32l476xx.o (__libc_init_array)
c:/program files (x86)/atollic/truestudio for stm32 9.3.0/armtools/bin/../lib/gcc/arm-atollic-eabi/6.3.1/../../../../arm-atollic-eabi/lib/armv7e-m/fpu\libc_nano.a(lib_a-malloc.o)
                              ApplicationSRC\usbd_storage.o (malloc)
c:/program files (x86)/atollic/truestudio for stm32 9.3.0/armtools/bin/../lib/gcc/arm-atollic-eabi/6.3.1/../../../../arm-atollic-eabi/lib/armv7e-m/fpu\libc_nano.a(lib_a-memcpy-stub.o)
                              ApplicationSRC\usbd_storage.o (memcpy)
c:/program files (x86)/atollic/truestudio for stm32 9.3.0/armtools/bin/../lib/gcc/arm-atollic-eabi/6.3.1/../../../../arm-atollic-eabi/lib/armv7e-m/fpu\libc_nano.a(lib_a-memset.o)
                              ApplicationSRC\bsp_driver_sd.o (memset)
c:/program files (x86)/atollic/truestudio for stm32 9.3.0/armtools/bin/../lib/gcc/arm-atollic-eabi/6.3.1/../../../../arm-atollic-eabi/lib/armv7e-m/fpu\libc_nano.a(lib_a-mktime.o)
                              ApplicationSRC\sensor.o (mktime)
c:/program files (x86)/atollic/truestudio for stm32 9.3.0/armtools/bin/../lib/gcc/arm-atollic-eabi/6.3.1/../../../../arm-atollic-eabi/lib/armv7e-m/fpu\libc_nano.a(lib_a-nano-freer.o)
                              c:/program files (x86)/atollic/truestudio for stm32 9.3.0/armtools/bin/../lib/gcc/arm-atollic-eabi/6.3.1/../../../../arm-atollic-eabi/lib/armv7e-m/fpu\libc_nano.a(lib_a-malloc.o) (_free_r)
c:/program files (x86)/atollic/truestudio for stm32 9.3.0/armtools/bin/../lib/gcc/arm-atollic-eabi/6.3.1/../../../../arm-atollic-eabi/lib/armv7e-m/fpu\libc_nano.a(lib_a-nano-mallocr.o)
                              c:/program files (x86)/atollic/truestudio for stm32 9.3.0/armtools/bin/../lib/gcc/arm-atollic-eabi/6.3.1/../../../../arm-atollic-eabi/lib/armv7e-m/fpu\libc_nano.a(lib_a-malloc.o) (_malloc_r)
c:/program files (x86)/atollic/truestudio for stm32 9.3.0/armtools/bin/../lib/gcc/arm-atollic-eabi/6.3.1/../../../../arm-atollic-eabi/lib/armv7e-m/fpu\libc_nano.a(lib_a-sbrkr.o)
                              c:/program files (x86)/atollic/truestudio for stm32 9.3.0/armtools/bin/../lib/gcc/arm-atollic-eabi/6.3.1/../../../../arm-atollic-eabi/lib/armv7e-m/fpu\libc_nano.a(lib_a-nano-mallocr.o) (_sbrk_r)
c:/program files (x86)/atollic/truestudio for stm32 9.3.0/armtools/bin/../lib/gcc/arm-atollic-eabi/6.3.1/../../../../arm-atollic-eabi/lib/armv7e-m/fpu\libc_nano.a(lib_a-sprintf.o)
                              ApplicationSRC\sensor.o (sprintf)
c:/program files (x86)/atollic/truestudio for stm32 9.3.0/armtools/bin/../lib/gcc/arm-atollic-eabi/6.3.1/../../../../arm-atollic-eabi/lib/armv7e-m/fpu\libc_nano.a(lib_a-sscanf.o)
                              ApplicationSRC\sensor.o (sscanf)
c:/program files (x86)/atollic/truestudio for stm32 9.3.0/armtools/bin/../lib/gcc/arm-atollic-eabi/6.3.1/../../../../arm-atollic-eabi/lib/armv7e-m/fpu\libc_nano.a(lib_a-stdio.o)
                              c:/program files (x86)/atollic/truestudio for stm32 9.3.0/armtools/bin/../lib/gcc/arm-atollic-eabi/6.3.1/../../../../arm-atollic-eabi/lib/armv7e-m/fpu\libc_nano.a(lib_a-sscanf.o) (__seofread)
c:/program files (x86)/atollic/truestudio for stm32 9.3.0/armtools/bin/../lib/gcc/arm-atollic-eabi/6.3.1/../../../../arm-atollic-eabi/lib/armv7e-m/fpu\libc_nano.a(lib_a-strcpy.o)
                              ApplicationSRC\main.o (strcpy)
c:/program files (x86)/atollic/truestudio for stm32 9.3.0/armtools/bin/../lib/gcc/arm-atollic-eabi/6.3.1/../../../../arm-atollic-eabi/lib/armv7e-m/fpu\libc_nano.a(lib_a-strlen.o)
                              ApplicationSRC\sensor.o (strlen)
c:/program files (x86)/atollic/truestudio for stm32 9.3.0/armtools/bin/../lib/gcc/arm-atollic-eabi/6.3.1/../../../../arm-atollic-eabi/lib/armv7e-m/fpu\libc_nano.a(lib_a-strstr.o)
                              ApplicationSRC\sensor.o (strstr)
c:/program files (x86)/atollic/truestudio for stm32 9.3.0/armtools/bin/../lib/gcc/arm-atollic-eabi/6.3.1/../../../../arm-atollic-eabi/lib/armv7e-m/fpu\libc_nano.a(lib_a-tzcalc_limits.o)
                              c:/program files (x86)/atollic/truestudio for stm32 9.3.0/armtools/bin/../lib/gcc/arm-atollic-eabi/6.3.1/../../../../arm-atollic-eabi/lib/armv7e-m/fpu\libc_nano.a(lib_a-mktime.o) (__tzcalc_limits)
c:/program files (x86)/atollic/truestudio for stm32 9.3.0/armtools/bin/../lib/gcc/arm-atollic-eabi/6.3.1/../../../../arm-atollic-eabi/lib/armv7e-m/fpu\libc_nano.a(lib_a-tzlock.o)
                              c:/program files (x86)/atollic/truestudio for stm32 9.3.0/armtools/bin/../lib/gcc/arm-atollic-eabi/6.3.1/../../../../arm-atollic-eabi/lib/armv7e-m/fpu\libc_nano.a(lib_a-mktime.o) (__tz_lock)
[...]
Memory Configuration

Name             Origin             Length             Attributes
FLASH            0x08000000         0x00080000         xr
RAM              0x20000000         0x00018000         xrw
RAM2             0x10000000         0x00008000         rw
MEMORY_B1        0x60000000         0x00000000         xr
*default*        0x00000000         0xffffffff

Linker script and memory map

LOAD c:/program files (x86)/atollic/truestudio for stm32 9.3.0/armtools/bin/../lib/gcc/arm-atollic-eabi/6.3.1/armv7e-m/fpu/crti.o
LOAD c:/program files (x86)/atollic/truestudio for stm32 9.3.0/armtools/bin/../lib/gcc/arm-atollic-eabi/6.3.1/armv7e-m/fpu/crtbegin.o
LOAD ApplicationSRC\bsp_driver_sd.o
LOAD ApplicationSRC\fatfs.o
LOAD ApplicationSRC\gpio_functions.o
LOAD ApplicationSRC\main.o
LOAD ApplicationSRC\peripherals.o
LOAD ApplicationSRC\sensor.o
LOAD ApplicationSRC\stm32l4xx_hal_msp.o
LOAD ApplicationSRC\stm32l4xx_it.o
LOAD ApplicationSRC\system_stm32l4xx.o
LOAD ApplicationSRC\time_functions.o
LOAD ApplicationSRC\usbd_conf.o
LOAD ApplicationSRC\usbd_desc.o
LOAD ApplicationSRC\usbd_storage.o
LOAD Drivers\CMSIS\Device\ST\STM32L4xx\Source\Templates\gcc\startup_stm32l476xx.o
LOAD Drivers\STM32L4xx_HAL_Driver\Src\stm32l4xx_hal.o
LOAD Drivers\STM32L4xx_HAL_Driver\Src\stm32l4xx_hal_cortex.o
LOAD Drivers\STM32L4xx_HAL_Driver\Src\stm32l4xx_hal_dma.o
LOAD Drivers\STM32L4xx_HAL_Driver\Src\stm32l4xx_hal_flash.o
LOAD Drivers\STM32L4xx_HAL_Driver\Src\stm32l4xx_hal_flash_ex.o
LOAD Drivers\STM32L4xx_HAL_Driver\Src\stm32l4xx_hal_flash_ramfunc.o
LOAD Drivers\STM32L4xx_HAL_Driver\Src\stm32l4xx_hal_gpio.o
LOAD Drivers\STM32L4xx_HAL_Driver\Src\stm32l4xx_hal_i2c.o
LOAD Drivers\STM32L4xx_HAL_Driver\Src\stm32l4xx_hal_i2c_ex.o
LOAD Drivers\STM32L4xx_HAL_Driver\Src\stm32l4xx_hal_pcd.o
LOAD Drivers\STM32L4xx_HAL_Driver\Src\stm32l4xx_hal_pcd_ex.o
LOAD Drivers\STM32L4xx_HAL_Driver\Src\stm32l4xx_hal_pwr.o
LOAD Drivers\STM32L4xx_HAL_Driver\Src\stm32l4xx_hal_pwr_ex.o
LOAD Drivers\STM32L4xx_HAL_Driver\Src\stm32l4xx_hal_rcc.o
LOAD Drivers\STM32L4xx_HAL_Driver\Src\stm32l4xx_hal_rcc_ex.o
LOAD Drivers\STM32L4xx_HAL_Driver\Src\stm32l4xx_hal_sd.o
LOAD Drivers\STM32L4xx_HAL_Driver\Src\stm32l4xx_hal_tim.o
LOAD Drivers\STM32L4xx_HAL_Driver\Src\stm32l4xx_hal_tim_ex.o
LOAD Drivers\STM32L4xx_HAL_Driver\Src\stm32l4xx_hal_uart.o
LOAD Drivers\STM32L4xx_HAL_Driver\Src\stm32l4xx_ll_adc.o
LOAD Drivers\STM32L4xx_HAL_Driver\Src\stm32l4xx_ll_comp.o
LOAD Drivers\STM32L4xx_HAL_Driver\Src\stm32l4xx_ll_dac.o
LOAD Drivers\STM32L4xx_HAL_Driver\Src\stm32l4xx_ll_dma.o
LOAD Drivers\STM32L4xx_HAL_Driver\Src\stm32l4xx_ll_exti.o
LOAD Drivers\STM32L4xx_HAL_Driver\Src\stm32l4xx_ll_gpio.o
LOAD Drivers\STM32L4xx_HAL_Driver\Src\stm32l4xx_ll_i2c.o
LOAD Drivers\STM32L4xx_HAL_Driver\Src\stm32l4xx_ll_lptim.o
LOAD Drivers\STM32L4xx_HAL_Driver\Src\stm32l4xx_ll_lpuart.o
LOAD Drivers\STM32L4xx_HAL_Driver\Src\stm32l4xx_ll_rcc.o
LOAD Drivers\STM32L4xx_HAL_Driver\Src\stm32l4xx_ll_rtc.o
LOAD Drivers\STM32L4xx_HAL_Driver\Src\stm32l4xx_ll_sdmmc.o
LOAD Drivers\STM32L4xx_HAL_Driver\Src\stm32l4xx_ll_spi.o
LOAD Drivers\STM32L4xx_HAL_Driver\Src\stm32l4xx_ll_usart.o
LOAD Drivers\STM32L4xx_HAL_Driver\Src\stm32l4xx_ll_usb.o
LOAD Drivers\STM32L4xx_HAL_Driver\Src\stm32l4xx_ll_utils.o
LOAD Middlewares\ST\STM32_USB_Device_Library\Class\MSC\Src\usbd_msc.o
LOAD Middlewares\ST\STM32_USB_Device_Library\Class\MSC\Src\usbd_msc_bot.o
LOAD Middlewares\ST\STM32_USB_Device_Library\Class\MSC\Src\usbd_msc_data.o
LOAD Middlewares\ST\STM32_USB_Device_Library\Class\MSC\Src\usbd_msc_scsi.o
LOAD Middlewares\ST\STM32_USB_Device_Library\Core\Src\usbd_core.o
LOAD Middlewares\ST\STM32_USB_Device_Library\Core\Src\usbd_ctlreq.o
LOAD Middlewares\ST\STM32_USB_Device_Library\Core\Src\usbd_ioreq.o
LOAD Middlewares\Third_Party\FatFs\src\diskio.o
LOAD Middlewares\Third_Party\FatFs\src\drivers\sd_diskio.o
LOAD Middlewares\Third_Party\FatFs\src\ff.o
LOAD Middlewares\Third_Party\FatFs\src\ff_gen_drv.o
LOAD Middlewares\Third_Party\FatFs\src\option\syscall.o
                0x00000080                malloc_getpagesize_P = 0x80
START GROUP
LOAD c:/program files (x86)/atollic/truestudio for stm32 9.3.0/armtools/bin/../lib/gcc/arm-atollic-eabi/6.3.1/../../../../arm-atollic-eabi/lib/armv7e-m/fpu\libc_nano.a
LOAD c:/program files (x86)/atollic/truestudio for stm32 9.3.0/armtools/bin/../lib/gcc/arm-atollic-eabi/6.3.1/../../../../arm-atollic-eabi/lib/armv7e-m/fpu\libm.a
END GROUP
START GROUP
LOAD c:/program files (x86)/atollic/truestudio for stm32 9.3.0/armtools/bin/../lib/gcc/arm-atollic-eabi/6.3.1/armv7e-m/fpu\libgcc.a
LOAD c:/program files (x86)/atollic/truestudio for stm32 9.3.0/armtools/bin/../lib/gcc/arm-atollic-eabi/6.3.1/../../../../arm-atollic-eabi/lib/armv7e-m/fpu\libc_nano.a
END GROUP
START GROUP
LOAD c:/program files (x86)/atollic/truestudio for stm32 9.3.0/armtools/bin/../lib/gcc/arm-atollic-eabi/6.3.1/armv7e-m/fpu\libgcc.a
LOAD c:/program files (x86)/atollic/truestudio for stm32 9.3.0/armtools/bin/../lib/gcc/arm-atollic-eabi/6.3.1/../../../../arm-atollic-eabi/lib/armv7e-m/fpu\libc_nano.a
LOAD c:/program files (x86)/atollic/truestudio for stm32 9.3.0/armtools/bin/../lib/gcc/arm-atollic-eabi/6.3.1/../../../../arm-atollic-eabi/lib/armv7e-m/fpu\libnosys.a
END GROUP
START GROUP
LOAD c:/program files (x86)/atollic/truestudio for stm32 9.3.0/armtools/bin/../lib/gcc/arm-atollic-eabi/6.3.1/armv7e-m/fpu\libgcc.a
LOAD c:/program files (x86)/atollic/truestudio for stm32 9.3.0/armtools/bin/../lib/gcc/arm-atollic-eabi/6.3.1/../../../../arm-atollic-eabi/lib/armv7e-m/fpu\libc_nano.a
LOAD c:/program files (x86)/atollic/truestudio for stm32 9.3.0/armtools/bin/../lib/gcc/arm-atollic-eabi/6.3.1/../../../../arm-atollic-eabi/lib/armv7e-m/fpu\libnosys.a
END GROUP
LOAD c:/program files (x86)/atollic/truestudio for stm32 9.3.0/armtools/bin/../lib/gcc/arm-atollic-eabi/6.3.1/armv7e-m/fpu/crtend.o
LOAD c:/program files (x86)/atollic/truestudio for stm32 9.3.0/armtools/bin/../lib/gcc/arm-atollic-eabi/6.3.1/armv7e-m/fpu/crtn.o
                0x20018000                _estack = 0x20018000
                0x00001000                _Min_Heap_Size = 0x1000
                0x00002000                _Min_Stack_Size = 0x2000

.isr_vector     0x08000000      0x188
                0x08000000                . = ALIGN (0x4)
 *(.isr_vector)
 .isr_vector    0x08000000      0x188 Drivers\CMSIS\Device\ST\STM32L4xx\Source\Templates\gcc\startup_stm32l476xx.o
                0x08000000                g_pfnVectors
                0x08000188                . = ALIGN (0x4)

.text           0x08000190     0xb394
                0x08000190                . = ALIGN (0x4)
 *(.text)
 .text          0x08000190       0x40 c:/program files (x86)/atollic/truestudio for stm32 9.3.0/armtools/bin/../lib/gcc/arm-atollic-eabi/6.3.1/armv7e-m/fpu/crtbegin.o
 .text          0x080001d0       0x10 c:/program files (x86)/atollic/truestudio for stm32 9.3.0/armtools/bin/../lib/gcc/arm-atollic-eabi/6.3.1/../../../../arm-atollic-eabi/lib/armv7e-m/fpu\libc_nano.a(lib_a-strlen.o)
                0x080001d0                strlen
 .text          0x080001e0       0xa0 c:/program files (x86)/atollic/truestudio for stm32 9.3.0/armtools/bin/../lib/gcc/arm-atollic-eabi/6.3.1/../../../../arm-atollic-eabi/lib/armv7e-m/fpu\libc_nano.a(lib_a-memchr.o)
                0x080001e0                memchr
 .text          0x08000280       0x30 c:/program files (x86)/atollic/truestudio for stm32 9.3.0/armtools/bin/../lib/gcc/arm-atollic-eabi/6.3.1/armv7e-m/fpu\libgcc.a(_aeabi_uldivmod.o)
                0x08000280                __aeabi_uldivmod
 .text          0x080002b0      0x2dc c:/program files (x86)/atollic/truestudio for stm32 9.3.0/armtools/bin/../lib/gcc/arm-atollic-eabi/6.3.1/armv7e-m/fpu\libgcc.a(_udivmoddi4.o)
                0x080002b0                __udivmoddi4
 .text          0x0800058c        0x4 c:/program files (x86)/atollic/truestudio for stm32 9.3.0/armtools/bin/../lib/gcc/arm-atollic-eabi/6.3.1/armv7e-m/fpu\libgcc.a(_dvmd_tls.o)
                0x0800058c                __aeabi_idiv0
                0x0800058c                __aeabi_ldiv0
 *(.text*)
 .text.BSP_SD_IsDetected
                0x08000590       0x26 ApplicationSRC\bsp_driver_sd.o
                0x08000590                BSP_SD_IsDetected
 *fill*         0x080005b6        0x2 
 .text.BSP_SD_IRQHandler
                0x080005b8        0xc ApplicationSRC\bsp_driver_sd.o
                0x080005b8                BSP_SD_IRQHandler
 .text.BSP_SD_DMA_Tx_IRQHandler
                0x080005c4        0xc ApplicationSRC\bsp_driver_sd.o
                0x080005c4                BSP_SD_DMA_Tx_IRQHandler
 .text.BSP_SD_DMA_Rx_IRQHandler
                0x080005d0        0xc ApplicationSRC\bsp_driver_sd.o
                0x080005d0                BSP_SD_DMA_Rx_IRQHandler
 .text.BSP_SD_GetStatus
                0x080005dc        0xc ApplicationSRC\bsp_driver_sd.o
                0x080005dc                BSP_SD_GetStatus
 .text.BSP_SD_GetCardInfo
                0x080005e8        0xc ApplicationSRC\bsp_driver_sd.o
                0x080005e8                BSP_SD_GetCardInfo
 .text.SD_DMAConfigRx
                0x080005f4       0x64 ApplicationSRC\bsp_driver_sd.o
                0x080005f4                SD_DMAConfigRx
 .text.BSP_SD_ReadBlocks_DMA
                0x08000658       0x4c ApplicationSRC\bsp_driver_sd.o
                0x08000658                BSP_SD_ReadBlocks_DMA
 .text.SD_DMAConfigTx
                0x080006a4       0x64 ApplicationSRC\bsp_driver_sd.o
                0x080006a4                SD_DMAConfigTx
 .text.BSP_SD_Init
                0x08000708      0x100 ApplicationSRC\bsp_driver_sd.o
                0x08000708                BSP_SD_Init
 .text.BSP_SD_WriteBlocks_DMA
                0x08000808       0x4c ApplicationSRC\bsp_driver_sd.o
                0x08000808                BSP_SD_WriteBlocks_DMA
 .text.get_fattime
                0x08000854        0x4 ApplicationSRC\fatfs.o
                0x08000854                get_fattime
 .text.LL_AHB2_GRP1_EnableClock
                0x08000858       0x1c ApplicationSRC\gpio_functions.o
 .text.MX_GPIO_Init
                0x08000874      0x218 ApplicationSRC\gpio_functions.o
                0x08000874                MX_GPIO_Init
 .text.RED_LED_OFF
                0x08000a8c        0xa ApplicationSRC\gpio_functions.o
                0x08000a8c                RED_LED_OFF
 .text.GREEN_LED_OFF
                0x08000a96        0xa ApplicationSRC\gpio_functions.o
                0x08000a96                GREEN_LED_OFF
 .text.BLUE_LED_OFF
                0x08000aa0        0xc ApplicationSRC\gpio_functions.o
                0x08000aa0                BLUE_LED_OFF
 .text.ALL_LED_OFF
                0x08000aac       0x18 ApplicationSRC\gpio_functions.o
                0x08000aac                ALL_LED_OFF
 .text.ALL_LED_ON
                0x08000ac4       0x18 ApplicationSRC\gpio_functions.o
                0x08000ac4                ALL_LED_ON
 .text.GREEN_LED_ONLY
                0x08000adc       0x18 ApplicationSRC\gpio_functions.o
                0x08000adc                GREEN_LED_ONLY
 .text.RED_LED_ONLY
                0x08000af4       0x18 ApplicationSRC\gpio_functions.o
                0x08000af4                RED_LED_ONLY
 .text.BLUE_LED_ONLY
                0x08000b0c       0x18 ApplicationSRC\gpio_functions.o
                0x08000b0c                BLUE_LED_ONLY
 .text.VIOLET_LED_ONLY
                0x08000b24       0x18 ApplicationSRC\gpio_functions.o
                0x08000b24                VIOLET_LED_ONLY
 .text.SD_POWER_ON
                0x08000b3c        0x2 ApplicationSRC\gpio_functions.o
                0x08000b3c                SD_POWER_ON
 .text.SD_POWER_OFF
                0x08000b3e        0x2 ApplicationSRC\gpio_functions.o
                0x08000b3e                SD_POWER_OFF
 .text.startup.main
                0x08000b40      0x1c8 ApplicationSRC\main.o
                0x08000b40                main
 .text.LPTIM2_IRQHandler
                0x08000d08       0xc4 ApplicationSRC\main.o
                0x08000d08                LPTIM2_IRQHandler
 .text.EXTI9_5_IRQHandler
                0x08000dcc       0x20 ApplicationSRC\main.o
                0x08000dcc                EXTI9_5_IRQHandler
 .text.NVIC_SystemReset
                0x08000dec       0x24 ApplicationSRC\sensor.o
 .text.LL_ADC_REG_StartConversion
                0x08000e10       0x12 ApplicationSRC\sensor.o
 *fill*         0x08000e22        0x2 
 .text.LL_AHB2_GRP1_EnableClock
                0x08000e24       0x1c ApplicationSRC\sensor.o
 .text.LL_APB2_GRP1_EnableClock
                0x08000e40       0x1c ApplicationSRC\sensor.o
 .text.LL_GPIO_SetPinMode
                0x08000e5c       0x2c ApplicationSRC\sensor.o
 .text.LL_ADC_REG_SetSequencerRanks
                0x08000e88       0x3c ApplicationSRC\sensor.o
 .text.LL_ADC_SetChannelSamplingTime
                0x08000ec4       0x4e ApplicationSRC\sensor.o
 .text.LL_GPIO_SetAFPin_0_7
                0x08000f12       0x2c ApplicationSRC\sensor.o
 .text.LL_GPIO_SetPinPull
                0x08000f3e       0x2c ApplicationSRC\sensor.o
 .text.LL_GPIO_SetPinSpeed.constprop.6
                0x08000f6a       0x2c ApplicationSRC\sensor.o
 *fill*         0x08000f96        0x2 
 .text.LL_RTC_DATE_GetDay.constprop.8
                0x08000f98       0x30 ApplicationSRC\sensor.o
 .text.LL_RTC_DATE_GetMonth.constprop.9
                0x08000fc8       0x34 ApplicationSRC\sensor.o
 .text.LL_RTC_DATE_GetYear.constprop.10
                0x08000ffc       0x34 ApplicationSRC\sensor.o
 .text.LL_RTC_TIME_GetSecond.constprop.11
                0x08001030       0x30 ApplicationSRC\sensor.o
 .text.LL_RTC_TIME_GetMinute.constprop.12
                0x08001060       0x34 ApplicationSRC\sensor.o
 .text.LL_RTC_TIME_GetHour.constprop.13
                0x08001094       0x34 ApplicationSRC\sensor.o
 .text.Power_on_reset
                0x080010c8       0x1c ApplicationSRC\sensor.o
                0x080010c8                Power_on_reset
 .text.Configure_Interrupt
                0x080010e4       0x34 ApplicationSRC\sensor.o
                0x080010e4                Configure_Interrupt
 .text.Shut_Down_USB
                0x08001118       0x3c ApplicationSRC\sensor.o
                0x08001118                Shut_Down_USB
 .text.USB_Clock_Ready
                0x08001154       0x34 ApplicationSRC\sensor.o
                0x08001154                USB_Clock_Ready
 .text.DFU_Bypass
                0x08001188       0x58 ApplicationSRC\sensor.o
                0x08001188                DFU_Bypass
 .text.Prepare_Goto_Dormant_Mode
                0x080011e0       0x14 ApplicationSRC\sensor.o
                0x080011e0                Prepare_Goto_Dormant_Mode
 .text.Reset_Variables_for_LowBattery
                0x080011f4       0x10 ApplicationSRC\sensor.o
                0x080011f4                Reset_Variables_for_LowBattery
 .text.GetNextIndex
                0x08001204       0x60 ApplicationSRC\sensor.o
                0x08001204                GetNextIndex
 .text.Try_FATFS_Mount
                0x08001264       0x5c ApplicationSRC\sensor.o
                0x08001264                Try_FATFS_Mount
 .text.file_reopen_sync
                0x080012c0       0x30 ApplicationSRC\sensor.o
                0x080012c0                file_reopen_sync
 .text.file_reopen
                0x080012f0       0x30 ApplicationSRC\sensor.o
                0x080012f0                file_reopen
 .text.file_mnt_reopen
                0x08001320       0x50 ApplicationSRC\sensor.o
                0x08001320                file_mnt_reopen
 .text.FATFS_Logstart_Delete
                0x08001370       0x4c ApplicationSRC\sensor.o
                0x08001370                FATFS_Logstart_Delete
 .text.FATFS_Logstart_Ready
                0x080013bc       0x5c ApplicationSRC\sensor.o
                0x080013bc                FATFS_Logstart_Ready
 .text.USB_MSC_Init_Start
                0x08001418       0x44 ApplicationSRC\sensor.o
                0x08001418                USB_MSC_Init_Start
 .text.USB_VCP_Init_Start
                0x0800145c       0x44 ApplicationSRC\sensor.o
                0x0800145c                USB_VCP_Init_Start
 .text.Read_RTC_Timestamp
                0x080014a0       0xdc ApplicationSRC\sensor.o
                0x080014a0                Read_RTC_Timestamp
 .text.update_FATFS_time
                0x0800157c       0x64 ApplicationSRC\sensor.o
                0x0800157c                update_FATFS_time
 .text.File_Close_Update_Unlink
                0x080015e0       0x2c ApplicationSRC\sensor.o
                0x080015e0                File_Close_Update_Unlink
 .text.Shut_Down_SD
                0x0800160c        0x4 ApplicationSRC\sensor.o
                0x0800160c                Shut_Down_SD
 .text.Enter_RTC_InitMode
                0x08001610       0x14 ApplicationSRC\sensor.o
                0x08001610                Enter_RTC_InitMode
 .text.Exit_RTC_InitMode
                0x08001624       0x20 ApplicationSRC\sensor.o
                0x08001624                Exit_RTC_InitMode
 .text.MX_RTC_Init
                0x08001644       0xb4 ApplicationSRC\sensor.o
                0x08001644                MX_RTC_Init
 .text.Set_RTC_Calendar
                0x080016f8       0x70 ApplicationSRC\sensor.o
                0x080016f8                Set_RTC_Calendar
 .text.RTC_BAK_GetRegister
                0x08001768        0x8 ApplicationSRC\sensor.o
                0x08001768                RTC_BAK_GetRegister
 .text.USB_PA9_EXTI_conf
                0x08001770       0x40 ApplicationSRC\sensor.o
                0x08001770                USB_PA9_EXTI_conf
 .text.P_IMU4_SPI3_Init
                0x080017b0       0xf0 ApplicationSRC\sensor.o
                0x080017b0                P_IMU4_SPI3_Init
 .text.Wait_for_ADC_timeout_While_Datalog
                0x080018a0       0x28 ApplicationSRC\sensor.o
                0x080018a0                Wait_for_ADC_timeout_While_Datalog
 .text.Wait_for_ADC_TimeOut_
                0x080018c8       0x28 ApplicationSRC\sensor.o
                0x080018c8                Wait_for_ADC_TimeOut_
 .text.P_Activate_ADC2
                0x080018f0       0xcc ApplicationSRC\sensor.o
                0x080018f0                P_Activate_ADC2
 .text.P_Activate_ADC1
                0x080019bc       0xd0 ApplicationSRC\sensor.o
                0x080019bc                P_Activate_ADC1
 .text.P_ADC1_conf_strain
                0x08001a8c       0xec ApplicationSRC\sensor.o
                0x08001a8c                P_ADC1_conf_strain
 .text.P_ADC_Sensor_GPIO_Init
                0x08001b78       0x3c ApplicationSRC\sensor.o
                0x08001b78                P_ADC_Sensor_GPIO_Init
 .text.WriteReg3
                0x08001bb4       0x50 ApplicationSRC\sensor.o
                0x08001bb4                WriteReg3
 .text.WriteReg1
                0x08001c04       0x44 ApplicationSRC\sensor.o
                0x08001c04                WriteReg1
 .text.WriteReg2
                0x08001c48       0x44 ApplicationSRC\sensor.o
                0x08001c48                WriteReg2
 .text.ReadRegs1
                0x08001c8c       0x54 ApplicationSRC\sensor.o
                0x08001c8c                ReadRegs1
 .text.ReadRegs3
                0x08001ce0       0x64 ApplicationSRC\sensor.o
                0x08001ce0                ReadRegs3
 .text.ReadRegs2
                0x08001d44       0x54 ApplicationSRC\sensor.o
                0x08001d44                ReadRegs2
 .text.F_Sensor_ADC_Store
                0x08001d98       0xb4 ApplicationSRC\sensor.o
                0x08001d98                F_Sensor_ADC_Store
 .text.ACC_GPIO_INIT
                0x08001e4c       0x9a ApplicationSRC\sensor.o
                0x08001e4c                ACC_GPIO_INIT
 *fill*         0x08001ee6        0x2 
 .text.P_IMU1_SPI1_Init
                0x08001ee8       0x80 ApplicationSRC\sensor.o
                0x08001ee8                P_IMU1_SPI1_Init
 .text.P_IMU3_SPI2_Init
                0x08001f68       0xec ApplicationSRC\sensor.o
                0x08001f68                P_IMU3_SPI2_Init
 .text.Configure_USART_1
                0x08002054       0x74 ApplicationSRC\sensor.o
                0x08002054                Configure_USART_1
 .text.USART1_wr_print
                0x080020c8       0x2c ApplicationSRC\sensor.o
                0x080020c8                USART1_wr_print
 .text.Clear_ErrorTimestamp_Buffer
                0x080020f4       0x14 ApplicationSRC\sensor.o
                0x080020f4                Clear_ErrorTimestamp_Buffer
 .text.Reset_All
                0x08002108       0x54 ApplicationSRC\sensor.o
                0x08002108                Reset_All
 .text.Save_ErrorTimestamp_Buffer
                0x0800215c       0x98 ApplicationSRC\sensor.o
                0x0800215c                Save_ErrorTimestamp_Buffer
 .text.AIM_Error_Handler
                0x080021f4       0xf4 ApplicationSRC\sensor.o
                0x080021f4                AIM_Error_Handler
 .text.FATFS_Init
                0x080022e8       0x40 ApplicationSRC\sensor.o
                0x080022e8                FATFS_Init
 .text.Check_SD_Command_File
                0x08002328      0x100 ApplicationSRC\sensor.o
                0x08002328                Check_SD_Command_File
 .text.Execute_VCP_Command
                0x08002428       0x5c ApplicationSRC\sensor.o
                0x08002428                Execute_VCP_Command
 .text.Open_File_For_Sensor_Write
                0x08002484       0x74 ApplicationSRC\sensor.o
                0x08002484                Open_File_For_Sensor_Write
 .text.Datalog_Sensor_Initialization
                0x080024f8       0x20 ApplicationSRC\sensor.o
                0x080024f8                Datalog_Sensor_Initialization
 .text.Prepare_Data_Log_State
                0x08002518       0x64 ApplicationSRC\sensor.o
                0x08002518                Prepare_Data_Log_State
 .text.USB_Init_Start
                0x0800257c       0xd0 ApplicationSRC\sensor.o
                0x0800257c                USB_Init_Start
 .text.SD_Sensor_write
                0x0800264c       0x80 ApplicationSRC\sensor.o
                0x0800264c                SD_Sensor_write
 .text.AIM_DataStart_at_Reset
                0x080026cc       0x5c ApplicationSRC\sensor.o
                0x080026cc                AIM_DataStart_at_Reset
 .text.MPU_9D_store_IMU1_SPI1
                0x08002728      0x14c ApplicationSRC\sensor.o
                0x08002728                MPU_9D_store_IMU1_SPI1
 .text.MPU_9D_store_IMU4_SPI3
                0x08002874      0x134 ApplicationSRC\sensor.o
                0x08002874                MPU_9D_store_IMU4_SPI3
 .text.MPU_9D_store_IMU3_SPI2
                0x080029a8      0x13c ApplicationSRC\sensor.o
                0x080029a8                MPU_9D_store_IMU3_SPI2
 .text.MPU1_SPI1_init
                0x08002ae4       0xec ApplicationSRC\sensor.o
                0x08002ae4                MPU1_SPI1_init
 .text.P_IMU1_SPI1_Initialization_at_reset
                0x08002bd0       0x16 ApplicationSRC\sensor.o
                0x08002bd0                P_IMU1_SPI1_Initialization_at_reset
 *fill*         0x08002be6        0x2 
 .text.MPU4_SPI3_init
                0x08002be8       0xec ApplicationSRC\sensor.o
                0x08002be8                MPU4_SPI3_init
 .text.P_IMU4_SPI3_Initialization_at_reset
                0x08002cd4       0x16 ApplicationSRC\sensor.o
                0x08002cd4                P_IMU4_SPI3_Initialization_at_reset
 *fill*         0x08002cea        0x2 
 .text.MPU3_SPI2_init
                0x08002cec       0xec ApplicationSRC\sensor.o
                0x08002cec                MPU3_SPI2_init
 .text.P_IMU3_SPI2_Initialization_at_reset
                0x08002dd8       0x16 ApplicationSRC\sensor.o
                0x08002dd8                P_IMU3_SPI2_Initialization_at_reset
 *fill*         0x08002dee        0x2 
 .text.Mag_Enc1_Store
                0x08002df0       0x8c ApplicationSRC\sensor.o
                0x08002df0                Mag_Enc1_Store
 .text.Mag_Enc2_Store
                0x08002e7c       0x90 ApplicationSRC\sensor.o
                0x08002e7c                Mag_Enc2_Store
 .text.HAL_MspInit
                0x08002f0c       0x8c ApplicationSRC\stm32l4xx_hal_msp.o
                0x08002f0c                HAL_MspInit
 .text.HAL_SD_MspInit
                0x08002f98       0x68 ApplicationSRC\stm32l4xx_hal_msp.o
                0x08002f98                HAL_SD_MspInit
 .text.NMI_Handler
                0x08003000        0x2 ApplicationSRC\stm32l4xx_it.o
                0x08003000                NMI_Handler
 .text.HardFault_Handler
                0x08003002        0x2 ApplicationSRC\stm32l4xx_it.o
                0x08003002                HardFault_Handler
 .text.MemManage_Handler
                0x08003004        0x2 ApplicationSRC\stm32l4xx_it.o
                0x08003004                MemManage_Handler
 .text.BusFault_Handler
                0x08003006        0x2 ApplicationSRC\stm32l4xx_it.o
                0x08003006                BusFault_Handler
 .text.UsageFault_Handler
                0x08003008        0x2 ApplicationSRC\stm32l4xx_it.o
                0x08003008                UsageFault_Handler
 .text.SVC_Handler
                0x0800300a        0x2 ApplicationSRC\stm32l4xx_it.o
                0x0800300a                SVC_Handler
 .text.DebugMon_Handler
                0x0800300c        0x2 ApplicationSRC\stm32l4xx_it.o
                0x0800300c                DebugMon_Handler
 .text.PendSV_Handler
                0x0800300e        0x2 ApplicationSRC\stm32l4xx_it.o
                0x0800300e                PendSV_Handler
 .text.SysTick_Handler
                0x08003010        0xe ApplicationSRC\stm32l4xx_it.o
                0x08003010                SysTick_Handler
 *fill*         0x0800301e        0x2 
 .text.OTG_FS_IRQHandler
                0x08003020        0xc ApplicationSRC\stm32l4xx_it.o
                0x08003020                OTG_FS_IRQHandler
 .text.DMA2_Channel4_IRQHandler
                0x0800302c       0x18 ApplicationSRC\stm32l4xx_it.o
                0x0800302c                DMA2_Channel4_IRQHandler
 .text.SDMMC1_IRQHandler
                0x08003044        0x4 ApplicationSRC\stm32l4xx_it.o
                0x08003044                SDMMC1_IRQHandler
 .text.SystemInit
                0x08003048       0x48 ApplicationSRC\system_stm32l4xx.o
                0x08003048                SystemInit
 .text.LL_APB1_GRP1_EnableClock
                0x08003090       0x1c ApplicationSRC\time_functions.o
 .text.LL_RCC_SetUSBClockSource.constprop.3
                0x080030ac       0x14 ApplicationSRC\time_functions.o
 .text.delay_us
                0x080030c0       0x14 ApplicationSRC\time_functions.o
                0x080030c0                delay_us
 .text.Start_LPTIMCounter2
                0x080030d4       0x28 ApplicationSRC\time_functions.o
                0x080030d4                Start_LPTIMCounter2
 .text.LSE_ON   0x080030fc       0x1c ApplicationSRC\time_functions.o
                0x080030fc                LSE_ON
 .text.EnterStop
                0x08003118       0x2c ApplicationSRC\time_functions.o
                0x08003118                EnterStop
 .text.SystemClock_Config_MSI_80MHz
                0x08003144       0xe0 ApplicationSRC\time_functions.o
                0x08003144                SystemClock_Config_MSI_80MHz
 .text.Configure_LPTIM2_Int
                0x08003224       0x4c ApplicationSRC\time_functions.o
                0x08003224                Configure_LPTIM2_Int
 .text.HAL_PCD_MspInit
                0x08003270       0x7c ApplicationSRC\usbd_conf.o
                0x08003270                HAL_PCD_MspInit
 .text.HAL_PCD_MspDeInit
                0x080032ec       0x18 ApplicationSRC\usbd_conf.o
                0x080032ec                HAL_PCD_MspDeInit
 .text.HAL_PCD_SetupStageCallback
                0x08003304        0xc ApplicationSRC\usbd_conf.o
                0x08003304                HAL_PCD_SetupStageCallback
 .text.HAL_PCD_DataOutStageCallback
                0x08003310       0x12 ApplicationSRC\usbd_conf.o
                0x08003310                HAL_PCD_DataOutStageCallback
 .text.HAL_PCD_DataInStageCallback
                0x08003322       0x10 ApplicationSRC\usbd_conf.o
                0x08003322                HAL_PCD_DataInStageCallback
 .text.HAL_PCD_SOFCallback
                0x08003332        0x8 ApplicationSRC\usbd_conf.o
                0x08003332                HAL_PCD_SOFCallback
 .text.HAL_PCD_ResetCallback
                0x0800333a       0x1a ApplicationSRC\usbd_conf.o
                0x0800333a                HAL_PCD_ResetCallback
 .text.HAL_PCD_SuspendCallback
                0x08003354        0x8 ApplicationSRC\usbd_conf.o
                0x08003354                HAL_PCD_SuspendCallback
 .text.HAL_PCD_ResumeCallback
                0x0800335c        0x8 ApplicationSRC\usbd_conf.o
                0x0800335c                HAL_PCD_ResumeCallback
 .text.HAL_PCD_ISOOUTIncompleteCallback
                0x08003364        0x8 ApplicationSRC\usbd_conf.o
                0x08003364                HAL_PCD_ISOOUTIncompleteCallback
 .text.HAL_PCD_ISOINIncompleteCallback
                0x0800336c        0x8 ApplicationSRC\usbd_conf.o
                0x0800336c                HAL_PCD_ISOINIncompleteCallback
 .text.HAL_PCD_ConnectCallback
                0x08003374        0x8 ApplicationSRC\usbd_conf.o
                0x08003374                HAL_PCD_ConnectCallback
 .text.HAL_PCD_DisconnectCallback
                0x0800337c        0x8 ApplicationSRC\usbd_conf.o
                0x0800337c                HAL_PCD_DisconnectCallback
 .text.USBD_LL_Init
                0x08003384       0x5c ApplicationSRC\usbd_conf.o
                0x08003384                USBD_LL_Init
 .text.USBD_LL_DeInit
                0x080033e0        0xe ApplicationSRC\usbd_conf.o
                0x080033e0                USBD_LL_DeInit
 .text.USBD_LL_Start
                0x080033ee        0xe ApplicationSRC\usbd_conf.o
                0x080033ee                USBD_LL_Start
 .text.USBD_LL_Stop
                0x080033fc        0xe ApplicationSRC\usbd_conf.o
                0x080033fc                USBD_LL_Stop
 .text.USBD_LL_OpenEP
                0x0800340a       0x14 ApplicationSRC\usbd_conf.o
                0x0800340a                USBD_LL_OpenEP
 .text.USBD_LL_CloseEP
                0x0800341e        0xe ApplicationSRC\usbd_conf.o
                0x0800341e                USBD_LL_CloseEP
 .text.USBD_LL_FlushEP
                0x0800342c        0xe ApplicationSRC\usbd_conf.o
                0x0800342c                USBD_LL_FlushEP
 .text.USBD_LL_StallEP
                0x0800343a        0xe ApplicationSRC\usbd_conf.o
                0x0800343a                USBD_LL_StallEP
 .text.USBD_LL_ClearStallEP
                0x08003448        0xe ApplicationSRC\usbd_conf.o
                0x08003448                USBD_LL_ClearStallEP
 .text.USBD_LL_IsStallEP
                0x08003456       0x26 ApplicationSRC\usbd_conf.o
                0x08003456                USBD_LL_IsStallEP
 .text.USBD_LL_SetUSBAddress
                0x0800347c        0xe ApplicationSRC\usbd_conf.o
                0x0800347c                USBD_LL_SetUSBAddress
 .text.USBD_LL_Transmit
                0x0800348a        0xe ApplicationSRC\usbd_conf.o
                0x0800348a                USBD_LL_Transmit
 .text.USBD_LL_PrepareReceive
                0x08003498        0xe ApplicationSRC\usbd_conf.o
                0x08003498                USBD_LL_PrepareReceive
 .text.USBD_LL_GetRxDataSize
                0x080034a6        0xc ApplicationSRC\usbd_conf.o
                0x080034a6                USBD_LL_GetRxDataSize
 *fill*         0x080034b2        0x2 
 .text.USBD_VCP_DeviceDescriptor
                0x080034b4        0xc ApplicationSRC\usbd_desc.o
                0x080034b4                USBD_VCP_DeviceDescriptor
 .text.USBD_MSC_DeviceDescriptor
                0x080034c0        0xc ApplicationSRC\usbd_desc.o
                0x080034c0                USBD_MSC_DeviceDescriptor
 .text.USBD_MSC_LangIDStrDescriptor
                0x080034cc        0xc ApplicationSRC\usbd_desc.o
                0x080034cc                USBD_MSC_LangIDStrDescriptor
 .text.IntToUnicode
                0x080034d8       0x28 ApplicationSRC\usbd_desc.o
 .text.USBD_VCP_SerialStrDescriptor
                0x08003500       0x40 ApplicationSRC\usbd_desc.o
                0x08003500                USBD_VCP_SerialStrDescriptor
 .text.USBD_MSC_SerialStrDescriptor
                0x08003540       0x40 ApplicationSRC\usbd_desc.o
                0x08003540                USBD_MSC_SerialStrDescriptor
 .text.USBD_VCP_ProductStrDescriptor
                0x08003580       0x1c ApplicationSRC\usbd_desc.o
                0x08003580                USBD_VCP_ProductStrDescriptor
 .text.USBD_MSC_ProductStrDescriptor
                0x0800359c       0x1c ApplicationSRC\usbd_desc.o
                0x0800359c                USBD_MSC_ProductStrDescriptor
 .text.USBD_MSC_ManufacturerStrDescriptor
                0x080035b8       0x1c ApplicationSRC\usbd_desc.o
                0x080035b8                USBD_MSC_ManufacturerStrDescriptor
 .text.USBD_VCP_ConfigStrDescriptor
                0x080035d4       0x1c ApplicationSRC\usbd_desc.o
                0x080035d4                USBD_VCP_ConfigStrDescriptor
 .text.USBD_MSC_ConfigStrDescriptor
                0x080035f0       0x1c ApplicationSRC\usbd_desc.o
                0x080035f0                USBD_MSC_ConfigStrDescriptor
 .text.USBD_VCP_InterfaceStrDescriptor
                0x0800360c       0x1c ApplicationSRC\usbd_desc.o
                0x0800360c                USBD_VCP_InterfaceStrDescriptor
 .text.USBD_MSC_InterfaceStrDescriptor
                0x08003628       0x1c ApplicationSRC\usbd_desc.o
                0x08003628                USBD_MSC_InterfaceStrDescriptor
 .text.USBD_VCP_LangIDStrDescriptor
                0x08003644        0xc ApplicationSRC\usbd_desc.o
                0x08003644                USBD_VCP_LangIDStrDescriptor
 .text.USBD_VCP_ManufacturerStrDescriptor
                0x08003650       0x1c ApplicationSRC\usbd_desc.o
                0x08003650                USBD_VCP_ManufacturerStrDescriptor
 .text.STORAGE_IsWriteProtected
                0x0800366c        0x4 ApplicationSRC\usbd_storage.o
                0x0800366c                STORAGE_IsWriteProtected
 .text.STORAGE_GetMaxLun
                0x08003670        0x4 ApplicationSRC\usbd_storage.o
                0x08003670                STORAGE_GetMaxLun
 .text.USBD_CDC_DataIn
                0x08003674       0x12 ApplicationSRC\usbd_storage.o
 .text.USBD_CDC_EP0_RxReady
                0x08003686       0x28 ApplicationSRC\usbd_storage.o
 *fill*         0x080036ae        0x2 
 .text.USBD_CDC_GetFSCfgDesc
                0x080036b0        0xc ApplicationSRC\usbd_storage.o
 .text.USBD_CDC_GetHSCfgDesc
                0x080036bc        0xc ApplicationSRC\usbd_storage.o
 .text.USBD_CDC_GetOtherSpeedCfgDesc
                0x080036c8        0xc ApplicationSRC\usbd_storage.o
 .text.USBD_CDC_GetDeviceQualifierDescriptor
                0x080036d4        0xc ApplicationSRC\usbd_storage.o
                0x080036d4                USBD_CDC_GetDeviceQualifierDescriptor
 .text.STORAGE_Init
                0x080036e0        0xa ApplicationSRC\usbd_storage.o
                0x080036e0                STORAGE_Init
 .text.STORAGE_GetCapacity
                0x080036ea       0x34 ApplicationSRC\usbd_storage.o
                0x080036ea                STORAGE_GetCapacity
 .text.STORAGE_Read
                0x0800371e       0x2c ApplicationSRC\usbd_storage.o
                0x0800371e                STORAGE_Read
 .text.STORAGE_Write
                0x0800374a       0x2c ApplicationSRC\usbd_storage.o
                0x0800374a                STORAGE_Write
 .text.USBD_CDC_DataOut
                0x08003776       0x2e ApplicationSRC\usbd_storage.o
 .text.USBD_CDC_Setup
                0x080037a4       0x68 ApplicationSRC\usbd_storage.o
 .text.USBD_CDC_DeInit
                0x0800380c       0x3a ApplicationSRC\usbd_storage.o
 .text.USBD_CDC_Init
                0x08003846       0x8c ApplicationSRC\usbd_storage.o
 *fill*         0x080038d2        0x2 
 .text.CDC_Itf_DeInit
                0x080038d4       0x10 ApplicationSRC\usbd_storage.o
 .text.CDC_Itf_Init
                0x080038e4       0x80 ApplicationSRC\usbd_storage.o
 .text.STORAGE_IsReady
                0x08003964       0x38 ApplicationSRC\usbd_storage.o
                0x08003964                STORAGE_IsReady
 .text.CDC_Itf_Control
                0x0800399c       0xd0 ApplicationSRC\usbd_storage.o
 .text.LL_RTC_DATE_GetDay.constprop.2
                0x08003a6c       0x30 ApplicationSRC\usbd_storage.o
 .text.LL_RTC_DATE_GetMonth.constprop.3
                0x08003a9c       0x34 ApplicationSRC\usbd_storage.o
 .text.LL_RTC_DATE_GetYear.constprop.4
                0x08003ad0       0x34 ApplicationSRC\usbd_storage.o
 .text.LL_RTC_TIME_GetSecond.constprop.5
                0x08003b04       0x30 ApplicationSRC\usbd_storage.o
 .text.LL_RTC_TIME_GetMinute.constprop.6
                0x08003b34       0x34 ApplicationSRC\usbd_storage.o
 .text.LL_RTC_TIME_GetHour.constprop.7
                0x08003b68       0x34 ApplicationSRC\usbd_storage.o
 .text.USBD_CDC_RegisterInterface
                0x08003b9c        0xe ApplicationSRC\usbd_storage.o
                0x08003b9c                USBD_CDC_RegisterInterface
 .text.USBD_CDC_TransmitPacket
                0x08003baa       0x2e ApplicationSRC\usbd_storage.o
                0x08003baa                USBD_CDC_TransmitPacket
 .text.USBD_CDC_ReceivePacket
                0x08003bd8       0x26 ApplicationSRC\usbd_storage.o
                0x08003bd8                USBD_CDC_ReceivePacket
 *fill*         0x08003bfe        0x2 
 .text.CDC_Itf_Receive
                0x08003c00      0x434 ApplicationSRC\usbd_storage.o
 .text.Reboot_Handler
                0x08004034       0x24 Drivers\CMSIS\Device\ST\STM32L4xx\Source\Templates\gcc\startup_stm32l476xx.o
 .text.Reset_Handler
                0x08004058       0x68 Drivers\CMSIS\Device\ST\STM32L4xx\Source\Templates\gcc\startup_stm32l476xx.o
                0x08004058                Reset_Handler
 .text.Default_Handler
                0x080040c0        0x2 Drivers\CMSIS\Device\ST\STM32L4xx\Source\Templates\gcc\startup_stm32l476xx.o
                0x080040c0                RTC_Alarm_IRQHandler
                0x080040c0                EXTI2_IRQHandler
                0x080040c0                TIM8_TRG_COM_IRQHandler
                0x080040c0                TIM8_CC_IRQHandler
                0x080040c0                TIM1_CC_IRQHandler
                0x080040c0                TSC_IRQHandler
                0x080040c0                TAMP_STAMP_IRQHandler
                0x080040c0                EXTI3_IRQHandler
                0x080040c0                DFSDM1_FLT1_IRQHandler
                0x080040c0                I2C3_ER_IRQHandler
                0x080040c0                DFSDM1_FLT2_IRQHandler
                0x080040c0                EXTI0_IRQHandler
                0x080040c0                I2C2_EV_IRQHandler
                0x080040c0                CAN1_RX0_IRQHandler
                0x080040c0                FPU_IRQHandler
                0x080040c0                TIM1_UP_TIM16_IRQHandler
                0x080040c0                ADC1_2_IRQHandler
                0x080040c0                SPI1_IRQHandler
                0x080040c0                TIM6_DAC_IRQHandler
                0x080040c0                TIM8_UP_IRQHandler
                0x080040c0                DMA2_Channel2_IRQHandler
                0x080040c0                DMA1_Channel4_IRQHandler
                0x080040c0                SAI2_IRQHandler
                0x080040c0                DFSDM1_FLT3_IRQHandler
                0x080040c0                USART3_IRQHandler
                0x080040c0                DMA1_Channel7_IRQHandler
                0x080040c0                CAN1_RX1_IRQHandler
                0x080040c0                LCD_IRQHandler
                0x080040c0                UART5_IRQHandler
                0x080040c0                ADC3_IRQHandler
                0x080040c0                TIM4_IRQHandler
                0x080040c0                DMA2_Channel1_IRQHandler
                0x080040c0                QUADSPI_IRQHandler
                0x080040c0                I2C1_EV_IRQHandler
                0x080040c0                DMA1_Channel6_IRQHandler
                0x080040c0                UART4_IRQHandler
                0x080040c0                TIM3_IRQHandler
                0x080040c0                RCC_IRQHandler
                0x080040c0                DMA1_Channel1_IRQHandler
                0x080040c0                Default_Handler
                0x080040c0                DMA2_Channel7_IRQHandler
                0x080040c0                EXTI15_10_IRQHandler
                0x080040c0                TIM7_IRQHandler
                0x080040c0                TIM5_IRQHandler
                0x080040c0                I2C3_EV_IRQHandler
                0x080040c0                RTC_WKUP_IRQHandler
                0x080040c0                PVD_PVM_IRQHandler
                0x080040c0                SPI2_IRQHandler
                0x080040c0                CAN1_TX_IRQHandler
                0x080040c0                DMA2_Channel5_IRQHandler
                0x080040c0                DMA1_Channel5_IRQHandler
                0x080040c0                EXTI4_IRQHandler
                0x080040c0                RNG_IRQHandler
                0x080040c0                TIM1_TRG_COM_TIM17_IRQHandler
                0x080040c0                DMA1_Channel3_IRQHandler
                0x080040c0                COMP_IRQHandler
                0x080040c0                WWDG_IRQHandler
                0x080040c0                LPUART1_IRQHandler
                0x080040c0                DMA2_Channel6_IRQHandler
                0x080040c0                TIM2_IRQHandler
                0x080040c0                EXTI1_IRQHandler
                0x080040c0                USART2_IRQHandler
                0x080040c0                DFSDM1_FLT0_IRQHandler
                0x080040c0                I2C2_ER_IRQHandler
                0x080040c0                DMA1_Channel2_IRQHandler
                0x080040c0                TIM8_BRK_IRQHandler
                0x080040c0                CAN1_SCE_IRQHandler
                0x080040c0                FLASH_IRQHandler
                0x080040c0                USART1_IRQHandler
                0x080040c0                SPI3_IRQHandler
                0x080040c0                I2C1_ER_IRQHandler
                0x080040c0                FMC_IRQHandler
                0x080040c0                SWPMI1_IRQHandler
                0x080040c0                LPTIM1_IRQHandler
                0x080040c0                SAI1_IRQHandler
                0x080040c0                DMA2_Channel3_IRQHandler
                0x080040c0                TIM1_BRK_TIM15_IRQHandler
 *fill*         0x080040c2        0x2 
 .text.HAL_InitTick
                0x080040c4       0x28 Drivers\STM32L4xx_HAL_Driver\Src\stm32l4xx_hal.o
                0x080040c4                HAL_InitTick
 .text.HAL_Init
                0x080040ec       0x16 Drivers\STM32L4xx_HAL_Driver\Src\stm32l4xx_hal.o
                0x080040ec                HAL_Init
 *fill*         0x08004102        0x2 
 .text.HAL_IncTick
                0x08004104       0x10 Drivers\STM32L4xx_HAL_Driver\Src\stm32l4xx_hal.o
                0x08004104                HAL_IncTick
 .text.HAL_GetTick
                0x08004114        0xc Drivers\STM32L4xx_HAL_Driver\Src\stm32l4xx_hal.o
                0x08004114                HAL_GetTick
 .text.HAL_Delay
                0x08004120       0x16 Drivers\STM32L4xx_HAL_Driver\Src\stm32l4xx_hal.o
                0x08004120                HAL_Delay
 *fill*         0x08004136        0x2 
 .text.HAL_SuspendTick
                0x08004138       0x10 Drivers\STM32L4xx_HAL_Driver\Src\stm32l4xx_hal.o
                0x08004138                HAL_SuspendTick
 .text.HAL_ResumeTick
                0x08004148       0x10 Drivers\STM32L4xx_HAL_Driver\Src\stm32l4xx_hal.o
                0x08004148                HAL_ResumeTick
 .text.HAL_NVIC_SetPriorityGrouping
                0x08004158       0x24 Drivers\STM32L4xx_HAL_Driver\Src\stm32l4xx_hal_cortex.o
                0x08004158                HAL_NVIC_SetPriorityGrouping
 .text.HAL_NVIC_SetPriority
                0x0800417c       0x68 Drivers\STM32L4xx_HAL_Driver\Src\stm32l4xx_hal_cortex.o
                0x0800417c                HAL_NVIC_SetPriority
 .text.HAL_NVIC_EnableIRQ
                0x080041e4       0x18 Drivers\STM32L4xx_HAL_Driver\Src\stm32l4xx_hal_cortex.o
                0x080041e4                HAL_NVIC_EnableIRQ
 .text.HAL_SYSTICK_Config
                0x080041fc       0x2c Drivers\STM32L4xx_HAL_Driver\Src\stm32l4xx_hal_cortex.o
                0x080041fc                HAL_SYSTICK_Config
 .text.HAL_SYSTICK_Callback
                0x08004228        0x2 Drivers\STM32L4xx_HAL_Driver\Src\stm32l4xx_hal_cortex.o
                0x08004228                HAL_SYSTICK_Callback
 .text.HAL_SYSTICK_IRQHandler
                0x0800422a        0x8 Drivers\STM32L4xx_HAL_Driver\Src\stm32l4xx_hal_cortex.o
                0x0800422a                HAL_SYSTICK_IRQHandler
 *fill*         0x08004232        0x2 
 .text.HAL_DMA_Init
                0x08004234       0xe0 Drivers\STM32L4xx_HAL_Driver\Src\stm32l4xx_hal_dma.o
                0x08004234                HAL_DMA_Init
 .text.HAL_DMA_DeInit
                0x08004314       0x90 Drivers\STM32L4xx_HAL_Driver\Src\stm32l4xx_hal_dma.o
                0x08004314                HAL_DMA_DeInit
 .text.HAL_DMA_Start_IT
                0x080043a4       0x7c Drivers\STM32L4xx_HAL_Driver\Src\stm32l4xx_hal_dma.o
                0x080043a4                HAL_DMA_Start_IT
 .text.HAL_DMA_Abort
                0x08004420       0x3c Drivers\STM32L4xx_HAL_Driver\Src\stm32l4xx_hal_dma.o
                0x08004420                HAL_DMA_Abort
 .text.HAL_DMA_IRQHandler
                0x0800445c       0x90 Drivers\STM32L4xx_HAL_Driver\Src\stm32l4xx_hal_dma.o
                0x0800445c                HAL_DMA_IRQHandler
 .text.HAL_GPIO_Init
                0x080044ec      0x1b8 Drivers\STM32L4xx_HAL_Driver\Src\stm32l4xx_hal_gpio.o
                0x080044ec                HAL_GPIO_Init
 .text.HAL_GPIO_ReadPin
                0x080046a4        0xc Drivers\STM32L4xx_HAL_Driver\Src\stm32l4xx_hal_gpio.o
                0x080046a4                HAL_GPIO_ReadPin
 .text.HAL_PCD_Init
                0x080046b0      0x10a Drivers\STM32L4xx_HAL_Driver\Src\stm32l4xx_hal_pcd.o
                0x080046b0                HAL_PCD_Init
 .text.HAL_PCD_Start
                0x080047ba       0x2a Drivers\STM32L4xx_HAL_Driver\Src\stm32l4xx_hal_pcd.o
                0x080047ba                HAL_PCD_Start
 .text.HAL_PCD_Stop
                0x080047e4       0x30 Drivers\STM32L4xx_HAL_Driver\Src\stm32l4xx_hal_pcd.o
                0x080047e4                HAL_PCD_Stop
 .text.HAL_PCD_DeInit
                0x08004814       0x22 Drivers\STM32L4xx_HAL_Driver\Src\stm32l4xx_hal_pcd.o
                0x08004814                HAL_PCD_DeInit
 *fill*         0x08004836        0x2 
 .text.HAL_PCD_IRQHandler
                0x08004838      0x620 Drivers\STM32L4xx_HAL_Driver\Src\stm32l4xx_hal_pcd.o
                0x08004838                HAL_PCD_IRQHandler
 .text.HAL_PCD_SetAddress
                0x08004e58       0x28 Drivers\STM32L4xx_HAL_Driver\Src\stm32l4xx_hal_pcd.o
                0x08004e58                HAL_PCD_SetAddress
 .text.HAL_PCD_EP_Open
                0x08004e80       0x4a Drivers\STM32L4xx_HAL_Driver\Src\stm32l4xx_hal_pcd.o
                0x08004e80                HAL_PCD_EP_Open
 .text.HAL_PCD_EP_Close
                0x08004eca       0x46 Drivers\STM32L4xx_HAL_Driver\Src\stm32l4xx_hal_pcd.o
                0x08004eca                HAL_PCD_EP_Close
 .text.HAL_PCD_EP_Receive
                0x08004f10       0x54 Drivers\STM32L4xx_HAL_Driver\Src\stm32l4xx_hal_pcd.o
                0x08004f10                HAL_PCD_EP_Receive
 .text.HAL_PCD_EP_GetRxCount
                0x08004f64       0x10 Drivers\STM32L4xx_HAL_Driver\Src\stm32l4xx_hal_pcd.o
                0x08004f64                HAL_PCD_EP_GetRxCount
 .text.HAL_PCD_EP_Transmit
                0x08004f74       0x4e Drivers\STM32L4xx_HAL_Driver\Src\stm32l4xx_hal_pcd.o
                0x08004f74                HAL_PCD_EP_Transmit
 .text.HAL_PCD_EP_SetStall
                0x08004fc2       0x58 Drivers\STM32L4xx_HAL_Driver\Src\stm32l4xx_hal_pcd.o
                0x08004fc2                HAL_PCD_EP_SetStall
 .text.HAL_PCD_EP_ClrStall
                0x0800501a       0x4a Drivers\STM32L4xx_HAL_Driver\Src\stm32l4xx_hal_pcd.o
                0x0800501a                HAL_PCD_EP_ClrStall
 .text.HAL_PCD_EP_Flush
                0x08005064       0x34 Drivers\STM32L4xx_HAL_Driver\Src\stm32l4xx_hal_pcd.o
                0x08005064                HAL_PCD_EP_Flush
 .text.HAL_PCDEx_SetTxFiFo
                0x08005098       0x42 Drivers\STM32L4xx_HAL_Driver\Src\stm32l4xx_hal_pcd_ex.o
                0x08005098                HAL_PCDEx_SetTxFiFo
 .text.HAL_PCDEx_SetRxFiFo
                0x080050da        0x8 Drivers\STM32L4xx_HAL_Driver\Src\stm32l4xx_hal_pcd_ex.o
                0x080050da                HAL_PCDEx_SetRxFiFo
 .text.HAL_PCDEx_ActivateLPM
                0x080050e2       0x26 Drivers\STM32L4xx_HAL_Driver\Src\stm32l4xx_hal_pcd_ex.o
                0x080050e2                HAL_PCDEx_ActivateLPM
 .text.HAL_PCDEx_ActivateBCD
                0x08005108       0x14 Drivers\STM32L4xx_HAL_Driver\Src\stm32l4xx_hal_pcd_ex.o
                0x08005108                HAL_PCDEx_ActivateBCD
 .text.HAL_PCDEx_LPM_Callback
                0x0800511c        0x2 Drivers\STM32L4xx_HAL_Driver\Src\stm32l4xx_hal_pcd_ex.o
                0x0800511c                HAL_PCDEx_LPM_Callback
 *fill*         0x0800511e        0x2 
 .text.HAL_PWREx_GetVoltageRange
                0x08005120       0x10 Drivers\STM32L4xx_HAL_Driver\Src\stm32l4xx_hal_pwr_ex.o
                0x08005120                HAL_PWREx_GetVoltageRange
 .text.RCC_SetFlashLatencyFromMSIRange
                0x08005130       0x84 Drivers\STM32L4xx_HAL_Driver\Src\stm32l4xx_hal_rcc.o
 .text.HAL_RCC_GetSysClockFreq
                0x080051b4      0x12c Drivers\STM32L4xx_HAL_Driver\Src\stm32l4xx_hal_rcc.o
                0x080051b4                HAL_RCC_GetSysClockFreq
 .text.HAL_RCC_OscConfig
                0x080052e0      0x47c Drivers\STM32L4xx_HAL_Driver\Src\stm32l4xx_hal_rcc.o
                0x080052e0                HAL_RCC_OscConfig
 .text.HAL_RCC_GetHCLKFreq
                0x0800575c        0xc Drivers\STM32L4xx_HAL_Driver\Src\stm32l4xx_hal_rcc.o
                0x0800575c                HAL_RCC_GetHCLKFreq
 .text.HAL_RCC_GetPCLK1Freq
                0x08005768       0x30 Drivers\STM32L4xx_HAL_Driver\Src\stm32l4xx_hal_rcc.o
                0x08005768                HAL_RCC_GetPCLK1Freq
 .text.HAL_RCC_GetPCLK2Freq
                0x08005798       0x30 Drivers\STM32L4xx_HAL_Driver\Src\stm32l4xx_hal_rcc.o
                0x08005798                HAL_RCC_GetPCLK2Freq
 .text.HAL_RCCEx_EnableMSIPLLMode
                0x080057c8       0x10 Drivers\STM32L4xx_HAL_Driver\Src\stm32l4xx_hal_rcc_ex.o
                0x080057c8                HAL_RCCEx_EnableMSIPLLMode
 .text.SD_CmdResp2Error
                0x080057d8       0x2c Drivers\STM32L4xx_HAL_Driver\Src\stm32l4xx_hal_sd.o
 .text.SD_CmdResp1Error
                0x08005804       0xec Drivers\STM32L4xx_HAL_Driver\Src\stm32l4xx_hal_sd.o
 .text.SD_FindSCR
                0x080058f0       0xf0 Drivers\STM32L4xx_HAL_Driver\Src\stm32l4xx_hal_sd.o
 .text.HAL_SD_ReadBlocks_DMA
                0x080059e0       0xf4 Drivers\STM32L4xx_HAL_Driver\Src\stm32l4xx_hal_sd.o
                0x080059e0                HAL_SD_ReadBlocks_DMA
 .text.HAL_SD_WriteBlocks_DMA
                0x08005ad4       0xfc Drivers\STM32L4xx_HAL_Driver\Src\stm32l4xx_hal_sd.o
                0x08005ad4                HAL_SD_WriteBlocks_DMA
 .text.HAL_SD_XferCpltCallback
                0x08005bd0        0x2 Drivers\STM32L4xx_HAL_Driver\Src\stm32l4xx_hal_sd.o
                0x08005bd0                HAL_SD_XferCpltCallback
 .text.HAL_SD_XferErrorCallback
                0x08005bd2        0x2 Drivers\STM32L4xx_HAL_Driver\Src\stm32l4xx_hal_sd.o
                0x08005bd2                HAL_SD_XferErrorCallback
 .text.HAL_SD_IRQHandler
                0x08005bd4       0x6c Drivers\STM32L4xx_HAL_Driver\Src\stm32l4xx_hal_sd.o
                0x08005bd4                HAL_SD_IRQHandler
 .text.HAL_SD_DMA_RxCpltCallback
                0x08005c40        0x2 Drivers\STM32L4xx_HAL_Driver\Src\stm32l4xx_hal_sd.o
                0x08005c40                HAL_SD_DMA_RxCpltCallback
 .text.SD_DMA_RxCplt
                0x08005c42       0x1a Drivers\STM32L4xx_HAL_Driver\Src\stm32l4xx_hal_sd.o
 .text.HAL_SD_DMA_RxErrorCallback
                0x08005c5c        0x2 Drivers\STM32L4xx_HAL_Driver\Src\stm32l4xx_hal_sd.o
                0x08005c5c                HAL_SD_DMA_RxErrorCallback
 .text.SD_DMA_RxError
                0x08005c5e        0xc Drivers\STM32L4xx_HAL_Driver\Src\stm32l4xx_hal_sd.o
 .text.HAL_SD_DMA_TxCpltCallback
                0x08005c6a        0x2 Drivers\STM32L4xx_HAL_Driver\Src\stm32l4xx_hal_sd.o
                0x08005c6a                HAL_SD_DMA_TxCpltCallback
 .text.SD_DMA_TxCplt
                0x08005c6c       0x1a Drivers\STM32L4xx_HAL_Driver\Src\stm32l4xx_hal_sd.o
 .text.HAL_SD_DMA_TxErrorCallback
                0x08005c86        0x2 Drivers\STM32L4xx_HAL_Driver\Src\stm32l4xx_hal_sd.o
                0x08005c86                HAL_SD_DMA_TxErrorCallback
 .text.SD_DMA_TxError
                0x08005c88        0xc Drivers\STM32L4xx_HAL_Driver\Src\stm32l4xx_hal_sd.o
 .text.HAL_SD_Get_CardInfo
                0x08005c94      0x274 Drivers\STM32L4xx_HAL_Driver\Src\stm32l4xx_hal_sd.o
                0x08005c94                HAL_SD_Get_CardInfo
 .text.HAL_SD_Init
                0x08005f08      0x3b0 Drivers\STM32L4xx_HAL_Driver\Src\stm32l4xx_hal_sd.o
                0x08005f08                HAL_SD_Init
 .text.HAL_SD_WideBusOperation_Config
                0x080062b8      0x128 Drivers\STM32L4xx_HAL_Driver\Src\stm32l4xx_hal_sd.o
                0x080062b8                HAL_SD_WideBusOperation_Config
 .text.HAL_SD_StopTransfer
                0x080063e0       0x2e Drivers\STM32L4xx_HAL_Driver\Src\stm32l4xx_hal_sd.o
                0x080063e0                HAL_SD_StopTransfer
 .text.HAL_SD_CheckReadOperation
                0x0800640e       0x62 Drivers\STM32L4xx_HAL_Driver\Src\stm32l4xx_hal_sd.o
                0x0800640e                HAL_SD_CheckReadOperation
 .text.HAL_SD_GetStatus
                0x08006470       0x4a Drivers\STM32L4xx_HAL_Driver\Src\stm32l4xx_hal_sd.o
                0x08006470                HAL_SD_GetStatus
 .text.HAL_SD_CheckWriteOperation
                0x080064ba       0x70 Drivers\STM32L4xx_HAL_Driver\Src\stm32l4xx_hal_sd.o
                0x080064ba                HAL_SD_CheckWriteOperation
 .text.HAL_TIM_Base_MspInit
                0x0800652a        0x2 Drivers\STM32L4xx_HAL_Driver\Src\stm32l4xx_hal_tim.o
                0x0800652a                HAL_TIM_Base_MspInit
 .text.HAL_TIM_Base_Start_IT
                0x0800652c       0x16 Drivers\STM32L4xx_HAL_Driver\Src\stm32l4xx_hal_tim.o
                0x0800652c                HAL_TIM_Base_Start_IT
 *fill*         0x08006542        0x2 
 .text.TIM_Base_SetConfig
                0x08006544       0xc4 Drivers\STM32L4xx_HAL_Driver\Src\stm32l4xx_hal_tim.o
                0x08006544                TIM_Base_SetConfig
 .text.HAL_TIM_Base_Init
                0x08006608       0x34 Drivers\STM32L4xx_HAL_Driver\Src\stm32l4xx_hal_tim.o
                0x08006608                HAL_TIM_Base_Init
 .text.HAL_UART_MspInit
                0x0800663c        0x2 Drivers\STM32L4xx_HAL_Driver\Src\stm32l4xx_hal_uart.o
                0x0800663c                HAL_UART_MspInit
 .text.HAL_UART_MspDeInit
                0x0800663e        0x2 Drivers\STM32L4xx_HAL_Driver\Src\stm32l4xx_hal_uart.o
                0x0800663e                HAL_UART_MspDeInit
 .text.HAL_UART_DeInit
                0x08006640       0x34 Drivers\STM32L4xx_HAL_Driver\Src\stm32l4xx_hal_uart.o
                0x08006640                HAL_UART_DeInit
 .text.HAL_UART_Receive_IT
                0x08006674       0xa4 Drivers\STM32L4xx_HAL_Driver\Src\stm32l4xx_hal_uart.o
                0x08006674                HAL_UART_Receive_IT
 .text.UART_SetConfig
                0x08006718      0x308 Drivers\STM32L4xx_HAL_Driver\Src\stm32l4xx_hal_uart.o
                0x08006718                UART_SetConfig
 .text.UART_AdvFeatureConfig
                0x08006a20       0xa8 Drivers\STM32L4xx_HAL_Driver\Src\stm32l4xx_hal_uart.o
                0x08006a20                UART_AdvFeatureConfig
 .text.UART_WaitOnFlagUntilTimeout
                0x08006ac8       0x88 Drivers\STM32L4xx_HAL_Driver\Src\stm32l4xx_hal_uart.o
                0x08006ac8                UART_WaitOnFlagUntilTimeout
 .text.UART_CheckIdleState
                0x08006b50       0x4c Drivers\STM32L4xx_HAL_Driver\Src\stm32l4xx_hal_uart.o
                0x08006b50                UART_CheckIdleState
 .text.HAL_UART_Init
                0x08006b9c       0x64 Drivers\STM32L4xx_HAL_Driver\Src\stm32l4xx_hal_uart.o
                0x08006b9c                HAL_UART_Init
 .text.LL_GPIO_Init
                0x08006c00      0x144 Drivers\STM32L4xx_HAL_Driver\Src\stm32l4xx_ll_gpio.o
                0x08006c00                LL_GPIO_Init
 .text.LL_RTC_TIME_Config
                0x08006d44       0xa6 Drivers\STM32L4xx_HAL_Driver\Src\stm32l4xx_ll_rtc.o
 *fill*         0x08006dea        0x2 
 .text.LL_RTC_DATE_Config
                0x08006dec       0xb8 Drivers\STM32L4xx_HAL_Driver\Src\stm32l4xx_ll_rtc.o
 .text.LL_RTC_EnterInitMode
                0x08006ea4       0x50 Drivers\STM32L4xx_HAL_Driver\Src\stm32l4xx_ll_rtc.o
                0x08006ea4                LL_RTC_EnterInitMode
 .text.LL_RTC_Init
                0x08006ef4       0x58 Drivers\STM32L4xx_HAL_Driver\Src\stm32l4xx_ll_rtc.o
                0x08006ef4                LL_RTC_Init
 .text.LL_RTC_WaitForSynchro
                0x08006f4c       0x88 Drivers\STM32L4xx_HAL_Driver\Src\stm32l4xx_ll_rtc.o
                0x08006f4c                LL_RTC_WaitForSynchro
 .text.LL_RTC_TIME_Init
                0x08006fd4       0x88 Drivers\STM32L4xx_HAL_Driver\Src\stm32l4xx_ll_rtc.o
                0x08006fd4                LL_RTC_TIME_Init
 .text.LL_RTC_DATE_Init
                0x0800705c       0x90 Drivers\STM32L4xx_HAL_Driver\Src\stm32l4xx_ll_rtc.o
                0x0800705c                LL_RTC_DATE_Init
 .text.SDMMC_Init
                0x080070ec       0x38 Drivers\STM32L4xx_HAL_Driver\Src\stm32l4xx_ll_sdmmc.o
                0x080070ec                SDMMC_Init
 .text.SDMMC_ReadFIFO
                0x08007124        0x6 Drivers\STM32L4xx_HAL_Driver\Src\stm32l4xx_ll_sdmmc.o
                0x08007124                SDMMC_ReadFIFO
 .text.SDMMC_PowerState_ON
                0x0800712a        0x8 Drivers\STM32L4xx_HAL_Driver\Src\stm32l4xx_ll_sdmmc.o
                0x0800712a                SDMMC_PowerState_ON
 .text.SDMMC_GetPowerState
                0x08007132        0x8 Drivers\STM32L4xx_HAL_Driver\Src\stm32l4xx_ll_sdmmc.o
                0x08007132                SDMMC_GetPowerState
 .text.SDMMC_SendCommand
                0x0800713a       0x24 Drivers\STM32L4xx_HAL_Driver\Src\stm32l4xx_ll_sdmmc.o
                0x0800713a                SDMMC_SendCommand
 .text.SDMMC_GetCommandResponse
                0x0800715e        0x6 Drivers\STM32L4xx_HAL_Driver\Src\stm32l4xx_ll_sdmmc.o
                0x0800715e                SDMMC_GetCommandResponse
 .text.SDMMC_GetResponse
                0x08007164       0x14 Drivers\STM32L4xx_HAL_Driver\Src\stm32l4xx_ll_sdmmc.o
                0x08007164                SDMMC_GetResponse
 .text.SDMMC_DataConfig
                0x08007178       0x24 Drivers\STM32L4xx_HAL_Driver\Src\stm32l4xx_ll_sdmmc.o
                0x08007178                SDMMC_DataConfig
 .text.LL_SPI_Init
                0x0800719c       0x5a Drivers\STM32L4xx_HAL_Driver\Src\stm32l4xx_ll_spi.o
                0x0800719c                LL_SPI_Init
 .text.USB_CoreInit
                0x080071f6       0x28 Drivers\STM32L4xx_HAL_Driver\Src\stm32l4xx_ll_usb.o
                0x080071f6                USB_CoreInit
 .text.USB_EnableGlobalInt
                0x0800721e        0xc Drivers\STM32L4xx_HAL_Driver\Src\stm32l4xx_ll_usb.o
                0x0800721e                USB_EnableGlobalInt
 .text.USB_DisableGlobalInt
                0x0800722a        0xc Drivers\STM32L4xx_HAL_Driver\Src\stm32l4xx_ll_usb.o
                0x0800722a                USB_DisableGlobalInt
 .text.USB_SetCurrentMode
                0x08007236       0x2e Drivers\STM32L4xx_HAL_Driver\Src\stm32l4xx_ll_usb.o
                0x08007236                USB_SetCurrentMode
 .text.USB_DevInit
                0x08007264      0x130 Drivers\STM32L4xx_HAL_Driver\Src\stm32l4xx_ll_usb.o
                0x08007264                USB_DevInit
 .text.USB_FlushTxFifo
                0x08007394       0x24 Drivers\STM32L4xx_HAL_Driver\Src\stm32l4xx_ll_usb.o
                0x08007394                USB_FlushTxFifo
 .text.USB_FlushRxFifo
                0x080073b8       0x20 Drivers\STM32L4xx_HAL_Driver\Src\stm32l4xx_ll_usb.o
                0x080073b8                USB_FlushRxFifo
 .text.USB_SetDevSpeed
                0x080073d8        0xe Drivers\STM32L4xx_HAL_Driver\Src\stm32l4xx_ll_usb.o
                0x080073d8                USB_SetDevSpeed
 .text.USB_ActivateEndpoint
                0x080073e6       0x7e Drivers\STM32L4xx_HAL_Driver\Src\stm32l4xx_ll_usb.o
                0x080073e6                USB_ActivateEndpoint
 .text.USB_DeactivateEndpoint
                0x08007464       0x5a Drivers\STM32L4xx_HAL_Driver\Src\stm32l4xx_ll_usb.o
                0x08007464                USB_DeactivateEndpoint
 *fill*         0x080074be        0x2 
 .text.USB_EPStartXfer
                0x080074c0      0x170 Drivers\STM32L4xx_HAL_Driver\Src\stm32l4xx_ll_usb.o
                0x080074c0                USB_EPStartXfer
 .text.USB_EP0StartXfer
                0x08007630       0xc8 Drivers\STM32L4xx_HAL_Driver\Src\stm32l4xx_ll_usb.o
                0x08007630                USB_EP0StartXfer
 .text.USB_WritePacket
                0x080076f8       0x22 Drivers\STM32L4xx_HAL_Driver\Src\stm32l4xx_ll_usb.o
                0x080076f8                USB_WritePacket
 .text.USB_ReadPacket
                0x0800771a       0x20 Drivers\STM32L4xx_HAL_Driver\Src\stm32l4xx_ll_usb.o
                0x0800771a                USB_ReadPacket
 .text.USB_EPSetStall
                0x0800773a       0x3e Drivers\STM32L4xx_HAL_Driver\Src\stm32l4xx_ll_usb.o
                0x0800773a                USB_EPSetStall
 .text.USB_EPClearStall
                0x08007778       0x32 Drivers\STM32L4xx_HAL_Driver\Src\stm32l4xx_ll_usb.o
                0x08007778                USB_EPClearStall
 .text.USB_StopDevice
                0x080077aa       0x42 Drivers\STM32L4xx_HAL_Driver\Src\stm32l4xx_ll_usb.o
                0x080077aa                USB_StopDevice
 .text.USB_SetDevAddress
                0x080077ec       0x20 Drivers\STM32L4xx_HAL_Driver\Src\stm32l4xx_ll_usb.o
                0x080077ec                USB_SetDevAddress
 .text.USB_DevConnect
                0x0800780c       0x18 Drivers\STM32L4xx_HAL_Driver\Src\stm32l4xx_ll_usb.o
                0x0800780c                USB_DevConnect
 .text.USB_DevDisconnect
                0x08007824       0x18 Drivers\STM32L4xx_HAL_Driver\Src\stm32l4xx_ll_usb.o
                0x08007824                USB_DevDisconnect
 .text.USB_ReadInterrupts
                0x0800783c        0x8 Drivers\STM32L4xx_HAL_Driver\Src\stm32l4xx_ll_usb.o
                0x0800783c                USB_ReadInterrupts
 .text.USB_ReadDevAllOutEpInterrupt
                0x08007844       0x10 Drivers\STM32L4xx_HAL_Driver\Src\stm32l4xx_ll_usb.o
                0x08007844                USB_ReadDevAllOutEpInterrupt
 .text.USB_ReadDevAllInEpInterrupt
                0x08007854       0x10 Drivers\STM32L4xx_HAL_Driver\Src\stm32l4xx_ll_usb.o
                0x08007854                USB_ReadDevAllInEpInterrupt
 .text.USB_ReadDevOutEPInterrupt
                0x08007864       0x14 Drivers\STM32L4xx_HAL_Driver\Src\stm32l4xx_ll_usb.o
                0x08007864                USB_ReadDevOutEPInterrupt
 .text.USB_ReadDevInEPInterrupt
                0x08007878       0x20 Drivers\STM32L4xx_HAL_Driver\Src\stm32l4xx_ll_usb.o
                0x08007878                USB_ReadDevInEPInterrupt
 .text.USB_GetMode
                0x08007898        0x8 Drivers\STM32L4xx_HAL_Driver\Src\stm32l4xx_ll_usb.o
                0x08007898                USB_GetMode
 .text.USB_ActivateSetup
                0x080078a0       0x36 Drivers\STM32L4xx_HAL_Driver\Src\stm32l4xx_ll_usb.o
                0x080078a0                USB_ActivateSetup
 .text.USB_EP0_OutStart
                0x080078d6       0x22 Drivers\STM32L4xx_HAL_Driver\Src\stm32l4xx_ll_usb.o
                0x080078d6                USB_EP0_OutStart
 .text.USB_CoreReset
                0x080078f8       0x68 Drivers\STM32L4xx_HAL_Driver\Src\stm32l4xx_ll_usb.o
 .text.LL_mDelay
                0x08007960       0x28 Drivers\STM32L4xx_HAL_Driver\Src\stm32l4xx_ll_utils.o
                0x08007960                LL_mDelay
 .text.USBD_MSC_GetHSCfgDesc
                0x08007988        0xc Middlewares\ST\STM32_USB_Device_Library\Class\MSC\Src\usbd_msc.o
                0x08007988                USBD_MSC_GetHSCfgDesc
 .text.USBD_MSC_GetFSCfgDesc
                0x08007994        0xc Middlewares\ST\STM32_USB_Device_Library\Class\MSC\Src\usbd_msc.o
                0x08007994                USBD_MSC_GetFSCfgDesc
 .text.USBD_MSC_GetOtherSpeedCfgDesc
                0x080079a0        0xc Middlewares\ST\STM32_USB_Device_Library\Class\MSC\Src\usbd_msc.o
                0x080079a0                USBD_MSC_GetOtherSpeedCfgDesc
 .text.USBD_MSC_GetDeviceQualifierDescriptor
                0x080079ac        0xc Middlewares\ST\STM32_USB_Device_Library\Class\MSC\Src\usbd_msc.o
                0x080079ac                USBD_MSC_GetDeviceQualifierDescriptor
 .text.USBD_MSC_Init
                0x080079b8       0x4c Middlewares\ST\STM32_USB_Device_Library\Class\MSC\Src\usbd_msc.o
                0x080079b8                USBD_MSC_Init
 .text.USBD_MSC_DeInit
                0x08007a04       0x2c Middlewares\ST\STM32_USB_Device_Library\Class\MSC\Src\usbd_msc.o
                0x08007a04                USBD_MSC_DeInit
 .text.USBD_MSC_Setup
                0x08007a30       0xd6 Middlewares\ST\STM32_USB_Device_Library\Class\MSC\Src\usbd_msc.o
                0x08007a30                USBD_MSC_Setup
 .text.USBD_MSC_DataIn
                0x08007b06        0xa Middlewares\ST\STM32_USB_Device_Library\Class\MSC\Src\usbd_msc.o
                0x08007b06                USBD_MSC_DataIn
 .text.USBD_MSC_DataOut
                0x08007b10        0xa Middlewares\ST\STM32_USB_Device_Library\Class\MSC\Src\usbd_msc.o
                0x08007b10                USBD_MSC_DataOut
 .text.USBD_MSC_RegisterStorage
                0x08007b1a        0xa Middlewares\ST\STM32_USB_Device_Library\Class\MSC\Src\usbd_msc.o
                0x08007b1a                USBD_MSC_RegisterStorage
 .text.MSC_BOT_Abort
                0x08007b24       0x46 Middlewares\ST\STM32_USB_Device_Library\Class\MSC\Src\usbd_msc_bot.o
 .text.MSC_BOT_Init
                0x08007b6a       0x46 Middlewares\ST\STM32_USB_Device_Library\Class\MSC\Src\usbd_msc_bot.o
                0x08007b6a                MSC_BOT_Init
 .text.MSC_BOT_Reset
                0x08007bb0       0x18 Middlewares\ST\STM32_USB_Device_Library\Class\MSC\Src\usbd_msc_bot.o
                0x08007bb0                MSC_BOT_Reset
 .text.MSC_BOT_DeInit
                0x08007bc8        0xa Middlewares\ST\STM32_USB_Device_Library\Class\MSC\Src\usbd_msc_bot.o
                0x08007bc8                MSC_BOT_DeInit
 *fill*         0x08007bd2        0x2 
 .text.MSC_BOT_SendCSW
                0x08007bd4       0x3c Middlewares\ST\STM32_USB_Device_Library\Class\MSC\Src\usbd_msc_bot.o
                0x08007bd4                MSC_BOT_SendCSW
 .text.MSC_BOT_DataIn
                0x08007c10       0x3c Middlewares\ST\STM32_USB_Device_Library\Class\MSC\Src\usbd_msc_bot.o
                0x08007c10                MSC_BOT_DataIn
 .text.MSC_BOT_DataOut
                0x08007c4c       0xf4 Middlewares\ST\STM32_USB_Device_Library\Class\MSC\Src\usbd_msc_bot.o
                0x08007c4c                MSC_BOT_DataOut
 .text.MSC_BOT_CplClrFeature
                0x08007d40       0x2c Middlewares\ST\STM32_USB_Device_Library\Class\MSC\Src\usbd_msc_bot.o
                0x08007d40                MSC_BOT_CplClrFeature
 .text.SCSI_SenseCode.constprop.8
                0x08007d6c       0x2e Middlewares\ST\STM32_USB_Device_Library\Class\MSC\Src\usbd_msc_scsi.o
 *fill*         0x08007d9a        0x2 
 .text.SCSI_ProcessCmd
                0x08007d9c      0x4a0 Middlewares\ST\STM32_USB_Device_Library\Class\MSC\Src\usbd_msc_scsi.o
                0x08007d9c                SCSI_ProcessCmd
 .text.SCSI_SenseCode
                0x0800823c       0x2e Middlewares\ST\STM32_USB_Device_Library\Class\MSC\Src\usbd_msc_scsi.o
                0x0800823c                SCSI_SenseCode
 .text.USBD_Init
                0x0800826a       0x2a Middlewares\ST\STM32_USB_Device_Library\Core\Src\usbd_core.o
                0x0800826a                USBD_Init
 .text.Battey_Charge_Mode
                0x08008294        0xe Middlewares\ST\STM32_USB_Device_Library\Core\Src\usbd_core.o
                0x08008294                Battey_Charge_Mode
 .text.USBD_DeInit
                0x080082a2       0x24 Middlewares\ST\STM32_USB_Device_Library\Core\Src\usbd_core.o
                0x080082a2                USBD_DeInit
 .text.USBD_RegisterClass
                0x080082c6        0xe Middlewares\ST\STM32_USB_Device_Library\Core\Src\usbd_core.o
                0x080082c6                USBD_RegisterClass
 .text.USBD_Start
                0x080082d4        0xa Middlewares\ST\STM32_USB_Device_Library\Core\Src\usbd_core.o
                0x080082d4                USBD_Start
 .text.USBD_Stop
                0x080082de       0x18 Middlewares\ST\STM32_USB_Device_Library\Core\Src\usbd_core.o
                0x080082de                USBD_Stop
 .text.USBD_SetClassConfig
                0x080082f6       0x16 Middlewares\ST\STM32_USB_Device_Library\Core\Src\usbd_core.o
                0x080082f6                USBD_SetClassConfig
 .text.USBD_ClrClassConfig
                0x0800830c        0xe Middlewares\ST\STM32_USB_Device_Library\Core\Src\usbd_core.o
                0x0800830c                USBD_ClrClassConfig
 .text.USBD_LL_SetupStage
                0x0800831a       0x5a Middlewares\ST\STM32_USB_Device_Library\Core\Src\usbd_core.o
                0x0800831a                USBD_LL_SetupStage
 .text.USBD_LL_DataOutStage
                0x08008374       0x64 Middlewares\ST\STM32_USB_Device_Library\Core\Src\usbd_core.o
                0x08008374                USBD_LL_DataOutStage
 .text.USBD_LL_DataInStage
                0x080083d8       0x9e Middlewares\ST\STM32_USB_Device_Library\Core\Src\usbd_core.o
                0x080083d8                USBD_LL_DataInStage
 .text.USBD_LL_Reset
                0x08008476       0x3e Middlewares\ST\STM32_USB_Device_Library\Core\Src\usbd_core.o
                0x08008476                USBD_LL_Reset
 .text.USBD_LL_SetSpeed
                0x080084b4        0x6 Middlewares\ST\STM32_USB_Device_Library\Core\Src\usbd_core.o
                0x080084b4                USBD_LL_SetSpeed
 .text.USBD_LL_Suspend
                0x080084ba       0x12 Middlewares\ST\STM32_USB_Device_Library\Core\Src\usbd_core.o
                0x080084ba                USBD_LL_Suspend
 .text.USBD_LL_Resume
                0x080084cc        0xc Middlewares\ST\STM32_USB_Device_Library\Core\Src\usbd_core.o
                0x080084cc                USBD_LL_Resume
 .text.USBD_LL_SOF
                0x080084d8       0x18 Middlewares\ST\STM32_USB_Device_Library\Core\Src\usbd_core.o
                0x080084d8                USBD_LL_SOF
 .text.USBD_LL_IsoINIncomplete
                0x080084f0        0x4 Middlewares\ST\STM32_USB_Device_Library\Core\Src\usbd_core.o
                0x080084f0                USBD_LL_IsoINIncomplete
 .text.USBD_LL_IsoOUTIncomplete
                0x080084f4        0x4 Middlewares\ST\STM32_USB_Device_Library\Core\Src\usbd_core.o
                0x080084f4                USBD_LL_IsoOUTIncomplete
 .text.USBD_LL_DevConnected
                0x080084f8        0x4 Middlewares\ST\STM32_USB_Device_Library\Core\Src\usbd_core.o
                0x080084f8                USBD_LL_DevConnected
 .text.USBD_LL_DevDisconnected
                0x080084fc       0x16 Middlewares\ST\STM32_USB_Device_Library\Core\Src\usbd_core.o
                0x080084fc                USBD_LL_DevDisconnected
 .text.USBD_CtlError.constprop.0
                0x08008512       0x16 Middlewares\ST\STM32_USB_Device_Library\Core\Src\usbd_ctlreq.o
 .text.USBD_StdDevReq
                0x08008528      0x1f4 Middlewares\ST\STM32_USB_Device_Library\Core\Src\usbd_ctlreq.o
                0x08008528                USBD_StdDevReq
 .text.USBD_StdItfReq
                0x0800871c       0x30 Middlewares\ST\STM32_USB_Device_Library\Core\Src\usbd_ctlreq.o
                0x0800871c                USBD_StdItfReq
 .text.USBD_StdEPReq
                0x0800874c       0xc6 Middlewares\ST\STM32_USB_Device_Library\Core\Src\usbd_ctlreq.o
                0x0800874c                USBD_StdEPReq
 .text.USBD_ParseSetupRequest
                0x08008812       0x28 Middlewares\ST\STM32_USB_Device_Library\Core\Src\usbd_ctlreq.o
                0x08008812                USBD_ParseSetupRequest
 .text.USBD_CtlError
                0x0800883a       0x16 Middlewares\ST\STM32_USB_Device_Library\Core\Src\usbd_ctlreq.o
                0x0800883a                USBD_CtlError
 .text.USBD_GetString
                0x08008850       0x38 Middlewares\ST\STM32_USB_Device_Library\Core\Src\usbd_ctlreq.o
                0x08008850                USBD_GetString
 .text.USBD_CtlSendData
                0x08008888       0x1a Middlewares\ST\STM32_USB_Device_Library\Core\Src\usbd_ioreq.o
                0x08008888                USBD_CtlSendData
 .text.USBD_CtlContinueSendData
                0x080088a2       0x10 Middlewares\ST\STM32_USB_Device_Library\Core\Src\usbd_ioreq.o
                0x080088a2                USBD_CtlContinueSendData
 .text.USBD_CtlPrepareRx
                0x080088b2       0x1e Middlewares\ST\STM32_USB_Device_Library\Core\Src\usbd_ioreq.o
                0x080088b2                USBD_CtlPrepareRx
 .text.USBD_CtlContinueRx
                0x080088d0       0x10 Middlewares\ST\STM32_USB_Device_Library\Core\Src\usbd_ioreq.o
                0x080088d0                USBD_CtlContinueRx
 .text.USBD_CtlSendStatus
                0x080088e0       0x16 Middlewares\ST\STM32_USB_Device_Library\Core\Src\usbd_ioreq.o
                0x080088e0                USBD_CtlSendStatus
 .text.USBD_CtlReceiveStatus
                0x080088f6       0x16 Middlewares\ST\STM32_USB_Device_Library\Core\Src\usbd_ioreq.o
                0x080088f6                USBD_CtlReceiveStatus
 .text.disk_status
                0x0800890c       0x14 Middlewares\Third_Party\FatFs\src\diskio.o
                0x0800890c                disk_status
 .text.disk_initialize
                0x08008920       0x20 Middlewares\Third_Party\FatFs\src\diskio.o
                0x08008920                disk_initialize
 .text.disk_read
                0x08008940       0x1c Middlewares\Third_Party\FatFs\src\diskio.o
                0x08008940                disk_read
 .text.disk_write
                0x0800895c       0x1c Middlewares\Third_Party\FatFs\src\diskio.o
                0x0800895c                disk_write
 .text.disk_ioctl
                0x08008978       0x1c Middlewares\Third_Party\FatFs\src\diskio.o
                0x08008978                disk_ioctl
 .text.SD_initialize
                0x08008994       0x20 Middlewares\Third_Party\FatFs\src\drivers\sd_diskio.o
                0x08008994                SD_initialize
 .text.SD_status
                0x080089b4       0x20 Middlewares\Third_Party\FatFs\src\drivers\sd_diskio.o
                0x080089b4                SD_status
 .text.SD_read  0x080089d4       0x20 Middlewares\Third_Party\FatFs\src\drivers\sd_diskio.o
                0x080089d4                SD_read
 .text.SD_write
                0x080089f4       0x20 Middlewares\Third_Party\FatFs\src\drivers\sd_diskio.o
                0x080089f4                SD_write
 .text.SD_ioctl
                0x08008a14       0x50 Middlewares\Third_Party\FatFs\src\drivers\sd_diskio.o
                0x08008a14                SD_ioctl
 .text.mem_cpy  0x08008a64       0x14 Middlewares\Third_Party\FatFs\src\ff.o
 .text.mem_set  0x08008a78        0xe Middlewares\Third_Party\FatFs\src\ff.o
 *fill*         0x08008a86        0x2 
 .text.chk_lock
                0x08008a88       0x64 Middlewares\Third_Party\FatFs\src\ff.o
 .text.inc_lock
                0x08008aec       0x88 Middlewares\Third_Party\FatFs\src\ff.o
 .text.dec_lock
                0x08008b74       0x38 Middlewares\Third_Party\FatFs\src\ff.o
 .text.clmt_clust
                0x08008bac       0x28 Middlewares\Third_Party\FatFs\src\ff.o
 .text.get_fileinfo
                0x08008bd4       0x5c Middlewares\Third_Party\FatFs\src\ff.o
 .text.get_ldnumber
                0x08008c30       0x30 Middlewares\Third_Party\FatFs\src\ff.o
 .text.validate
                0x08008c60       0x2e Middlewares\Third_Party\FatFs\src\ff.o
 .text.ld_clust.isra.0
                0x08008c8e       0x1c Middlewares\Third_Party\FatFs\src\ff.o
 .text.sync_window.part.2
                0x08008caa       0x52 Middlewares\Third_Party\FatFs\src\ff.o
 .text.sync_window
                0x08008cfc        0xe Middlewares\Third_Party\FatFs\src\ff.o
 .text.sync_fs  0x08008d0a       0xba Middlewares\Third_Party\FatFs\src\ff.o
 .text.move_window
                0x08008dc4       0x3a Middlewares\Third_Party\FatFs\src\ff.o
 *fill*         0x08008dfe        0x2 
 .text.check_fs
                0x08008e00       0x58 Middlewares\Third_Party\FatFs\src\ff.o
 .text.find_volume
                0x08008e58      0x280 Middlewares\Third_Party\FatFs\src\ff.o
 .text.clust2sect
                0x080090d8       0x1c Middlewares\Third_Party\FatFs\src\ff.o
                0x080090d8                clust2sect
 .text.get_fat  0x080090f4       0xc2 Middlewares\Third_Party\FatFs\src\ff.o
                0x080090f4                get_fat
 .text.dir_sdi  0x080091b6       0x9e Middlewares\Third_Party\FatFs\src\ff.o
 .text.dir_remove
                0x08009254       0x42 Middlewares\Third_Party\FatFs\src\ff.o
 .text.put_fat  0x08009296       0xf4 Middlewares\Third_Party\FatFs\src\ff.o
                0x08009296                put_fat
 .text.create_chain
                0x0800938a       0xb2 Middlewares\Third_Party\FatFs\src\ff.o
 .text.dir_next
                0x0800943c      0x11e Middlewares\Third_Party\FatFs\src\ff.o
 *fill*         0x0800955a        0x2 
 .text.follow_path
                0x0800955c      0x1a8 Middlewares\Third_Party\FatFs\src\ff.o
 .text.dir_read.constprop.13
                0x08009704       0x58 Middlewares\Third_Party\FatFs\src\ff.o
 .text.dir_register
                0x0800975c       0x76 Middlewares\Third_Party\FatFs\src\ff.o
 .text.remove_chain
                0x080097d2       0x64 Middlewares\Third_Party\FatFs\src\ff.o
 *fill*         0x08009836        0x2 
 .text.f_mount  0x08009838       0x6c Middlewares\Third_Party\FatFs\src\ff.o
                0x08009838                f_mount
 .text.f_open   0x080098a4      0x1b0 Middlewares\Third_Party\FatFs\src\ff.o
                0x080098a4                f_open
 .text.f_write  0x08009a54      0x1de Middlewares\Third_Party\FatFs\src\ff.o
                0x08009a54                f_write
 .text.f_sync   0x08009c32       0xc0 Middlewares\Third_Party\FatFs\src\ff.o
                0x08009c32                f_sync
 .text.f_close  0x08009cf2       0x22 Middlewares\Third_Party\FatFs\src\ff.o
                0x08009cf2                f_close
 .text.f_lseek  0x08009d14      0x29e Middlewares\Third_Party\FatFs\src\ff.o
                0x08009d14                f_lseek
 .text.f_opendir
                0x08009fb2       0x9c Middlewares\Third_Party\FatFs\src\ff.o
                0x08009fb2                f_opendir
 .text.f_readdir
                0x0800a04e       0x56 Middlewares\Third_Party\FatFs\src\ff.o
                0x0800a04e                f_readdir
 .text.f_unlink
                0x0800a0a4       0xa2 Middlewares\Third_Party\FatFs\src\ff.o
                0x0800a0a4                f_unlink
 .text.f_utime  0x0800a146       0x52 Middlewares\Third_Party\FatFs\src\ff.o
                0x0800a146                f_utime
 .text.FATFS_LinkDriverEx
                0x0800a198       0x44 Middlewares\Third_Party\FatFs\src\ff_gen_drv.o
                0x0800a198                FATFS_LinkDriverEx
 .text.FATFS_LinkDriver
                0x0800a1dc        0x6 Middlewares\Third_Party\FatFs\src\ff_gen_drv.o
                0x0800a1dc                FATFS_LinkDriver
 *fill*         0x0800a1e2        0x2 
 .text.FATFS_UnLinkDriverEx
                0x0800a1e4       0x30 Middlewares\Third_Party\FatFs\src\ff_gen_drv.o
                0x0800a1e4                FATFS_UnLinkDriverEx
 .text.FATFS_UnLinkDriver
                0x0800a214        0x6 Middlewares\Third_Party\FatFs\src\ff_gen_drv.o
                0x0800a214                FATFS_UnLinkDriver
 *fill*         0x0800a21a        0x2 
 .text.__libc_init_array
                0x0800a21c       0x48 c:/program files (x86)/atollic/truestudio for stm32 9.3.0/armtools/bin/../lib/gcc/arm-atollic-eabi/6.3.1/../../../../arm-atollic-eabi/lib/armv7e-m/fpu\libc_nano.a(lib_a-init.o)
                0x0800a21c                __libc_init_array
 .text.malloc   0x0800a264       0x10 c:/program files (x86)/atollic/truestudio for stm32 9.3.0/armtools/bin/../lib/gcc/arm-atollic-eabi/6.3.1/../../../../arm-atollic-eabi/lib/armv7e-m/fpu\libc_nano.a(lib_a-malloc.o)
                0x0800a264                malloc
 .text.free     0x0800a274       0x10 c:/program files (x86)/atollic/truestudio for stm32 9.3.0/armtools/bin/../lib/gcc/arm-atollic-eabi/6.3.1/../../../../arm-atollic-eabi/lib/armv7e-m/fpu\libc_nano.a(lib_a-malloc.o)
                0x0800a274                free
 .text.memcpy   0x0800a284       0x16 c:/program files (x86)/atollic/truestudio for stm32 9.3.0/armtools/bin/../lib/gcc/arm-atollic-eabi/6.3.1/../../../../arm-atollic-eabi/lib/armv7e-m/fpu\libc_nano.a(lib_a-memcpy-stub.o)
                0x0800a284                memcpy
 .text.memset   0x0800a29a       0x10 c:/program files (x86)/atollic/truestudio for stm32 9.3.0/armtools/bin/../lib/gcc/arm-atollic-eabi/6.3.1/../../../../arm-atollic-eabi/lib/armv7e-m/fpu\libc_nano.a(lib_a-memset.o)
                0x0800a29a                memset
 *fill*         0x0800a2aa        0x2 
 .text._free_r  0x0800a2ac       0x9c c:/program files (x86)/atollic/truestudio for stm32 9.3.0/armtools/bin/../lib/gcc/arm-atollic-eabi/6.3.1/../../../../arm-atollic-eabi/lib/armv7e-m/fpu\libc_nano.a(lib_a-nano-freer.o)
                0x0800a2ac                _free_r
 .text._malloc_r
                0x0800a348       0xbc c:/program files (x86)/atollic/truestudio for stm32 9.3.0/armtools/bin/../lib/gcc/arm-atollic-eabi/6.3.1/../../../../arm-atollic-eabi/lib/armv7e-m/fpu\libc_nano.a(lib_a-nano-mallocr.o)
                0x0800a348                _malloc_r
 .text._sbrk_r  0x0800a404       0x20 c:/program files (x86)/atollic/truestudio for stm32 9.3.0/armtools/bin/../lib/gcc/arm-atollic-eabi/6.3.1/../../../../arm-atollic-eabi/lib/armv7e-m/fpu\libc_nano.a(lib_a-sbrkr.o)
                0x0800a404                _sbrk_r
 .text.sprintf  0x0800a424       0x48 c:/program files (x86)/atollic/truestudio for stm32 9.3.0/armtools/bin/../lib/gcc/arm-atollic-eabi/6.3.1/../../../../arm-atollic-eabi/lib/armv7e-m/fpu\libc_nano.a(lib_a-sprintf.o)
                0x0800a424                siprintf
                0x0800a424                sprintf
 .text.sscanf   0x0800a46c       0x54 c:/program files (x86)/atollic/truestudio for stm32 9.3.0/armtools/bin/../lib/gcc/arm-atollic-eabi/6.3.1/../../../../arm-atollic-eabi/lib/armv7e-m/fpu\libc_nano.a(lib_a-sscanf.o)
                0x0800a46c                siscanf
                0x0800a46c                sscanf
 .text.__seofread
                0x0800a4c0        0x4 c:/program files (x86)/atollic/truestudio for stm32 9.3.0/armtools/bin/../lib/gcc/arm-atollic-eabi/6.3.1/../../../../arm-atollic-eabi/lib/armv7e-m/fpu\libc_nano.a(lib_a-stdio.o)
                0x0800a4c0                __seofread
 .text.strcpy   0x0800a4c4       0x10 c:/program files (x86)/atollic/truestudio for stm32 9.3.0/armtools/bin/../lib/gcc/arm-atollic-eabi/6.3.1/../../../../arm-atollic-eabi/lib/armv7e-m/fpu\libc_nano.a(lib_a-strcpy.o)
                0x0800a4c4                strcpy
 .text.strstr   0x0800a4d4       0x36 c:/program files (x86)/atollic/truestudio for stm32 9.3.0/armtools/bin/../lib/gcc/arm-atollic-eabi/6.3.1/../../../../arm-atollic-eabi/lib/armv7e-m/fpu\libc_nano.a(lib_a-strstr.o)
                0x0800a4d4                strstr
 .text.__malloc_lock
                0x0800a50a        0x2 c:/program files (x86)/atollic/truestudio for stm32 9.3.0/armtools/bin/../lib/gcc/arm-atollic-eabi/6.3.1/../../../../arm-atollic-eabi/lib/armv7e-m/fpu\libc_nano.a(lib_a-mlock.o)
                0x0800a50a                __malloc_lock
 .text.__malloc_unlock
                0x0800a50c        0x2 c:/program files (x86)/atollic/truestudio for stm32 9.3.0/armtools/bin/../lib/gcc/arm-atollic-eabi/6.3.1/../../../../arm-atollic-eabi/lib/armv7e-m/fpu\libc_nano.a(lib_a-mlock.o)
                0x0800a50c                __malloc_unlock
 .text.__ssputs_r
                0x0800a50e       0xb6 c:/program files (x86)/atollic/truestudio for stm32 9.3.0/armtools/bin/../lib/gcc/arm-atollic-eabi/6.3.1/../../../../arm-atollic-eabi/lib/armv7e-m/fpu\libc_nano.a(lib_a-nano-svfprintf.o)
                0x0800a50e                __ssputs_r
 .text._svfprintf_r
                0x0800a5c4      0x1e8 c:/program files (x86)/atollic/truestudio for stm32 9.3.0/armtools/bin/../lib/gcc/arm-atollic-eabi/6.3.1/../../../../arm-atollic-eabi/lib/armv7e-m/fpu\libc_nano.a(lib_a-nano-svfprintf.o)
                0x0800a5c4                _svfiprintf_r
                0x0800a5c4                _svfprintf_r
 .text._sungetc_r
                0x0800a7ac       0x7a c:/program files (x86)/atollic/truestudio for stm32 9.3.0/armtools/bin/../lib/gcc/arm-atollic-eabi/6.3.1/../../../../arm-atollic-eabi/lib/armv7e-m/fpu\libc_nano.a(lib_a-nano-svfscanf.o)
                0x0800a7ac                _sungetc_r
 .text.__ssrefill_r
                0x0800a826       0x3a c:/program files (x86)/atollic/truestudio for stm32 9.3.0/armtools/bin/../lib/gcc/arm-atollic-eabi/6.3.1/../../../../arm-atollic-eabi/lib/armv7e-m/fpu\libc_nano.a(lib_a-nano-svfscanf.o)
                0x0800a826                __ssrefill_r
 .text.__ssvfscanf_r
                0x0800a860      0x2a8 c:/program files (x86)/atollic/truestudio for stm32 9.3.0/armtools/bin/../lib/gcc/arm-atollic-eabi/6.3.1/../../../../arm-atollic-eabi/lib/armv7e-m/fpu\libc_nano.a(lib_a-nano-svfscanf.o)
                0x0800a860                __ssvfiscanf_r
                0x0800a860                __ssvfscanf_r
 .text._printf_common
                0x0800ab08       0xec c:/program files (x86)/atollic/truestudio for stm32 9.3.0/armtools/bin/../lib/gcc/arm-atollic-eabi/6.3.1/../../../../arm-atollic-eabi/lib/armv7e-m/fpu\libc_nano.a(lib_a-nano-vfprintf_i.o)
                0x0800ab08                _printf_common
 .text._printf_i
                0x0800abf4      0x240 c:/program files (x86)/atollic/truestudio for stm32 9.3.0/armtools/bin/../lib/gcc/arm-atollic-eabi/6.3.1/../../../../arm-atollic-eabi/lib/armv7e-m/fpu\libc_nano.a(lib_a-nano-vfprintf_i.o)
                0x0800abf4                _printf_i
 .text._scanf_chars
                0x0800ae34       0xc8 c:/program files (x86)/atollic/truestudio for stm32 9.3.0/armtools/bin/../lib/gcc/arm-atollic-eabi/6.3.1/../../../../arm-atollic-eabi/lib/armv7e-m/fpu\libc_nano.a(lib_a-nano-vfscanf_i.o)
                0x0800ae34                _scanf_chars
 .text._scanf_i
                0x0800aefc      0x1e8 c:/program files (x86)/atollic/truestudio for stm32 9.3.0/armtools/bin/../lib/gcc/arm-atollic-eabi/6.3.1/../../../../arm-atollic-eabi/lib/armv7e-m/fpu\libc_nano.a(lib_a-nano-vfscanf_i.o)
                0x0800aefc                _scanf_i
 .text.__sccl   0x0800b0e4       0x60 c:/program files (x86)/atollic/truestudio for stm32 9.3.0/armtools/bin/../lib/gcc/arm-atollic-eabi/6.3.1/../../../../arm-atollic-eabi/lib/armv7e-m/fpu\libc_nano.a(lib_a-sccl.o)
                0x0800b0e4                __sccl
 .text._strtol_l.isra.0
                0x0800b144      0x100 c:/program files (x86)/atollic/truestudio for stm32 9.3.0/armtools/bin/../lib/gcc/arm-atollic-eabi/6.3.1/../../../../arm-atollic-eabi/lib/armv7e-m/fpu\libc_nano.a(lib_a-strtol.o)
 .text._strtol_r
                0x0800b244       0x24 c:/program files (x86)/atollic/truestudio for stm32 9.3.0/armtools/bin/../lib/gcc/arm-atollic-eabi/6.3.1/../../../../arm-atollic-eabi/lib/armv7e-m/fpu\libc_nano.a(lib_a-strtol.o)
                0x0800b244                _strtol_r
 .text._strtoul_l.isra.0
                0x0800b268       0xfa c:/program files (x86)/atollic/truestudio for stm32 9.3.0/armtools/bin/../lib/gcc/arm-atollic-eabi/6.3.1/../../../../arm-atollic-eabi/lib/armv7e-m/fpu\libc_nano.a(lib_a-strtoul.o)
 *fill*         0x0800b362        0x2 
 .text._strtoul_r
                0x0800b364       0x24 c:/program files (x86)/atollic/truestudio for stm32 9.3.0/armtools/bin/../lib/gcc/arm-atollic-eabi/6.3.1/../../../../arm-atollic-eabi/lib/armv7e-m/fpu\libc_nano.a(lib_a-strtoul.o)
                0x0800b364                _strtoul_r
 .text.__submore
                0x0800b388       0x76 c:/program files (x86)/atollic/truestudio for stm32 9.3.0/armtools/bin/../lib/gcc/arm-atollic-eabi/6.3.1/../../../../arm-atollic-eabi/lib/armv7e-m/fpu\libc_nano.a(lib_a-ungetc.o)
                0x0800b388                __submore
 .text.__locale_ctype_ptr_l
                0x0800b3fe        0x6 c:/program files (x86)/atollic/truestudio for stm32 9.3.0/armtools/bin/../lib/gcc/arm-atollic-eabi/6.3.1/../../../../arm-atollic-eabi/lib/armv7e-m/fpu\libc_nano.a(lib_a-locale.o)
                0x0800b3fe                __locale_ctype_ptr_l
 .text.__locale_ctype_ptr
                0x0800b404       0x1c c:/program files (x86)/atollic/truestudio for stm32 9.3.0/armtools/bin/../lib/gcc/arm-atollic-eabi/6.3.1/../../../../arm-atollic-eabi/lib/armv7e-m/fpu\libc_nano.a(lib_a-locale.o)
                0x0800b404                __locale_ctype_ptr
 .text.__ascii_mbtowc
                0x0800b420       0x24 c:/program files (x86)/atollic/truestudio for stm32 9.3.0/armtools/bin/../lib/gcc/arm-atollic-eabi/6.3.1/../../../../arm-atollic-eabi/lib/armv7e-m/fpu\libc_nano.a(lib_a-mbtowc_r.o)
                0x0800b420                __ascii_mbtowc
 .text.memmove  0x0800b444       0x34 c:/program files (x86)/atollic/truestudio for stm32 9.3.0/armtools/bin/../lib/gcc/arm-atollic-eabi/6.3.1/../../../../arm-atollic-eabi/lib/armv7e-m/fpu\libc_nano.a(lib_a-memmove.o)
                0x0800b444                memmove
 .text._realloc_r
                0x0800b478       0x4c c:/program files (x86)/atollic/truestudio for stm32 9.3.0/armtools/bin/../lib/gcc/arm-atollic-eabi/6.3.1/../../../../arm-atollic-eabi/lib/armv7e-m/fpu\libc_nano.a(lib_a-nano-reallocr.o)
                0x0800b478                _realloc_r
 .text.__ascii_wctomb
                0x0800b4c4       0x1a c:/program files (x86)/atollic/truestudio for stm32 9.3.0/armtools/bin/../lib/gcc/arm-atollic-eabi/6.3.1/../../../../arm-atollic-eabi/lib/armv7e-m/fpu\libc_nano.a(lib_a-wctomb_r.o)
                0x0800b4c4                __ascii_wctomb
 .text._malloc_usable_size_r
                0x0800b4de       0x12 c:/program files (x86)/atollic/truestudio for stm32 9.3.0/armtools/bin/../lib/gcc/arm-atollic-eabi/6.3.1/../../../../arm-atollic-eabi/lib/armv7e-m/fpu\libc_nano.a(lib_a-nano-msizer.o)
                0x0800b4de                _malloc_usable_size_r
 .text._sbrk    0x0800b4f0       0x1c c:/program files (x86)/atollic/truestudio for stm32 9.3.0/armtools/bin/../lib/gcc/arm-atollic-eabi/6.3.1/../../../../arm-atollic-eabi/lib/armv7e-m/fpu\libnosys.a(sbrk.o)
                0x0800b4f0                _sbrk
 *(.glue_7)
 .glue_7        0x0800b50c        0x0 linker stubs
 *(.glue_7t)
 .glue_7t       0x0800b50c        0x0 linker stubs
 *(.eh_frame)
 .eh_frame      0x0800b50c        0x0 c:/program files (x86)/atollic/truestudio for stm32 9.3.0/armtools/bin/../lib/gcc/arm-atollic-eabi/6.3.1/armv7e-m/fpu/crtbegin.o
 *(.init)
 .init          0x0800b50c        0x4 c:/program files (x86)/atollic/truestudio for stm32 9.3.0/armtools/bin/../lib/gcc/arm-atollic-eabi/6.3.1/armv7e-m/fpu/crti.o
                0x0800b50c                _init
 .init          0x0800b510        0x8 c:/program files (x86)/atollic/truestudio for stm32 9.3.0/armtools/bin/../lib/gcc/arm-atollic-eabi/6.3.1/armv7e-m/fpu/crtn.o
 *(.fini)
 .fini          0x0800b518        0x4 c:/program files (x86)/atollic/truestudio for stm32 9.3.0/armtools/bin/../lib/gcc/arm-atollic-eabi/6.3.1/armv7e-m/fpu/crti.o
                0x0800b518                _fini
 .fini          0x0800b51c        0x8 c:/program files (x86)/atollic/truestudio for stm32 9.3.0/armtools/bin/../lib/gcc/arm-atollic-eabi/6.3.1/armv7e-m/fpu/crtn.o
                0x0800b524                . = ALIGN (0x4)
                0x0800b524                _etext = .

.vfp11_veneer   0x0800b524        0x0
 .vfp11_veneer  0x0800b524        0x0 linker stubs

.v4_bx          0x0800b524        0x0