stm32l4xx_ll_utils.c:594:17:UTILS_GetPLLOutputFrequency	0	static
stm32l4xx_ll_rcc.h:2851:22:LL_RCC_PLL_ConfigDomain_SYS	20	static
stm32l4xx_ll_utils.c:512:20:UTILS_SetFlashLatency.part.0	0	static
stm32l4xx_ll_utils.c:625:20:UTILS_PLL_IsBusy	0	static
stm32l4xx_ll_utils.c:665:20:UTILS_EnablePLLAndSwitchSystem	16	static
stm32l4xx_ll_utils.c:173:6:LL_Init1msTick	0	static
stm32l4xx_ll_utils.c:189:6:LL_mDelay	8	static
stm32l4xx_ll_utils.c:257:6:LL_SetSystemCoreClock	0	static
stm32l4xx_ll_utils.c:279:13:LL_PLL_ConfigSystemClock_MSI	24	static
stm32l4xx_ll_utils.c:382:13:LL_PLL_ConfigSystemClock_HSI	16	static
stm32l4xx_ll_utils.c:440:13:LL_PLL_ConfigSystemClock_HSE	24	static
