core_cm4.h:1626:22:NVIC_EnableIRQ	16	static
core_cm4.h:1698:22:NVIC_SetPriority	16	static
bsp_driver_sd.c:92:9:BSP_SD_Init	16	static
bsp_driver_sd.c:141:9:BSP_SD_IsDetected	16	static
bsp_driver_sd.c:160:9:BSP_SD_ReadBlocks	32	static
bsp_driver_sd.c:180:9:BSP_SD_WriteBlocks	32	static
bsp_driver_sd.c:200:9:BSP_SD_ReadBlocks_DMA	40	static
bsp_driver_sd.c:233:9:BSP_SD_WriteBlocks_DMA	40	static
bsp_driver_sd.c:264:9:BSP_SD_Erase	40	static
bsp_driver_sd.c:280:6:BSP_SD_IRQHandler	8	static
bsp_driver_sd.c:289:6:BSP_SD_DMA_Tx_IRQHandler	8	static
bsp_driver_sd.c:298:6:BSP_SD_DMA_Rx_IRQHandler	8	static
bsp_driver_sd.c:311:29:BSP_SD_GetStatus	8	static
bsp_driver_sd.c:321:6:BSP_SD_GetCardInfo	16	static
bsp_driver_sd.c:332:13:SD_MspInit	48	static
bsp_driver_sd.c:381:21:SD_DMAConfigRx	24	static
bsp_driver_sd.c:424:21:SD_DMAConfigTx	24	static
