stm32l4xx_ll_bus.h:477:22:LL_AHB2_GRP1_EnableClock	8	static
gpio_functions.c:12:6:MX_GPIO_Init	48	static
gpio_functions.c:195:6:RED_LED_ON	0	static
gpio_functions.c:207:6:GREEN_LED_ON	0	static
gpio_functions.c:220:6:BLUE_LED_ON	0	static
gpio_functions.c:227:6:BLUE_LED_OFF	0	static
gpio_functions.c:232:6:ALL_LED_OFF	0	static
gpio_functions.c:250:6:GREEN_LED_ONLY	0	static
gpio_functions.c:261:6:RED_LED	0	static
gpio_functions.c:267:6:GREEN_LED	0	static
gpio_functions.c:273:6:YELLOW_LED	0	static
gpio_functions.c:280:6:RED_LED_OFF	0	static
gpio_functions.c:287:6:GREEN_LED_OFF	0	static
gpio_functions.c:293:6:YELLOW_LED_OFF	0	static
gpio_functions.c:301:6:RED_LED_ONLY	0	static
gpio_functions.c:310:6:BLUE_LED_ONLY	0	static
gpio_functions.c:319:6:VIOLET_LED_ONLY	0	static
gpio_functions.c:328:6:YELLOW_LED_ONLY	0	static
gpio_functions.c:337:6:CYAN_LED_ONLY	0	static
gpio_functions.c:241:6:ALL_LED_ON	0	static
gpio_functions.c:347:6:SD_POWER_ON	0	static
gpio_functions.c:351:6:SD_POWER_OFF	0	static
gpio_functions.c:375:6:Blue_LED_Blinking_10s	16	static
gpio_functions.c:389:6:Gr_LED_Blinking_2s	16	static
gpio_functions.c:359:6:Gr_LED_Blinking_5s	0	static
gpio_functions.c:403:6:Red_LED_Blinking_2s	16	static
gpio_functions.c:421:6:Yellow_LED_Blinking_2s	16	static
gpio_functions.c:443:6:Blue_LED_Blinking_2s	16	static
gpio_functions.c:459:6:Blue_LED_Blinking_5s	16	static
gpio_functions.c:473:6:Red_LED_Blinking_5s	16	static
