core_cm4.h:1596:22:NVIC_SetPriorityGrouping	24	static
core_cm4.h:1626:22:NVIC_EnableIRQ	16	static
core_cm4.h:1637:22:NVIC_DisableIRQ	16	static
core_cm4.h:1698:22:NVIC_SetPriority	16	static
core_cm4.h:1790:22:NVIC_SystemReset	4	static
stm32l4xx_ll_adc.h:2359:26:LL_ADC_DMA_GetRegAddr	16	static
stm32l4xx_ll_adc.h:2426:22:LL_ADC_SetCommonClock	16	static
stm32l4xx_ll_adc.h:2714:22:LL_ADC_SetLowPowerMode	16	static
stm32l4xx_ll_adc.h:3101:22:LL_ADC_REG_SetTriggerSource	16	static
stm32l4xx_ll_adc.h:3262:22:LL_ADC_REG_SetSequencerLength	16	static
stm32l4xx_ll_adc.h:3470:22:LL_ADC_REG_SetSequencerRanks	32	static
stm32l4xx_ll_adc.h:3608:22:LL_ADC_REG_SetContinuousMode	16	static
stm32l4xx_ll_adc.h:3665:22:LL_ADC_REG_SetDMATransfer	16	static
stm32l4xx_ll_adc.h:3762:22:LL_ADC_REG_SetOverrun	16	static
stm32l4xx_ll_adc.h:4635:22:LL_ADC_SetChannelSamplingTime	48	static
stm32l4xx_ll_adc.h:5801:22:LL_ADC_EnableDeepPowerDown	16	static
stm32l4xx_ll_adc.h:5824:22:LL_ADC_DisableDeepPowerDown	16	static
stm32l4xx_ll_adc.h:5857:22:LL_ADC_EnableInternalRegulator	16	static
stm32l4xx_ll_adc.h:5908:22:LL_ADC_Enable	16	static
stm32l4xx_ll_adc.h:5928:22:LL_ADC_Disable	16	static
stm32l4xx_ll_adc.h:5986:22:LL_ADC_StartCalibration	16	static
stm32l4xx_ll_adc.h:6002:26:LL_ADC_IsCalibrationOnGoing	16	static
stm32l4xx_ll_adc.h:6032:22:LL_ADC_REG_StartConversion	16	static
stm32l4xx_ll_adc.h:6108:26:LL_ADC_REG_ReadConversionData12	16	static
stm32l4xx_ll_adc.h:6417:26:LL_ADC_IsActiveFlag_ADRDY	16	static
stm32l4xx_ll_adc.h:6428:26:LL_ADC_IsActiveFlag_EOC	16	static
stm32l4xx_ll_adc.h:6552:22:LL_ADC_ClearFlag_EOC	16	static
stm32l4xx_ll_exti.h:319:22:LL_EXTI_EnableIT_0_31	16	static
stm32l4xx_ll_exti.h:740:22:LL_EXTI_EnableRisingTrig_0_31	16	static
stm32l4xx_ll_exti.h:933:22:LL_EXTI_EnableFallingTrig_0_31	16	static
stm32l4xx_ll_exti.h:998:22:LL_EXTI_DisableFallingTrig_0_31	16	static
stm32l4xx_ll_lptim.h:1204:22:LL_LPTIM_EnableIT_ARRM	16	static
stm32l4xx_ll_lptim.h:1215:22:LL_LPTIM_DisableIT_ARRM	16	static
stm32l4xx_ll_rcc.h:1621:22:LL_RCC_LSE_Enable	4	static
stm32l4xx_ll_rcc.h:1713:26:LL_RCC_LSE_IsReady	4	static
stm32l4xx_ll_rcc.h:2712:22:LL_RCC_SetRTCClockSource	16	static
stm32l4xx_ll_rcc.h:2736:22:LL_RCC_EnableRTC	4	static
stm32l4xx_ll_rcc.h:2766:22:LL_RCC_ForceBackupDomainReset	4	static
stm32l4xx_ll_rcc.h:2776:22:LL_RCC_ReleaseBackupDomainReset	4	static
stm32l4xx_ll_bus.h:293:22:LL_AHB1_GRP1_EnableClock	24	static
stm32l4xx_ll_bus.h:477:22:LL_AHB2_GRP1_EnableClock	24	static
stm32l4xx_ll_bus.h:590:22:LL_AHB2_GRP1_ForceReset	16	static
stm32l4xx_ll_bus.h:627:22:LL_AHB2_GRP1_ReleaseReset	16	static
stm32l4xx_ll_bus.h:907:22:LL_APB1_GRP1_EnableClock	24	static
stm32l4xx_ll_bus.h:1477:22:LL_APB2_GRP1_EnableClock	24	static
stm32l4xx_ll_system.h:737:22:LL_SYSCFG_SetEXTISource	24	static
stm32l4xx_ll_pwr.h:425:22:LL_PWR_EnableVddUSB	4	static
stm32l4xx_ll_pwr.h:435:22:LL_PWR_DisableVddUSB	4	static
stm32l4xx_ll_pwr.h:445:26:LL_PWR_IsEnabledVddUSB	4	static
stm32l4xx_ll_dma.h:539:22:LL_DMA_EnableChannel	16	static
stm32l4xx_ll_dma.h:612:22:LL_DMA_ConfigTransfer	24	static
stm32l4xx_ll_dma.h:965:22:LL_DMA_SetDataLength	24	static
stm32l4xx_ll_dma.h:1015:22:LL_DMA_ConfigAddresses	24	static
stm32l4xx_ll_dma.h:1238:22:LL_DMA_SetPeriphRequest	32	static
stm32l4xx_ll_dma.h:1369:26:LL_DMA_IsActiveFlag_TC1	16	static
stm32l4xx_ll_rtc.h:1089:22:LL_RTC_EnableWriteProtection	16	static
stm32l4xx_ll_rtc.h:1100:22:LL_RTC_DisableWriteProtection	16	static
stm32l4xx_ll_rtc.h:1199:26:LL_RTC_TIME_GetHour	32	static
stm32l4xx_ll_rtc.h:1237:26:LL_RTC_TIME_GetMinute	32	static
stm32l4xx_ll_rtc.h:1275:26:LL_RTC_TIME_GetSecond	32	static
stm32l4xx_ll_rtc.h:1466:26:LL_RTC_DATE_GetYear	32	static
stm32l4xx_ll_rtc.h:1562:26:LL_RTC_DATE_GetMonth	32	static
stm32l4xx_ll_rtc.h:1595:26:LL_RTC_DATE_GetDay	32	static
stm32l4xx_ll_spi.h:378:22:LL_SPI_Enable	16	static
stm32l4xx_ll_spi.h:417:22:LL_SPI_SetMode	16	static
stm32l4xx_ll_spi.h:475:22:LL_SPI_SetClockPhase	16	static
stm32l4xx_ll_spi.h:504:22:LL_SPI_SetClockPolarity	16	static
stm32l4xx_ll_spi.h:538:22:LL_SPI_SetBaudRatePrescaler	16	static
stm32l4xx_ll_spi.h:572:22:LL_SPI_SetTransferBitOrder	16	static
stm32l4xx_ll_spi.h:605:22:LL_SPI_SetTransferDirection	16	static
stm32l4xx_ll_spi.h:647:22:LL_SPI_SetDataWidth	16	static
stm32l4xx_ll_spi.h:685:22:LL_SPI_SetRxFIFOThreshold	16	static
stm32l4xx_ll_spi.h:852:22:LL_SPI_SetNSSMode	16	static
stm32l4xx_ll_spi.h:882:22:LL_SPI_EnableNSSPulseMgt	16	static
stm32l4xx_ll_spi.h:894:22:LL_SPI_DisableNSSPulseMgt	16	static
stm32l4xx_ll_spi.h:1152:22:LL_SPI_DisableIT_RXNE	16	static
stm32l4xx_ll_spi.h:1354:25:LL_SPI_ReceiveData8	16	static
stm32l4xx_ll_spi.h:1377:22:LL_SPI_TransmitData8	16	static
stm32l4xx_ll_gpio.h:296:22:LL_GPIO_SetPinMode	40	static
stm32l4xx_ll_gpio.h:365:22:LL_GPIO_SetPinOutputType	24	static
stm32l4xx_ll_gpio.h:436:22:LL_GPIO_SetPinSpeed	40	static
stm32l4xx_ll_gpio.h:507:22:LL_GPIO_SetPinPull	40	static
stm32l4xx_ll_gpio.h:579:22:LL_GPIO_SetAFPin_0_7	40	static
stm32l4xx_ll_gpio.h:656:22:LL_GPIO_SetAFPin_8_15	40	static
stm32l4xx_ll_gpio.h:728:22:LL_GPIO_EnablePinAnalogControl	16	static
stm32l4xx_ll_gpio.h:757:22:LL_GPIO_DisablePinAnalogControl	16	static
stm32l4xx_ll_gpio.h:885:26:LL_GPIO_IsInputPinSet	16	static
stm32l4xx_ll_gpio.h:966:22:LL_GPIO_SetOutputPin	16	static
stm32l4xx_ll_gpio.h:995:22:LL_GPIO_ResetOutputPin	16	static
stm32l4xx_ll_gpio.h:1024:22:LL_GPIO_TogglePin	16	static
sensor.c:115:6:Non_critical_Sensor_Error_Handling	8	static
sensor.c:130:6:Power_on_reset	8	static
sensor.c:137:6:Configure_Interrupt	8	static
sensor.c:146:6:FATFS_Init	8	static
sensor.c:165:6:Check_SD_Command_File	8	static
sensor.c:225:6:Shut_Down_SD	8	static
sensor.c:232:6:Shut_Down_USB	8	static
sensor.c:243:6:File_Close_Update_Unlink	8	static
sensor.c:250:6:USB_Clock_Ready	16	static
sensor.c:258:6:Datalog_Sensor_Initialization	8	static
sensor.c:268:6:Prepare_Data_Log_State	8	static
sensor.c:323:6:Common_USB_Job	8	static
sensor.c:383:6:DFU_Bypass	16	static
sensor.c:409:6:DFU_Bypass_Bottle_Sensor	16	static
sensor.c:429:6:Bypass_Datalog_Bottle	8	static
sensor.c:438:6:put_low_power_while_charging	8	static
sensor.c:446:6:Execute_VCP_Command	8	static
sensor.c:467:6:USB_Init_Start	8	static
sensor.c:559:6:Prepare_Goto_Dormant_Mode	8	static
sensor.c:565:6:Reset_Variables_for_LowBattery	4	static
sensor.c:577:6:Reset_All	16	static
sensor.c:596:5:GetNextIndex	592	static
sensor.c:617:9:read_conf_File	592	static
sensor.c:639:6:Try_FATFS_Mount	8	static
sensor.c:661:6:file_reopen_sync	8	static
sensor.c:669:6:file_reopen	8	static
sensor.c:677:6:file_mnt_reopen	8	static
sensor.c:697:6:Open_File_For_Sensor_Write	8	static
sensor.c:720:6:FATFS_SD_Open_Ready	8	static
sensor.c:744:6:FATFS_Logstart_Delete	8	static
sensor.c:763:6:FATFS_Logstart_Ready	8	static
sensor.c:788:6:update_FATFS_time	8	static
sensor.c:796:6:SD_Sensor_write	8	static
sensor.c:831:6:USB_MSC_Init_Start	8	static
sensor.c:842:6:USB_VCP_Init_Start	8	static
sensor.c:850:6:Convert_SD_FileName_Unix_Time	56	static
sensor.c:869:6:Convert_SD_FileName_RTC_Timestamp	16	static
sensor.c:877:6:Store_RTC_Time	32	static
sensor.c:885:6:Store_RTC_Date	32	static
sensor.c:894:6:Read_RTC_Timestamp	16	static
sensor.c:911:6:Enter_RTC_InitMode	4	static
sensor.c:918:6:Exit_RTC_InitMode	4	static
sensor.c:929:6:MX_RTC_Init	32	static
sensor.c:958:6:Set_RTC_Calendar	40	static
sensor.c:984:6:RTC_BAK_SetRegister	24	static
sensor.c:996:10:RTC_BAK_GetRegister	16	static
sensor.c:1006:9:Bcd2ToByte	24	static
sensor.c:1013:6:BTN_PA10_EXTI_conf	8	static
sensor.c:1022:6:USB_PA9_EXTI_conf	8	static
sensor.c:1032:6:P_ADC_Sensor_GPIO_Init	8	static
sensor.c:1054:6:Battery_Monitor_GPIO_init	8	static
sensor.c:1063:6:ADC_conf_battery	8	static
sensor.c:1084:6:P_ADC_conf_strain	8	static
sensor.c:1112:6:ADC_conf_strain	8	static
sensor.c:1136:6:P_ADC1_conf_strain	8	static
sensor.c:1195:6:P_ADC2_conf_strain	4	static
sensor.c:1199:6:ADC_Power_Down	8	static
sensor.c:1204:6:Activate_ADC	16	static
sensor.c:1237:6:P_Activate_ADC3	16	static
sensor.c:1270:6:P_Activate_ADC2	16	static
sensor.c:1303:6:P_Activate_ADC1	16	static
sensor.c:1336:6:ConversionStartPoll_ADC_GrpRegular	8	static
sensor.c:1353:6:ConversionStartPoll_ADC_GrpRegular_Buf	8	static
sensor.c:1372:6:P_IMU4_SPI3_Init	72	static
sensor.c:1431:6:P_IMU1_SPI1_Initialization_at_reset	8	static
sensor.c:1440:6:MCP_SPI2_Initialization_at_reset	8	static
sensor.c:1449:6:MCP_reset	8	static
sensor.c:1462:6:P_IMU3_SPI2_Initialization_at_reset	8	static
sensor.c:1470:6:P_IMU4_SPI3_Initialization_at_reset	8	static
sensor.c:1480:6:Wait_for_SPI_timeout_While_Datalog	4	static
sensor.c:1490:6:Wait_for_ADC_timeout_While_Datalog	4	static
sensor.c:1500:6:Wait_for_SPI_TimeOut_	4	static
sensor.c:1509:6:Wait_for_ADC_TimeOut_	4	static
sensor.c:1518:6:MPU_SPI_SendData	16	static
sensor.c:1539:14:WriteReg	24	static
sensor.c:1561:14:WriteReg3	24	static
sensor.c:1583:14:WriteReg3_imu5	24	static
sensor.c:1605:14:WriteReg1	24	static
sensor.c:1627:14:WriteReg1_imu2	24	static
sensor.c:1705:14:WriteReg2	24	static
sensor.c:1727:6:MPU2_SPI2_GetData	16	static
sensor.c:1749:6:MPU_SPI_GetData	16	static
sensor.c:1771:6:ReadRegs	40	static
sensor.c:1797:6:MPU_SPI_GetData1	16	static
sensor.c:1819:6:ReadRegs1	40	static
sensor.c:1845:6:ReadRegs1_imu2	40	static
sensor.c:1871:6:ReadRegs3	40	static
sensor.c:1897:6:ReadRegs3_imu5	40	static
sensor.c:1923:6:ReadRegs2	40	static
sensor.c:1949:6:MPU9250_Read_Buf	56	static
sensor.c:1987:6:Strain_Sensor_ADC_store	4	static
sensor.c:2004:6:all_ADC_read_test1	8	static
sensor.c:2028:6:battery_ADC_store_Buff	4	static
sensor.c:2064:5:Read_Loadcell1	16	static
sensor.c:2083:5:Read_Loadcell2	16	static
sensor.c:2102:6:F_Sensor_ADC_Store	16	static
sensor.c:2187:6:read_Toe_ADC	8	static
sensor.c:2205:6:read_Heel_ADC	8	static
sensor.c:2223:6:read_Load1_ADC	8	static
sensor.c:2241:6:read_Load2_ADC	8	static
sensor.c:2259:6:read_add1_ADC	8	static
sensor.c:2277:6:read_add2_ADC	8	static
sensor.c:2295:6:all_ADC_read_test	8	static
sensor.c:2310:6:all_ADC_read	8	static
sensor.c:2318:6:conf_ADC_DMA_poll	16	static
sensor.c:2350:6:Battery_Monitor_Voltage_check	4	static
sensor.c:2354:6:ADC_Reset	4	static
sensor.c:2358:6:Data_Pause_Resume_PC0_EXTI_conf	8	static
sensor.c:2366:6:ACC_GPIO_INIT	8	static
sensor.c:2387:6:ACC2_GPIO_INIT	8	static
sensor.c:2408:6:P_IMU1_SPI1_Init	8	static
sensor.c:2488:6:P_IMU3_SPI2_Init	72	static
sensor.c:2546:6:Configure_USART_1	8	static
sensor.c:2569:9:USART1_read	4	static
sensor.c:2577:6:USART1_wr_print	24	static
sensor.c:2589:6:Write_Timestamp_In_SD	32	static
sensor.c:2609:6:FPGA_Programming_loop	4	static
sensor.c:2614:6:prepare_low_battery	4	static
sensor.c:2622:6:Start_Data_Collection_at_Reset	8	static
sensor.c:2649:6:retry_FATFS_mnt_twice	8	static
sensor.c:2671:6:Clear_ErrorTimestamp_Buffer	4	static
sensor.c:2676:6:Save_ErrorTimestamp_Buffer	24	static
sensor.c:2687:6:AIM_Error_Handler	16	static
sensor.c:2772:6:AIM_DataStart_at_Reset	8	static
sensor.c:3003:14:set_acc_scale	24	static
sensor.c:3040:14:set_gyro_scale	24	static
sensor.c:3080:6:calib_acc	16	static
sensor.c:3103:6:calib_mag	24	static
sensor.c:3147:6:read_acc	24	static
sensor.c:3160:6:read_acc_gyro	48	static
sensor.c:3182:6:read_acc_gyro1	48	static
sensor.c:3204:6:read_acc_gyro3	48	static
sensor.c:3226:6:read_acc_gyro2	48	static
sensor.c:3248:6:MPU_9D_store	32	static
sensor.c:3268:5:IMU1_SPI1_acc_read	32	static
sensor.c:3290:17:IMU1_read	64	static
sensor.c:3309:6:Knee_data_storeIMU	24	static
sensor.c:3341:6:MPU_9D_store_IMU2_SPI1	32	static
sensor.c:3358:6:MPU_9D_store_IMU4_SPI3	32	static
sensor.c:3381:6:MPU_9D_store_IMU5_SPI3	32	static
sensor.c:3401:6:MPU_9D_store_IMU3_SPI2	24	static
sensor.c:3444:6:Knee_data_store	24	static
sensor.c:3455:6:Knee_data_store1	24	static
sensor.c:3490:6:read_all	48	static
sensor.c:3528:6:MPU1_SPI1_init	64	static
sensor.c:3575:6:MPU2_SPI1_init	64	static
sensor.c:3622:6:MPU4_SPI3_init	48	static
sensor.c:3671:6:MPU5_SPI3_init	48	static
sensor.c:3721:6:MPU3_SPI2_init	64	static
sensor.c:3768:6:calibrate	104	static
sensor.c:3918:9:AK8963_whoami	16	static
sensor.c:3933:14:whoami	16	static
sensor.c:3955:14:whoami2	16	static
sensor.c:3977:5:Enc1_GetPosition	4	static
sensor.c:4030:6:Mag_Enc1_Store	4	static
sensor.c:4069:6:Mag_Enc2_Store	24	static
sensor.c:4107:5:Enc2_GetPosition	32	static
sensor.c:4146:7:knee_angle	24	static
sensor.c:4159:7:IMU_orientation	112	static
