core_cm4.h:1790:22:NVIC_SystemReset	0	static
stm32l4xx_ll_adc.h:6032:22:LL_ADC_REG_StartConversion	0	static
stm32l4xx_ll_bus.h:477:22:LL_AHB2_GRP1_EnableClock	8	static
stm32l4xx_ll_bus.h:907:22:LL_APB1_GRP1_EnableClock	8	static
stm32l4xx_ll_bus.h:1477:22:LL_APB2_GRP1_EnableClock	8	static
stm32l4xx_ll_gpio.h:296:22:LL_GPIO_SetPinMode	12	static
stm32l4xx_ll_adc.h:3470:22:LL_ADC_REG_SetSequencerRanks	12	static
stm32l4xx_ll_adc.h:4635:22:LL_ADC_SetChannelSamplingTime	16	static
stm32l4xx_ll_gpio.h:579:22:LL_GPIO_SetAFPin_0_7	12	static
stm32l4xx_ll_gpio.h:507:22:LL_GPIO_SetPinPull	12	static
stm32l4xx_ll_gpio.h:436:22:LL_GPIO_SetPinSpeed.constprop	8	static
stm32l4xx_ll_rtc.h:1595:26:LL_RTC_DATE_GetDay.constprop	0	static
stm32l4xx_ll_rtc.h:1562:26:LL_RTC_DATE_GetMonth.constprop	0	static
stm32l4xx_ll_rtc.h:1466:26:LL_RTC_DATE_GetYear.constprop	0	static
stm32l4xx_ll_rtc.h:1275:26:LL_RTC_TIME_GetSecond.constprop	0	static
stm32l4xx_ll_rtc.h:1237:26:LL_RTC_TIME_GetMinute.constprop	0	static
stm32l4xx_ll_rtc.h:1199:26:LL_RTC_TIME_GetHour.constprop	0	static
sensor.c:145:6:Power_on_reset	8	static
sensor.c:154:6:Configure_Interrupt	0	static
sensor.c:270:6:Shut_Down_USB	8	static
sensor.c:290:6:USB_Clock_Ready	8	static
sensor.c:440:6:DFU_Bypass	16	static
sensor.c:470:6:DFU_Bypass_Bottle_Sensor	16	static
sensor.c:493:6:Bypass_Datalog_Bottle	16	static
sensor.c:504:6:put_low_power_while_charging	8	static
sensor.c:637:6:Prepare_Goto_Dormant_Mode	0	static
sensor.c:644:6:Reset_Variables_for_LowBattery	0	static
sensor.c:678:5:GetNextIndex	592	static
sensor.c:699:9:read_conf_File	584	static
sensor.c:721:6:Try_FATFS_Mount	8	static
sensor.c:747:6:file_reopen_sync	8	static
sensor.c:757:6:file_reopen	8	static
sensor.c:767:6:file_mnt_reopen	8	static
sensor.c:846:6:FATFS_Logstart_Delete	8	static
sensor.c:867:6:FATFS_Logstart_Ready	8	static
sensor.c:947:6:USB_MSC_Init_Start	8	static
sensor.c:959:6:USB_VCP_Init_Start	8	static
sensor.c:968:6:Convert_SD_FileName_Unix_Time	48	static
sensor.c:819:6:FATFS_SD_Open_Ready	8	static
sensor.c:995:6:Store_RTC_Time	32	static
sensor.c:1002:6:Store_RTC_Date	32	static
sensor.c:1011:6:Read_RTC_Timestamp	8	static
sensor.c:897:6:update_FATFS_time	8	static
sensor.c:281:6:File_Close_Update_Unlink	8	static
sensor.c:262:6:Shut_Down_SD	0	static
sensor.c:987:6:Convert_SD_FileName_RTC_Timestamp	16	static
sensor.c:1028:6:Enter_RTC_InitMode	0	static
sensor.c:1034:6:Exit_RTC_InitMode	0	static
sensor.c:1043:6:MX_RTC_Init	24	static
sensor.c:1071:6:Set_RTC_Calendar	40	static
sensor.c:1098:6:RTC_BAK_SetRegister	0	static
sensor.c:1110:10:RTC_BAK_GetRegister	0	static
sensor.c:1122:9:Bcd2ToByte	0	static
sensor.c:1130:6:BTN_PA10_EXTI_conf	8	static
sensor.c:1140:6:USB_PA9_EXTI_conf	8	static
sensor.c:1177:6:Battery_Monitor_GPIO_init	8	static
sensor.c:1310:6:P_ADC2_conf_strain	0	static
sensor.c:1316:6:ADC_Power_Down	0	static
sensor.c:1502:6:P_IMU4_SPI3_Init	96	static
sensor.c:1582:6:MCP_reset	0	static
sensor.c:1619:6:Wait_for_SPI_timeout_While_Datalog	0	static
sensor.c:1629:6:Wait_for_ADC_timeout_While_Datalog	0	static
sensor.c:1482:6:ConversionStartPoll_ADC_GrpRegular_Buf	8	static
sensor.c:1639:6:Wait_for_SPI_TimeOut_	0	static
sensor.c:1649:6:Wait_for_ADC_TimeOut_	0	static
sensor.c:1359:6:P_Activate_ADC3	24	static
sensor.c:1395:6:P_Activate_ADC2	24	static
sensor.c:1430:6:P_Activate_ADC1	24	static
sensor.c:1256:6:P_ADC1_conf_strain	16	static
sensor.c:1151:6:P_ADC_Sensor_GPIO_Init	8	static
sensor.c:1231:6:ADC_conf_strain	16	static
sensor.c:1206:6:P_ADC_conf_strain	24	static
sensor.c:1186:6:ADC_conf_battery	16	static
sensor.c:1324:6:Activate_ADC	0	static
sensor.c:1465:6:ConversionStartPoll_ADC_GrpRegular	16	static
sensor.c:1659:6:MPU_SPI_SendData	8	static
sensor.c:1676:14:WriteReg	8	static
sensor.c:1694:14:WriteReg3	16	static
sensor.c:1712:14:WriteReg3_imu5	16	static
sensor.c:1730:14:WriteReg1	8	static
sensor.c:1748:14:WriteReg1_imu2	8	static
sensor.c:1767:6:MCP_write	8	static
sensor.c:1791:5:MCP_read	0	static
sensor.c:1817:14:WriteReg2	8	static
sensor.c:1835:6:MPU2_SPI2_GetData	0	static
sensor.c:1854:6:MPU_SPI_GetData	0	static
sensor.c:1872:6:ReadRegs	12	static
sensor.c:1898:6:MPU_SPI_GetData1	0	static
sensor.c:1916:6:ReadRegs1	12	static
sensor.c:1941:6:ReadRegs1_imu2	12	static
sensor.c:1966:6:ReadRegs3	16	static
sensor.c:1991:6:ReadRegs3_imu5	16	static
sensor.c:2017:6:ReadRegs2	12	static
sensor.c:2043:6:MPU9250_Read_Buf	8	static
sensor.c:2082:6:Strain_Sensor_ADC_store	0	static
sensor.c:2100:6:all_ADC_read_test1	16	static
sensor.c:2125:6:battery_ADC_store_Buff	0	static
sensor.c:2163:5:Read_Loadcell1	8	static
sensor.c:2183:5:Read_Loadcell2	8	static
sensor.c:2204:6:F_Sensor_ADC_Store	24	static
sensor.c:2291:6:read_Toe_ADC	8	static
sensor.c:2309:6:read_Heel_ADC	8	static
sensor.c:2327:6:read_Load1_ADC	8	static
sensor.c:2345:6:read_Load2_ADC	8	static
sensor.c:2363:6:read_add1_ADC	8	static
sensor.c:2381:6:read_add2_ADC	8	static
sensor.c:2400:6:all_ADC_read_test	8	static
sensor.c:2417:6:all_ADC_read	0	static
sensor.c:2426:6:conf_ADC_DMA_poll	8	static
sensor.c:2461:6:Battery_Monitor_Voltage_check	0	static
sensor.c:2466:6:ADC_Reset	0	static
sensor.c:2471:6:Data_Pause_Resume_PC0_EXTI_conf	8	static
sensor.c:2482:6:ACC_GPIO_INIT	8	static
sensor.c:2505:6:ACC2_GPIO_INIT	24	static
sensor.c:2528:6:P_IMU1_SPI1_Init	8	static
sensor.c:2550:6:MCP_setup	88	static
sensor.c:1573:6:MCP_SPI2_Initialization_at_reset	8	static
sensor.c:2613:6:P_IMU3_SPI2_Init	88	static
sensor.c:2674:6:Configure_USART_1	8	static
sensor.c:2696:9:USART1_read	0	static
sensor.c:2703:6:USART1_wr_print	0	static
sensor.c:2715:6:Write_Timestamp_In_SD	32	static
sensor.c:2733:6:FPGA_Programming_loop	0	static
sensor.c:2740:6:prepare_low_battery	0	static
sensor.c:2805:6:Clear_ErrorTimestamp_Buffer	0	static
sensor.c:656:6:Reset_All	8	static
sensor.c:2811:6:Save_ErrorTimestamp_Buffer	24	static
sensor.c:2821:6:AIM_Error_Handler	8	static
sensor.c:124:6:Non_critical_Sensor_Error_Handling	8	static
sensor.c:164:6:FATFS_Init	8	static
sensor.c:2779:6:retry_FATFS_mnt_twice	8	static
sensor.c:188:6:Check_SD_Command_File	24	static
sensor.c:513:6:Execute_VCP_Command	16	static
sensor.c:792:6:Open_File_For_Sensor_Write	16	static
sensor.c:297:6:Datalog_Sensor_Initialization	8	static
sensor.c:309:6:Prepare_Data_Log_State	8	static
sensor.c:538:6:USB_Init_Start	16	static
sensor.c:372:6:Common_USB_Job	8	static
sensor.c:2749:6:Start_Data_Collection_at_Reset	8	static
sensor.c:906:6:SD_Sensor_write	16	static
sensor.c:2921:6:AIM_DataStart_at_Reset	8	static
sensor.c:3152:14:set_acc_scale	8	static
sensor.c:3189:14:set_gyro_scale	8	static
sensor.c:3215:6:calib_acc	24	static
sensor.c:3236:6:calib_mag	16	static
sensor.c:3279:6:read_acc	16	static
sensor.c:3293:6:read_acc_gyro	32	static
sensor.c:3316:6:read_acc_gyro1	32	static
sensor.c:3339:6:read_acc_gyro3	32	static
sensor.c:3362:6:read_acc_gyro2	32	static
sensor.c:3385:6:MPU_9D_store	32	static
sensor.c:3406:5:IMU1_SPI1_acc_read	32	static
sensor.c:3428:17:IMU1_read	48	static
sensor.c:3448:6:Knee_data_storeIMU	20	static
sensor.c:3483:6:MPU_9D_store_IMU2_SPI1	32	static
sensor.c:3501:6:MPU_9D_store_IMU4_SPI3	32	static
sensor.c:3525:6:MPU_9D_store_IMU5_SPI3	32	static
sensor.c:3546:6:MPU_9D_store_IMU3_SPI2	0	static
sensor.c:3594:6:Knee_data_store	20	static
sensor.c:3606:6:Knee_data_store1	20	static
sensor.c:3643:6:read_all	40	static
sensor.c:3680:6:MPU1_SPI1_init	56	static
sensor.c:3730:6:MPU2_SPI1_init	56	static
sensor.c:1563:6:P_IMU1_SPI1_Initialization_at_reset	8	static
sensor.c:3781:6:MPU4_SPI3_init	56	static
sensor.c:3831:6:MPU5_SPI3_init	56	static
sensor.c:1603:6:P_IMU4_SPI3_Initialization_at_reset	8	static
sensor.c:3884:6:MPU3_SPI2_init	56	static
sensor.c:1595:6:P_IMU3_SPI2_Initialization_at_reset	8	static
sensor.c:3936:6:calibrate	80	static
sensor.c:4082:9:AK8963_whoami	8	static
sensor.c:4097:14:whoami	0	static
sensor.c:4116:14:whoami2	0	static
sensor.c:4134:5:Enc1_GetPosition	0	static
sensor.c:4188:6:Mag_Enc1_Store	0	static
sensor.c:4228:6:Mag_Enc2_Store	24	static
sensor.c:4267:5:Enc2_GetPosition	24	static
sensor.c:4307:7:knee_angle	8	static
sensor.c:4321:18:IMU_orientation	168	static
