core_cm4.h:1790:22:NVIC_SystemReset	0	static
stm32l4xx_ll_adc.h:6032:22:LL_ADC_REG_StartConversion	0	static
stm32l4xx_ll_bus.h:477:22:LL_AHB2_GRP1_EnableClock	8	static
stm32l4xx_ll_bus.h:1477:22:LL_APB2_GRP1_EnableClock	8	static
stm32l4xx_ll_gpio.h:296:22:LL_GPIO_SetPinMode	12	static
stm32l4xx_ll_adc.h:3470:22:LL_ADC_REG_SetSequencerRanks	12	static
stm32l4xx_ll_adc.h:4635:22:LL_ADC_SetChannelSamplingTime	16	static
stm32l4xx_ll_gpio.h:579:22:LL_GPIO_SetAFPin_0_7	12	static
stm32l4xx_ll_gpio.h:507:22:LL_GPIO_SetPinPull	12	static
stm32l4xx_ll_gpio.h:436:22:LL_GPIO_SetPinSpeed.constprop	8	static
stm32l4xx_ll_rtc.h:1595:26:LL_RTC_DATE_GetDay.constprop	0	static
stm32l4xx_ll_rtc.h:1562:26:LL_RTC_DATE_GetMonth.constprop	0	static
stm32l4xx_ll_rtc.h:1466:26:LL_RTC_DATE_GetYear.constprop	0	static
stm32l4xx_ll_rtc.h:1275:26:LL_RTC_TIME_GetSecond.constprop	0	static
stm32l4xx_ll_rtc.h:1237:26:LL_RTC_TIME_GetMinute.constprop	0	static
stm32l4xx_ll_rtc.h:1199:26:LL_RTC_TIME_GetHour.constprop	0	static
sensor.c:125:6:Power_on_reset	8	static
sensor.c:132:6:Configure_Interrupt	0	static
sensor.c:227:6:Shut_Down_USB	8	static
sensor.c:245:6:USB_Clock_Ready	8	static
sensor.c:378:6:DFU_Bypass	16	static
sensor.c:404:6:DFU_Bypass_Bottle_Sensor	16	static
sensor.c:424:6:Bypass_Datalog_Bottle	16	static
sensor.c:433:6:put_low_power_while_charging	8	static
sensor.c:554:6:Prepare_Goto_Dormant_Mode	0	static
sensor.c:560:6:Reset_Variables_for_LowBattery	0	static
sensor.c:591:5:GetNextIndex	592	static
sensor.c:612:9:read_conf_File	584	static
sensor.c:634:6:Try_FATFS_Mount	8	static
sensor.c:656:6:file_reopen_sync	8	static
sensor.c:664:6:file_reopen	8	static
sensor.c:672:6:file_mnt_reopen	8	static
sensor.c:739:6:FATFS_Logstart_Delete	8	static
sensor.c:758:6:FATFS_Logstart_Ready	8	static
sensor.c:826:6:USB_MSC_Init_Start	8	static
sensor.c:837:6:USB_VCP_Init_Start	8	static
sensor.c:845:6:Convert_SD_FileName_Unix_Time	48	static
sensor.c:715:6:FATFS_SD_Open_Ready	8	static
sensor.c:872:6:Store_RTC_Time	32	static
sensor.c:880:6:Store_RTC_Date	32	static
sensor.c:889:6:Read_RTC_Timestamp	8	static
sensor.c:783:6:update_FATFS_time	8	static
sensor.c:238:6:File_Close_Update_Unlink	8	static
sensor.c:220:6:Shut_Down_SD	0	static
sensor.c:864:6:Convert_SD_FileName_RTC_Timestamp	16	static
sensor.c:906:6:Enter_RTC_InitMode	0	static
sensor.c:913:6:Exit_RTC_InitMode	0	static
sensor.c:924:6:MX_RTC_Init	24	static
sensor.c:953:6:Set_RTC_Calendar	40	static
sensor.c:979:6:RTC_BAK_SetRegister	0	static
sensor.c:991:10:RTC_BAK_GetRegister	0	static
sensor.c:1001:9:Bcd2ToByte	0	static
sensor.c:1008:6:BTN_PA10_EXTI_conf	8	static
sensor.c:1017:6:USB_PA9_EXTI_conf	8	static
sensor.c:1049:6:Battery_Monitor_GPIO_init	8	static
sensor.c:1190:6:P_ADC2_conf_strain	0	static
sensor.c:1194:6:ADC_Power_Down	0	static
sensor.c:1367:6:P_IMU4_SPI3_Init	104	static
sensor.c:1444:6:MCP_reset	0	static
sensor.c:1475:6:Wait_for_SPI_timeout_While_Datalog	0	static
sensor.c:1485:6:Wait_for_ADC_timeout_While_Datalog	0	static
sensor.c:1348:6:ConversionStartPoll_ADC_GrpRegular_Buf	8	static
sensor.c:1495:6:Wait_for_SPI_TimeOut_	0	static
sensor.c:1504:6:Wait_for_ADC_TimeOut_	0	static
sensor.c:1232:6:P_Activate_ADC3	24	static
sensor.c:1265:6:P_Activate_ADC2	24	static
sensor.c:1298:6:P_Activate_ADC1	24	static
sensor.c:1131:6:P_ADC1_conf_strain	16	static
sensor.c:1027:6:P_ADC_Sensor_GPIO_Init	8	static
sensor.c:1107:6:ADC_conf_strain	16	static
sensor.c:1079:6:P_ADC_conf_strain	24	static
sensor.c:1058:6:ADC_conf_battery	16	static
sensor.c:1199:6:Activate_ADC	0	static
sensor.c:1331:6:ConversionStartPoll_ADC_GrpRegular	16	static
sensor.c:1513:6:MPU_SPI_SendData	8	static
sensor.c:1534:14:WriteReg	8	static
sensor.c:1556:14:WriteReg3	16	static
sensor.c:1578:14:WriteReg3_imu5	16	static
sensor.c:1600:14:WriteReg1	8	static
sensor.c:1622:14:WriteReg1_imu2	8	static
sensor.c:1645:6:MCP_write	8	static
sensor.c:1673:5:MCP_read	0	static
sensor.c:1702:14:WriteReg2	8	static
sensor.c:1724:6:MPU2_SPI2_GetData	0	static
sensor.c:1746:6:MPU_SPI_GetData	0	static
sensor.c:1768:6:ReadRegs	12	static
sensor.c:1794:6:MPU_SPI_GetData1	0	static
sensor.c:1816:6:ReadRegs1	12	static
sensor.c:1842:6:ReadRegs1_imu2	12	static
sensor.c:1868:6:ReadRegs3	16	static
sensor.c:1894:6:ReadRegs3_imu5	16	static
sensor.c:1920:6:ReadRegs2	12	static
sensor.c:1946:6:MPU9250_Read_Buf	8	static
sensor.c:1984:6:Strain_Sensor_ADC_store	0	static
sensor.c:2001:6:all_ADC_read_test1	16	static
sensor.c:2025:6:battery_ADC_store_Buff	0	static
sensor.c:2061:5:Read_Loadcell1	8	static
sensor.c:2080:5:Read_Loadcell2	8	static
sensor.c:2099:6:F_Sensor_ADC_Store	24	static
sensor.c:2184:6:read_Toe_ADC	8	static
sensor.c:2202:6:read_Heel_ADC	8	static
sensor.c:2220:6:read_Load1_ADC	8	static
sensor.c:2238:6:read_Load2_ADC	8	static
sensor.c:2256:6:read_add1_ADC	8	static
sensor.c:2274:6:read_add2_ADC	8	static
sensor.c:2292:6:all_ADC_read_test	8	static
sensor.c:2307:6:all_ADC_read	0	static
sensor.c:2315:6:conf_ADC_DMA_poll	8	static
sensor.c:2347:6:Battery_Monitor_Voltage_check	0	static
sensor.c:2351:6:ADC_Reset	0	static
sensor.c:2355:6:Data_Pause_Resume_PC0_EXTI_conf	8	static
sensor.c:2363:6:ACC_GPIO_INIT	8	static
sensor.c:2384:6:ACC2_GPIO_INIT	24	static
sensor.c:2405:6:P_IMU1_SPI1_Init	8	static
sensor.c:2485:6:P_IMU3_SPI2_Init	96	static
sensor.c:1435:6:MCP_SPI2_Initialization_at_reset	8	static
sensor.c:2426:6:MCP_setup	0	static
sensor.c:2543:6:Configure_USART_1	8	static
sensor.c:2566:9:USART1_read	0	static
sensor.c:2574:6:USART1_wr_print	0	static
sensor.c:2586:6:Write_Timestamp_In_SD	32	static
sensor.c:2606:6:FPGA_Programming_loop	0	static
sensor.c:2611:6:prepare_low_battery	0	static
sensor.c:2668:6:Clear_ErrorTimestamp_Buffer	0	static
sensor.c:572:6:Reset_All	8	static
sensor.c:2673:6:Save_ErrorTimestamp_Buffer	24	static
sensor.c:2684:6:AIM_Error_Handler	8	static
sensor.c:110:6:Non_critical_Sensor_Error_Handling	8	static
sensor.c:141:6:FATFS_Init	8	static
sensor.c:2646:6:retry_FATFS_mnt_twice	8	static
sensor.c:160:6:Check_SD_Command_File	24	static
sensor.c:441:6:Execute_VCP_Command	16	static
sensor.c:692:6:Open_File_For_Sensor_Write	16	static
sensor.c:253:6:Datalog_Sensor_Initialization	8	static
sensor.c:263:6:Prepare_Data_Log_State	8	static
sensor.c:462:6:USB_Init_Start	16	static
sensor.c:318:6:Common_USB_Job	8	static
sensor.c:2619:6:Start_Data_Collection_at_Reset	8	static
sensor.c:791:6:SD_Sensor_write	16	static
sensor.c:2769:6:AIM_DataStart_at_Reset	8	static
sensor.c:3000:14:set_acc_scale	8	static
sensor.c:3037:14:set_gyro_scale	8	static
sensor.c:3077:6:calib_acc	24	static
sensor.c:3100:6:calib_mag	16	static
sensor.c:3144:6:read_acc	16	static
sensor.c:3157:6:read_acc_gyro	32	static
sensor.c:3179:6:read_acc_gyro1	32	static
sensor.c:3201:6:read_acc_gyro3	32	static
sensor.c:3223:6:read_acc_gyro2	32	static
sensor.c:3245:6:MPU_9D_store	32	static
sensor.c:3265:5:IMU1_SPI1_acc_read	32	static
sensor.c:3287:17:IMU1_read	48	static
sensor.c:3306:6:Knee_data_storeIMU	20	static
sensor.c:3338:6:MPU_9D_store_IMU2_SPI1	32	static
sensor.c:3355:6:MPU_9D_store_IMU4_SPI3	32	static
sensor.c:3378:6:MPU_9D_store_IMU5_SPI3	32	static
sensor.c:3398:6:MPU_9D_store_IMU3_SPI2	0	static
sensor.c:3441:6:Knee_data_store	20	static
sensor.c:3452:6:Knee_data_store1	20	static
sensor.c:3487:6:read_all	40	static
sensor.c:3525:6:MPU1_SPI1_init	56	static
sensor.c:3572:6:MPU2_SPI1_init	56	static
sensor.c:1426:6:P_IMU1_SPI1_Initialization_at_reset	8	static
sensor.c:3619:6:MPU4_SPI3_init	56	static
sensor.c:3668:6:MPU5_SPI3_init	56	static
sensor.c:1465:6:P_IMU4_SPI3_Initialization_at_reset	8	static
sensor.c:3718:6:MPU3_SPI2_init	56	static
sensor.c:1457:6:P_IMU3_SPI2_Initialization_at_reset	8	static
sensor.c:3765:6:calibrate	80	static
sensor.c:3915:9:AK8963_whoami	8	static
sensor.c:3930:14:whoami	0	static
sensor.c:3952:14:whoami2	0	static
sensor.c:3974:5:Enc1_GetPosition	0	static
sensor.c:4027:6:Mag_Enc1_Store	0	static
sensor.c:4066:6:Mag_Enc2_Store	24	static
sensor.c:4104:5:Enc2_GetPosition	24	static
sensor.c:4143:7:knee_angle	8	static
sensor.c:4155:18:IMU_orientation	168	static
