core_cm4.h:1790:22:NVIC_SystemReset	0	static
stm32l4xx_ll_adc.h:6032:22:LL_ADC_REG_StartConversion	0	static
stm32l4xx_ll_bus.h:477:22:LL_AHB2_GRP1_EnableClock	8	static
stm32l4xx_ll_gpio.h:296:22:LL_GPIO_SetPinMode	12	static
stm32l4xx_ll_adc.h:3470:22:LL_ADC_REG_SetSequencerRanks	12	static
stm32l4xx_ll_adc.h:4635:22:LL_ADC_SetChannelSamplingTime	16	static
stm32l4xx_ll_gpio.h:507:22:LL_GPIO_SetPinPull	12	static
stm32l4xx_ll_gpio.h:436:22:LL_GPIO_SetPinSpeed.constprop	8	static
stm32l4xx_ll_rtc.h:1595:26:LL_RTC_DATE_GetDay.constprop	0	static
stm32l4xx_ll_rtc.h:1562:26:LL_RTC_DATE_GetMonth.constprop	0	static
stm32l4xx_ll_rtc.h:1466:26:LL_RTC_DATE_GetYear.constprop	0	static
stm32l4xx_ll_rtc.h:1275:26:LL_RTC_TIME_GetSecond.constprop	0	static
stm32l4xx_ll_rtc.h:1237:26:LL_RTC_TIME_GetMinute.constprop	0	static
stm32l4xx_ll_rtc.h:1199:26:LL_RTC_TIME_GetHour.constprop	0	static
stm32l4xx_ll_bus.h:1477:22:LL_APB2_GRP1_EnableClock.constprop	8	static
sensor.c:130:6:Power_on_reset	8	static
sensor.c:137:6:Configure_Interrupt	0	static
sensor.c:232:6:Shut_Down_USB	8	static
sensor.c:250:6:USB_Clock_Ready	8	static
sensor.c:383:6:DFU_Bypass	16	static
sensor.c:409:6:DFU_Bypass_Bottle_Sensor	16	static
sensor.c:429:6:Bypass_Datalog_Bottle	16	static
sensor.c:438:6:put_low_power_while_charging	8	static
sensor.c:559:6:Prepare_Goto_Dormant_Mode	0	static
sensor.c:565:6:Reset_Variables_for_LowBattery	0	static
sensor.c:596:5:GetNextIndex	592	static
sensor.c:617:9:read_conf_File	584	static
sensor.c:639:6:Try_FATFS_Mount	8	static
sensor.c:661:6:file_reopen_sync	8	static
sensor.c:669:6:file_reopen	8	static
sensor.c:677:6:file_mnt_reopen	8	static
sensor.c:744:6:FATFS_Logstart_Delete	8	static
sensor.c:763:6:FATFS_Logstart_Ready	8	static
sensor.c:831:6:USB_MSC_Init_Start	8	static
sensor.c:842:6:USB_VCP_Init_Start	8	static
sensor.c:850:6:Convert_SD_FileName_Unix_Time	48	static
sensor.c:720:6:FATFS_SD_Open_Ready	8	static
sensor.c:877:6:Store_RTC_Time	32	static
sensor.c:885:6:Store_RTC_Date	32	static
sensor.c:894:6:Read_RTC_Timestamp	8	static
sensor.c:788:6:update_FATFS_time	8	static
sensor.c:243:6:File_Close_Update_Unlink	8	static
sensor.c:225:6:Shut_Down_SD	0	static
sensor.c:869:6:Convert_SD_FileName_RTC_Timestamp	16	static
sensor.c:911:6:Enter_RTC_InitMode	0	static
sensor.c:918:6:Exit_RTC_InitMode	0	static
sensor.c:929:6:MX_RTC_Init	24	static
sensor.c:958:6:Set_RTC_Calendar	40	static
sensor.c:984:6:RTC_BAK_SetRegister	0	static
sensor.c:996:10:RTC_BAK_GetRegister	0	static
sensor.c:1006:9:Bcd2ToByte	0	static
sensor.c:1013:6:BTN_PA10_EXTI_conf	8	static
sensor.c:1022:6:USB_PA9_EXTI_conf	8	static
sensor.c:1054:6:Battery_Monitor_GPIO_init	8	static
sensor.c:1195:6:P_ADC2_conf_strain	0	static
sensor.c:1199:6:ADC_Power_Down	0	static
sensor.c:1372:6:P_IMU4_SPI3_Init	104	static
sensor.c:1481:6:Wait_for_SPI_timeout_While_Datalog	0	static
sensor.c:1491:6:Wait_for_ADC_timeout_While_Datalog	0	static
sensor.c:1353:6:ConversionStartPoll_ADC_GrpRegular_Buf	8	static
sensor.c:1501:6:Wait_for_SPI_TimeOut_	0	static
sensor.c:1510:6:Wait_for_ADC_TimeOut_	0	static
sensor.c:1237:6:P_Activate_ADC3	24	static
sensor.c:1270:6:P_Activate_ADC2	24	static
sensor.c:1303:6:P_Activate_ADC1	24	static
sensor.c:1136:6:P_ADC1_conf_strain	16	static
sensor.c:1032:6:P_ADC_Sensor_GPIO_Init	8	static
sensor.c:1112:6:ADC_conf_strain	16	static
sensor.c:1084:6:P_ADC_conf_strain	24	static
sensor.c:1063:6:ADC_conf_battery	16	static
sensor.c:1204:6:Activate_ADC	0	static
sensor.c:1336:6:ConversionStartPoll_ADC_GrpRegular	16	static
sensor.c:1519:6:MPU_SPI_SendData	8	static
sensor.c:1540:14:WriteReg	8	static
sensor.c:1562:14:WriteReg3	16	static
sensor.c:1584:14:WriteReg3_imu5	16	static
sensor.c:1606:14:WriteReg1	8	static
sensor.c:1628:14:WriteReg1_imu2	8	static
sensor.c:1706:14:WriteReg2	8	static
sensor.c:1728:6:MPU2_SPI2_GetData	0	static
sensor.c:1750:6:MPU_SPI_GetData	0	static
sensor.c:1772:6:ReadRegs	12	static
sensor.c:1820:6:ReadRegs1	12	static
sensor.c:1846:6:ReadRegs1_imu2	12	static
sensor.c:1872:6:ReadRegs3	16	static
sensor.c:1898:6:ReadRegs3_imu5	16	static
sensor.c:1924:6:ReadRegs2	12	static
sensor.c:1950:6:MPU9250_Read_Buf	8	static
sensor.c:1988:6:Strain_Sensor_ADC_store	0	static
sensor.c:2005:6:all_ADC_read_test1	16	static
sensor.c:2029:6:battery_ADC_store_Buff	0	static
sensor.c:2065:5:Read_Loadcell1	8	static
sensor.c:2084:5:Read_Loadcell2	8	static
sensor.c:2103:6:F_Sensor_ADC_Store	24	static
sensor.c:2188:6:read_Toe_ADC	8	static
sensor.c:2206:6:read_Heel_ADC	8	static
sensor.c:2224:6:read_Load1_ADC	8	static
sensor.c:2242:6:read_Load2_ADC	8	static
sensor.c:2260:6:read_add1_ADC	8	static
sensor.c:2278:6:read_add2_ADC	8	static
sensor.c:2296:6:all_ADC_read_test	8	static
sensor.c:2311:6:all_ADC_read	0	static
sensor.c:2319:6:conf_ADC_DMA_poll	8	static
sensor.c:2351:6:Battery_Monitor_Voltage_check	0	static
sensor.c:2355:6:ADC_Reset	0	static
sensor.c:2359:6:Data_Pause_Resume_PC0_EXTI_conf	8	static
sensor.c:2388:6:ACC2_GPIO_INIT	24	static
sensor.c:2489:6:P_IMU3_SPI2_Init	96	static
sensor.c:2547:6:Configure_USART_1	16	static
sensor.c:2570:9:USART1_read	0	static
sensor.c:2578:6:USART1_wr_print	0	static
sensor.c:2590:6:Write_Timestamp_In_SD	32	static
sensor.c:2610:6:FPGA_Programming_loop	0	static
sensor.c:2615:6:prepare_low_battery	0	static
sensor.c:2672:6:Clear_ErrorTimestamp_Buffer	0	static
sensor.c:577:6:Reset_All	8	static
sensor.c:2677:6:Save_ErrorTimestamp_Buffer	24	static
sensor.c:2688:6:AIM_Error_Handler	8	static
sensor.c:115:6:Non_critical_Sensor_Error_Handling	8	static
sensor.c:146:6:FATFS_Init	8	static
sensor.c:2650:6:retry_FATFS_mnt_twice	8	static
sensor.c:165:6:Check_SD_Command_File	24	static
sensor.c:446:6:Execute_VCP_Command	16	static
sensor.c:697:6:Open_File_For_Sensor_Write	16	static
sensor.c:258:6:Datalog_Sensor_Initialization	8	static
sensor.c:268:6:Prepare_Data_Log_State	8	static
sensor.c:467:6:USB_Init_Start	16	static
sensor.c:323:6:Common_USB_Job	8	static
sensor.c:2623:6:Start_Data_Collection_at_Reset	8	static
sensor.c:796:6:SD_Sensor_write	16	static
sensor.c:2773:6:AIM_DataStart_at_Reset	8	static
sensor.c:3004:14:set_acc_scale	8	static
sensor.c:3041:14:set_gyro_scale	8	static
sensor.c:3081:6:calib_acc	24	static
sensor.c:3104:6:calib_mag	16	static
sensor.c:3148:6:read_acc	16	static
sensor.c:3161:6:read_acc_gyro	32	static
sensor.c:3183:6:read_acc_gyro1	32	static
sensor.c:3205:6:read_acc_gyro3	32	static
sensor.c:3227:6:read_acc_gyro2	32	static
sensor.c:3249:6:MPU_9D_store	32	static
sensor.c:3269:5:IMU1_SPI1_acc_read	32	static
sensor.c:3291:17:IMU1_read	48	static
sensor.c:3310:6:Knee_data_storeIMU	20	static
sensor.c:3342:6:MPU_9D_store_IMU2_SPI1	32	static
sensor.c:3359:6:MPU_9D_store_IMU4_SPI3	32	static
sensor.c:3382:6:MPU_9D_store_IMU5_SPI3	32	static
sensor.c:3402:6:MPU_9D_store_IMU3_SPI2	0	static
sensor.c:3445:6:Knee_data_store	20	static
sensor.c:3456:6:Knee_data_store1	20	static
sensor.c:3491:6:read_all	40	static
sensor.c:3529:6:MPU1_SPI1_init	56	static
sensor.c:3576:6:MPU2_SPI1_init	56	static
sensor.c:3623:6:MPU4_SPI3_init	56	static
sensor.c:3672:6:MPU5_SPI3_init	56	static
sensor.c:1471:6:P_IMU4_SPI3_Initialization_at_reset	8	static
sensor.c:3722:6:MPU3_SPI2_init	56	static
sensor.c:1463:6:P_IMU3_SPI2_Initialization_at_reset	8	static
sensor.c:3769:6:calibrate	80	static
sensor.c:3919:9:AK8963_whoami	8	static
sensor.c:3934:14:whoami	0	static
sensor.c:3956:14:whoami2	0	static
sensor.c:3978:5:Enc1_GetPosition	0	static
sensor.c:4031:6:Mag_Enc1_Store	0	static
sensor.c:4070:6:Mag_Enc2_Store	24	static
sensor.c:4108:5:Enc2_GetPosition	24	static
sensor.c:4147:7:knee_angle	8	static
sensor.c:4159:7:IMU_orientation	64	static
