stm32l4xx_ll_bus.h:1477:22:LL_APB2_GRP1_EnableClock	24	static
stm32l4xx_ll_spi.h:378:22:LL_SPI_Enable	16	static
stm32l4xx_ll_spi.h:417:22:LL_SPI_SetMode	16	static
stm32l4xx_ll_spi.h:475:22:LL_SPI_SetClockPhase	16	static
stm32l4xx_ll_spi.h:504:22:LL_SPI_SetClockPolarity	16	static
stm32l4xx_ll_spi.h:538:22:LL_SPI_SetBaudRatePrescaler	16	static
stm32l4xx_ll_spi.h:572:22:LL_SPI_SetTransferBitOrder	16	static
stm32l4xx_ll_spi.h:605:22:LL_SPI_SetTransferDirection	16	static
stm32l4xx_ll_spi.h:647:22:LL_SPI_SetDataWidth	16	static
stm32l4xx_ll_spi.h:685:22:LL_SPI_SetRxFIFOThreshold	16	static
stm32l4xx_ll_spi.h:852:22:LL_SPI_SetNSSMode	16	static
stm32l4xx_ll_spi.h:882:22:LL_SPI_EnableNSSPulseMgt	16	static
stm32l4xx_ll_gpio.h:296:22:LL_GPIO_SetPinMode	40	static
stm32l4xx_ll_gpio.h:365:22:LL_GPIO_SetPinOutputType	24	static
stm32l4xx_ll_gpio.h:436:22:LL_GPIO_SetPinSpeed	40	static
stm32l4xx_ll_gpio.h:507:22:LL_GPIO_SetPinPull	40	static
stm32l4xx_ll_gpio.h:579:22:LL_GPIO_SetAFPin_0_7	40	static
spi1.c:11:6:spi1_init	8	static
spi1.c:46:5:spi1_write	16	static
spi1.c:51:5:spi1_read	16	static
