stm32l4xx_it.c:21:6:NMI_Handler	4	static
stm32l4xx_it.c:34:6:HardFault_Handler	4	static
stm32l4xx_it.c:50:6:MemManage_Handler	4	static
stm32l4xx_it.c:66:6:BusFault_Handler	4	static
stm32l4xx_it.c:82:6:UsageFault_Handler	4	static
stm32l4xx_it.c:98:6:SVC_Handler	4	static
stm32l4xx_it.c:111:6:DebugMon_Handler	4	static
stm32l4xx_it.c:124:6:PendSV_Handler	4	static
stm32l4xx_it.c:137:6:SysTick_Handler	8	static
stm32l4xx_it.c:159:6:OTG_FS_IRQHandler	8	static
stm32l4xx_it.c:177:6:DMA2_Channel4_IRQHandler	8	static
stm32l4xx_it.c:194:6:SDMMC1_IRQHandler	8	static
stm32l4xx_it.c:204:6:USARTx_DMA_TX_IRQHandler	8	static
stm32l4xx_it.c:214:6:USARTx_IRQHandler	8	static
stm32l4xx_it.c:224:6:TIMx_IRQHandler	8	static
