stm32l4xx_ll_bus.h:907:22:LL_APB1_GRP1_EnableClock	8	static
stm32l4xx_ll_rcc.h:2391:22:LL_RCC_SetUSBClockSource.constprop	0	static
time_functions.c:12:6:delay_us	0	static
time_functions.c:21:6:Wait_for_VCP	0	static
time_functions.c:36:6:Wait_for_MSC	0	static
time_functions.c:51:6:Wait_for_DFU	0	static
time_functions.c:67:6:Timeout_loop	0	static
time_functions.c:78:6:Start_LPTIMCounter2	0	static
time_functions.c:106:6:LSE_ON	0	static
time_functions.c:118:6:MSI_ON	0	static
time_functions.c:126:6:MSI_OFF	0	static
time_functions.c:131:6:LSE_OFF	0	static
time_functions.c:137:6:HSI_OFF	0	static
time_functions.c:142:6:HSI_ON	0	static
time_functions.c:151:6:EnterStop	8	static
time_functions.c:86:6:Start_LPTIMCounter1	8	static
time_functions.c:162:6:EnterLPS	0	static
time_functions.c:180:6:wakeUpFromLPS	0	static
time_functions.c:206:6:SystemClock_Config_MSI_80MHz	80	static
time_functions.c:252:6:SystemClock_Config_MSI_48MHz	80	static
time_functions.c:286:6:Configure_LPTIM2_Int	8	static
time_functions.c:297:6:Configure_LPTIM1_Int	8	static
