stm32l4xx_ll_rtc.h:1199:26:LL_RTC_TIME_GetHour	32	static
stm32l4xx_ll_rtc.h:1237:26:LL_RTC_TIME_GetMinute	32	static
stm32l4xx_ll_rtc.h:1275:26:LL_RTC_TIME_GetSecond	32	static
stm32l4xx_ll_rtc.h:1466:26:LL_RTC_DATE_GetYear	32	static
stm32l4xx_ll_rtc.h:1562:26:LL_RTC_DATE_GetMonth	32	static
stm32l4xx_ll_rtc.h:1595:26:LL_RTC_DATE_GetDay	32	static
usbd_storage.c:75:8:STORAGE_Init	16	static
usbd_storage.c:89:8:STORAGE_GetCapacity	128	static
usbd_storage.c:110:8:STORAGE_IsReady	24	static
usbd_storage.c:140:8:STORAGE_IsWriteProtected	16	static
usbd_storage.c:152:8:STORAGE_Read	48	static
usbd_storage.c:171:8:STORAGE_Write	48	static
usbd_storage.c:188:8:STORAGE_GetMaxLun	4	static
usbd_storage.c:569:17:USBD_CDC_Init	24	static
usbd_storage.c:657:17:USBD_CDC_DeInit	24	static
usbd_storage.c:693:17:USBD_CDC_Setup	24	static
usbd_storage.c:758:17:USBD_CDC_DataIn	24	static
usbd_storage.c:782:17:USBD_CDC_DataOut	24	static
usbd_storage.c:812:17:USBD_CDC_EP0_RxReady	24	static
usbd_storage.c:834:18:USBD_CDC_GetFSCfgDesc	16	static
usbd_storage.c:847:18:USBD_CDC_GetHSCfgDesc	16	static
usbd_storage.c:860:18:USBD_CDC_GetOtherSpeedCfgDesc	16	static
usbd_storage.c:872:11:USBD_CDC_GetDeviceQualifierDescriptor	16	static
usbd_storage.c:884:10:USBD_CDC_RegisterInterface	24	static
usbd_storage.c:904:10:USBD_CDC_SetTxBuffer	32	static
usbd_storage.c:923:10:USBD_CDC_SetRxBuffer	24	static
usbd_storage.c:940:10:USBD_CDC_TransmitPacket	24	static
usbd_storage.c:977:10:USBD_CDC_ReceivePacket	24	static
usbd_storage.c:1064:15:CDC_Itf_Init	8	static
usbd_storage.c:1120:15:CDC_Itf_DeInit	8	static
usbd_storage.c:1139:15:CDC_Itf_Control	16	static
usbd_storage.c:1204:6:HAL_TIM_PeriodElapsedCallback	24	static
usbd_storage.c:1240:6:HAL_UART_RxCpltCallback	16	static
usbd_storage.c:1275:6:VCP_Tx_to_PC	64	static
usbd_storage.c:1288:15:CDC_Itf_Receive	56	static
usbd_storage.c:1452:6:HAL_UART_TxCpltCallback	16	static
usbd_storage.c:1475:13:ComPort_Config	8	static
usbd_storage.c:1551:13:TIM_Config	8	static
usbd_storage.c:1573:6:HAL_UART_ErrorCallback	16	static
