usbd_storage.c:140:8:STORAGE_IsWriteProtected	0	static
usbd_storage.c:188:8:STORAGE_GetMaxLun	0	static
usbd_storage.c:758:17:USBD_CDC_DataIn	0	static
usbd_storage.c:812:17:USBD_CDC_EP0_RxReady	8	static
usbd_storage.c:834:18:USBD_CDC_GetFSCfgDesc	0	static
usbd_storage.c:847:18:USBD_CDC_GetHSCfgDesc	0	static
usbd_storage.c:860:18:USBD_CDC_GetOtherSpeedCfgDesc	0	static
usbd_storage.c:872:11:USBD_CDC_GetDeviceQualifierDescriptor	0	static
usbd_storage.c:75:8:STORAGE_Init	8	static
usbd_storage.c:89:8:STORAGE_GetCapacity	104	static
usbd_storage.c:152:8:STORAGE_Read	24	static
usbd_storage.c:171:8:STORAGE_Write	24	static
usbd_storage.c:782:17:USBD_CDC_DataOut	16	static
usbd_storage.c:693:17:USBD_CDC_Setup	24	static
usbd_storage.c:657:17:USBD_CDC_DeInit	8	static
usbd_storage.c:569:17:USBD_CDC_Init	24	static
usbd_storage.c:1120:15:CDC_Itf_DeInit	8	static
usbd_storage.c:1064:15:CDC_Itf_Init	16	static
usbd_storage.c:110:8:STORAGE_IsReady	8	static
usbd_storage.c:1139:15:CDC_Itf_Control	16	static
stm32l4xx_ll_rtc.h:1595:26:LL_RTC_DATE_GetDay.constprop	0	static
stm32l4xx_ll_rtc.h:1562:26:LL_RTC_DATE_GetMonth.constprop	0	static
stm32l4xx_ll_rtc.h:1466:26:LL_RTC_DATE_GetYear.constprop	0	static
stm32l4xx_ll_rtc.h:1275:26:LL_RTC_TIME_GetSecond.constprop	0	static
stm32l4xx_ll_rtc.h:1237:26:LL_RTC_TIME_GetMinute.constprop	0	static
stm32l4xx_ll_rtc.h:1199:26:LL_RTC_TIME_GetHour.constprop	0	static
usbd_storage.c:884:10:USBD_CDC_RegisterInterface	0	static
usbd_storage.c:904:10:USBD_CDC_SetTxBuffer	0	static
usbd_storage.c:923:10:USBD_CDC_SetRxBuffer	0	static
usbd_storage.c:940:10:USBD_CDC_TransmitPacket	8	static
usbd_storage.c:977:10:USBD_CDC_ReceivePacket	8	static
usbd_storage.c:1288:15:CDC_Itf_Receive	64	static
usbd_storage.c:1204:6:HAL_TIM_PeriodElapsedCallback	16	static
usbd_storage.c:1240:6:HAL_UART_RxCpltCallback	0	static
usbd_storage.c:1275:6:VCP_Tx_to_PC	64	static
usbd_storage.c:1452:6:HAL_UART_TxCpltCallback	16	static
usbd_storage.c:1573:6:HAL_UART_ErrorCallback	0	static
