usbd_storage.c:141:8:STORAGE_IsWriteProtected	0	static
usbd_storage.c:189:8:STORAGE_GetMaxLun	0	static
usbd_storage.c:759:17:USBD_CDC_DataIn	0	static
usbd_storage.c:813:17:USBD_CDC_EP0_RxReady	8	static
usbd_storage.c:835:18:USBD_CDC_GetFSCfgDesc	0	static
usbd_storage.c:848:18:USBD_CDC_GetHSCfgDesc	0	static
usbd_storage.c:861:18:USBD_CDC_GetOtherSpeedCfgDesc	0	static
usbd_storage.c:873:11:USBD_CDC_GetDeviceQualifierDescriptor	0	static
usbd_storage.c:76:8:STORAGE_Init	8	static
usbd_storage.c:90:8:STORAGE_GetCapacity	104	static
usbd_storage.c:153:8:STORAGE_Read	24	static
usbd_storage.c:172:8:STORAGE_Write	24	static
usbd_storage.c:783:17:USBD_CDC_DataOut	16	static
usbd_storage.c:694:17:USBD_CDC_Setup	24	static
usbd_storage.c:658:17:USBD_CDC_DeInit	8	static
usbd_storage.c:570:17:USBD_CDC_Init	24	static
usbd_storage.c:1121:15:CDC_Itf_DeInit	8	static
usbd_storage.c:1065:15:CDC_Itf_Init	16	static
usbd_storage.c:111:8:STORAGE_IsReady	8	static
usbd_storage.c:1140:15:CDC_Itf_Control	16	static
stm32l4xx_ll_rtc.h:1595:26:LL_RTC_DATE_GetDay.constprop	0	static
stm32l4xx_ll_rtc.h:1562:26:LL_RTC_DATE_GetMonth.constprop	0	static
stm32l4xx_ll_rtc.h:1466:26:LL_RTC_DATE_GetYear.constprop	0	static
stm32l4xx_ll_rtc.h:1275:26:LL_RTC_TIME_GetSecond.constprop	0	static
stm32l4xx_ll_rtc.h:1237:26:LL_RTC_TIME_GetMinute.constprop	0	static
stm32l4xx_ll_rtc.h:1199:26:LL_RTC_TIME_GetHour.constprop	0	static
usbd_storage.c:885:10:USBD_CDC_RegisterInterface	0	static
usbd_storage.c:905:10:USBD_CDC_SetTxBuffer	0	static
usbd_storage.c:924:10:USBD_CDC_SetRxBuffer	0	static
usbd_storage.c:941:10:USBD_CDC_TransmitPacket	8	static
usbd_storage.c:978:10:USBD_CDC_ReceivePacket	8	static
usbd_storage.c:1289:15:CDC_Itf_Receive	64	static
usbd_storage.c:1205:6:HAL_TIM_PeriodElapsedCallback	16	static
usbd_storage.c:1241:6:HAL_UART_RxCpltCallback	0	static
usbd_storage.c:1276:6:VCP_Tx_to_PC	64	static
usbd_storage.c:1453:6:HAL_UART_TxCpltCallback	16	static
usbd_storage.c:1574:6:HAL_UART_ErrorCallback	0	static
