usbd_conf.c:73:6:HAL_PCD_MspInit	48	static
usbd_conf.c:114:6:HAL_PCD_MspDeInit	0	static
usbd_conf.c:130:6:HAL_PCD_SetupStageCallback	0	static
usbd_conf.c:141:6:HAL_PCD_DataOutStageCallback	0	static
usbd_conf.c:152:6:HAL_PCD_DataInStageCallback	0	static
usbd_conf.c:162:6:HAL_PCD_SOFCallback	0	static
usbd_conf.c:172:6:HAL_PCD_ResetCallback	8	static
usbd_conf.c:186:6:HAL_PCD_SuspendCallback	0	static
usbd_conf.c:196:6:HAL_PCD_ResumeCallback	0	static
usbd_conf.c:207:6:HAL_PCD_ISOOUTIncompleteCallback	0	static
usbd_conf.c:218:6:HAL_PCD_ISOINIncompleteCallback	0	static
usbd_conf.c:228:6:HAL_PCD_ConnectCallback	0	static
usbd_conf.c:238:6:HAL_PCD_DisconnectCallback	0	static
usbd_conf.c:253:20:USBD_LL_Init	24	static
usbd_conf.c:287:20:USBD_LL_DeInit	8	static
usbd_conf.c:298:20:USBD_LL_Start	8	static
usbd_conf.c:309:20:USBD_LL_Stop	8	static
usbd_conf.c:323:20:USBD_LL_OpenEP	8	static
usbd_conf.c:342:20:USBD_LL_CloseEP	8	static
usbd_conf.c:354:20:USBD_LL_FlushEP	8	static
usbd_conf.c:366:20:USBD_LL_StallEP	8	static
usbd_conf.c:378:20:USBD_LL_ClearStallEP	8	static
usbd_conf.c:390:9:USBD_LL_IsStallEP	0	static
usbd_conf.c:410:20:USBD_LL_SetUSBAddress	8	static
usbd_conf.c:424:20:USBD_LL_Transmit	8	static
usbd_conf.c:441:20:USBD_LL_PrepareReceive	8	static
usbd_conf.c:456:10:USBD_LL_GetRxDataSize	8	static
usbd_conf.c:465:6:HAL_GPIO_EXTI_Callback	0	static
usbd_conf.c:478:6:USBD_LL_Delay	0	static
