usbd_core.c:97:20:USBD_Init	8	static
usbd_core.c:127:20:Battey_Charge_Mode	0	static
usbd_core.c:142:20:USBD_DeInit	8	static
usbd_core.c:167:21:USBD_RegisterClass	0	static
usbd_core.c:191:21:USBD_Start	8	static
usbd_core.c:206:21:USBD_Stop	8	static
usbd_core.c:223:21:USBD_RunTestMode	0	static
usbd_core.c:237:20:USBD_SetClassConfig	8	static
usbd_core.c:259:20:USBD_ClrClassConfig	8	static
usbd_core.c:273:20:USBD_LL_SetupStage	16	static
usbd_core.c:309:20:USBD_LL_DataOutStage	16	static
usbd_core.c:353:20:USBD_LL_DataInStage	16	static
usbd_core.c:425:20:USBD_LL_Reset	16	static
usbd_core.c:461:20:USBD_LL_SetSpeed	0	static
usbd_core.c:474:20:USBD_LL_Suspend	0	static
usbd_core.c:488:20:USBD_LL_Resume	0	static
usbd_core.c:501:20:USBD_LL_SOF	8	static
usbd_core.c:519:20:USBD_LL_IsoINIncomplete	0	static
usbd_core.c:530:20:USBD_LL_IsoOUTIncomplete	0	static
usbd_core.c:541:20:USBD_LL_DevConnected	0	static
usbd_core.c:552:20:USBD_LL_DevDisconnected	8	static
